******************************************************************************
                  TI ARM Linker PC v15.12.1                    
******************************************************************************
>> Linked Wed Nov 18 02:48:06 2020

OUTPUT FILE NAME:   <JTKJ_labra.out>
ENTRY POINT SYMBOL: "ResetISR"  address: 0000983d


MEMORY CONFIGURATION

         name            origin    length      used     unused   attr    fill
----------------------  --------  ---------  --------  --------  ----  --------
  FLASH                 00000000   00020000  0000ba6a  00014596  R  X
  SRAM                  20000000   00005000  00002ea1  0000215f  RW X


SEGMENT ALLOCATION MAP

run origin  load origin   length   init length attrs members
----------  ----------- ---------- ----------- ----- -------
00000000    00000000    0000003c   0000003c    r--
  00000000    00000000    0000003c   0000003c    r-- .resetVecs
00000100    00000100    0000b9e4   0000b9e4    r-x
  00000100    00000100    0000003c   0000003c    r-- .const:ti_sysbios_knl_Task_Object__PARAMS__C
  0000013c    0000013c    00000034   00000034    r-- .const:ti_sysbios_knl_Mailbox_Object__PARAMS__C
  00000170    00000170    00000030   00000030    r-- .const:ti_sysbios_family_arm_m3_Hwi_Object__PARAMS__C
  000001a0    000001a0    0000002c   0000002c    r-- .const:ti_sysbios_hal_Hwi_Object__PARAMS__C
  000001cc    000001cc    00000028   00000028    r-- .const:ti_sysbios_heaps_HeapMem_Module__FXNS__C
  000001f4    000001f4    00000028   00000028    r-- .const:ti_sysbios_knl_Swi_Object__PARAMS__C
  0000021c    0000021c    00000024   00000024    r-- .const:ti_sysbios_gates_GateHwi_Module__FXNS__C
  00000240    00000240    00000024   00000024    r-- .const:ti_sysbios_gates_GateMutex_Module__FXNS__C
  00000264    00000264    00000024   00000024    r-- .const:ti_sysbios_heaps_HeapMem_Object__PARAMS__C
  00000288    00000288    00000024   00000024    r-- .const:ti_sysbios_knl_Clock_Object__PARAMS__C
  000002ac    000002ac    00000024   00000024    r-- .const:ti_sysbios_knl_Semaphore_Object__PARAMS__C
  000002d0    000002d0    00000020   00000020    r-- .const:ti_sysbios_family_arm_m3_Hwi_Object__DESC__C
  000002f0    000002f0    00000020   00000020    r-- .const:ti_sysbios_gates_GateHwi_Object__DESC__C
  00000310    00000310    00000020   00000020    r-- .const:ti_sysbios_gates_GateMutex_Object__DESC__C
  00000330    00000330    00000020   00000020    r-- .const:ti_sysbios_hal_Hwi_Object__DESC__C
  00000350    00000350    00000020   00000020    r-- .const:ti_sysbios_heaps_HeapMem_Object__DESC__C
  00000370    00000370    00000020   00000020    r-- .const:ti_sysbios_knl_Clock_Object__DESC__C
  00000390    00000390    00000020   00000020    r-- .const:ti_sysbios_knl_Mailbox_Object__DESC__C
  000003b0    000003b0    00000020   00000020    r-- .const:ti_sysbios_knl_Queue_Object__DESC__C
  000003d0    000003d0    00000020   00000020    r-- .const:ti_sysbios_knl_Semaphore_Object__DESC__C
  000003f0    000003f0    00000020   00000020    r-- .const:ti_sysbios_knl_Swi_Object__DESC__C
  00000410    00000410    00000020   00000020    r-- .const:ti_sysbios_knl_Task_Object__DESC__C
  00000430    00000430    00000018   00000018    r-- .const:ti_sysbios_gates_GateHwi_Object__PARAMS__C
  00000448    00000448    00000018   00000018    r-- .const:ti_sysbios_gates_GateMutex_Object__PARAMS__C
  00000460    00000460    00000018   00000018    r-- .const:ti_sysbios_knl_Queue_Object__PARAMS__C
  00000478    00000478    00000008   00000008    r-- .const:ti_sysbios_knl_Idle_funcList__C
  00000484    00000484    00000004   00000004    r-- .const:ti_sysbios_family_arm_cc26xx_Timer_startupNeeded__C
  00000488    00000488    00000004   00000004    r-- .const:ti_sysbios_family_arm_m3_Hwi_E_alreadyDefined__C
  0000048c    0000048c    00000004   00000004    r-- .const:ti_sysbios_family_arm_m3_Hwi_E_hwiLimitExceeded__C
  00000490    00000490    00000004   00000004    r-- .const:ti_sysbios_family_arm_m3_Hwi_NUM_INTERRUPTS__C
  00000494    00000494    00000004   00000004    r-- .const:ti_sysbios_family_arm_m3_Hwi_Object__count__C
  00000498    00000498    00000004   00000004    r-- .const:ti_sysbios_family_arm_m3_Hwi_Object__table__C
  0000049c    0000049c    00000004   00000004    r-- .const:ti_sysbios_family_arm_m3_Hwi_ccr__C
  000004a0    000004a0    00000004   00000004    r-- .const:ti_sysbios_family_arm_m3_Hwi_excHandlerFunc__C
  000004a4    000004a4    00000004   00000004    r-- .const:ti_sysbios_family_arm_m3_Hwi_nullIsrFunc__C
  000004a8    000004a8    00000004   00000004    r-- .const:ti_sysbios_family_arm_m3_Hwi_numSparseInterrupts__C
  000004ac    000004ac    00000004   00000004    r-- .const:ti_sysbios_family_arm_m3_Hwi_priGroup__C
  000004b0    000004b0    00000004   00000004    r-- .const:ti_sysbios_family_arm_m3_TaskSupport_stackAlignment__C
  000004b4    000004b4    00000004   00000004    r-- .const:ti_sysbios_heaps_HeapMem_E_memory__C
  000004b8    000004b8    00000004   00000004    r-- .const:ti_sysbios_heaps_HeapMem_Module__gateObj__C
  000004bc    000004bc    00000004   00000004    r-- .const:ti_sysbios_heaps_HeapMem_Object__count__C
  000004c0    000004c0    00000004   00000004    r-- .const:ti_sysbios_heaps_HeapMem_Object__table__C
  000004c4    000004c4    00000004   00000004    r-- .const:ti_sysbios_heaps_HeapMem_reqAlign__C
  000004c8    000004c8    00000004   00000004    r-- .const:ti_sysbios_knl_Clock_serviceMargin__C
  000004cc    000004cc    00000004   00000004    r-- .const:ti_sysbios_knl_Mailbox_Object__count__C
  000004d0    000004d0    00000004   00000004    r-- .const:ti_sysbios_knl_Mailbox_Object__table__C
  000004d4    000004d4    00000004   00000004    r-- .const:ti_sysbios_knl_Queue_Object__count__C
  000004d8    000004d8    00000004   00000004    r-- .const:ti_sysbios_knl_Queue_Object__table__C
  000004dc    000004dc    00000004   00000004    r-- .const:ti_sysbios_knl_Swi_Object__count__C
  000004e0    000004e0    00000004   00000004    r-- .const:ti_sysbios_knl_Swi_Object__table__C
  000004e4    000004e4    00000004   00000004    r-- .const:ti_sysbios_knl_Swi_numPriorities__C
  000004e8    000004e8    00000004   00000004    r-- .const:ti_sysbios_knl_Task_Object__count__C
  000004ec    000004ec    00000004   00000004    r-- .const:ti_sysbios_knl_Task_Object__table__C
  000004f0    000004f0    00000004   00000004    r-- .const:ti_sysbios_knl_Task_allBlockedFunc__C
  000004f4    000004f4    00000004   00000004    r-- .const:ti_sysbios_knl_Task_defaultStackHeap__C
  000004f8    000004f8    00000004   00000004    r-- .const:ti_sysbios_knl_Task_defaultStackSize__C
  000004fc    000004fc    00000004   00000004    r-- .const:ti_sysbios_knl_Task_numConstructedTasks__C
  00000502    00000502    00000002   00000002    r-- .const:ti_sysbios_family_arm_cc26xx_Timer_Module__id__C
  00000504    00000504    00000002   00000002    r-- .const:ti_sysbios_family_arm_cc26xx_TimestampProvider_useClockTimer__C
  00000506    00000506    00000002   00000002    r-- .const:ti_sysbios_family_arm_m3_Hwi_Module__id__C
  00000508    00000508    00000002   00000002    r-- .const:ti_sysbios_gates_GateHwi_Module__id__C
  0000050a    0000050a    00000002   00000002    r-- .const:ti_sysbios_gates_GateMutex_Module__id__C
  0000050c    0000050c    00000002   00000002    r-- .const:ti_sysbios_heaps_HeapMem_Module__id__C
  0000050e    0000050e    00000002   00000002    r-- .const:ti_sysbios_knl_Task_initStackFlag__C
  00000510    00000510    00000001   00000001    r-- .const:ti_sysbios_knl_Clock_tickMode__C
  00000514    00000514    00000008   00000008    r-- .const:xdc_runtime_Startup_firstFxns__C
  0000051c    0000051c    00000008   00000008    r-- .const:xdc_runtime_Startup_lastFxns__C
  00000524    00000524    00000004   00000004    r-- .const:xdc_runtime_Assert_E_assertFailed__C
  00000528    00000528    00000004   00000004    r-- .const:xdc_runtime_Error_E_memory__C
  0000052c    0000052c    00000004   00000004    r-- .const:xdc_runtime_Error_policyFxn__C
  00000530    00000530    00000004   00000004    r-- .const:xdc_runtime_IGateProvider_Interface__BASE__C
  00000534    00000534    00000004   00000004    r-- .const:xdc_runtime_IHeap_Interface__BASE__C
  00000538    00000538    00000004   00000004    r-- .const:xdc_runtime_IModule_Interface__BASE__C
  0000053c    0000053c    00000004   00000004    r-- .const:xdc_runtime_Main_Module__diagsEnabled__C
  00000540    00000540    00000004   00000004    r-- .const:xdc_runtime_Main_Module__diagsIncluded__C
  00000544    00000544    00000004   00000004    r-- .const:xdc_runtime_Main_Module__diagsMask__C
  00000548    00000548    00000004   00000004    r-- .const:xdc_runtime_Memory_defaultHeapInstance__C
  0000054c    0000054c    00000004   00000004    r-- .const:xdc_runtime_Startup_execImpl__C
  00000550    00000550    00000004   00000004    r-- .const:xdc_runtime_Startup_maxPasses__C
  00000554    00000554    00000004   00000004    r-- .const:xdc_runtime_Startup_sfxnRts__C
  00000558    00000558    00000004   00000004    r-- .const:xdc_runtime_Startup_sfxnTab__C
  0000055c    0000055c    00000004   00000004    r-- .const:xdc_runtime_Startup_startModsFxn__C
  00000560    00000560    00000004   00000004    r-- .const:xdc_runtime_SysCallback_abortFxn__C
  00000564    00000564    00000004   00000004    r-- .const:xdc_runtime_SysCallback_exitFxn__C
  00000568    00000568    00000004   00000004    r-- .const:xdc_runtime_System_abortFxn__C
  0000056c    0000056c    00000004   00000004    r-- .const:xdc_runtime_System_exitFxn__C
  00000570    00000570    00000004   00000004    r-- .const:xdc_runtime_System_maxAtexitHandlers__C
  00000574    00000574    00000004   00000004    r-- .const:xdc_runtime_Text_charTab__C
  00000578    00000578    00000004   00000004    r-- .const:xdc_runtime_Text_nameEmpty__C
  0000057c    0000057c    00000004   00000004    r-- .const:xdc_runtime_Text_nameStatic__C
  00000580    00000580    00000004   00000004    r-- .const:xdc_runtime_Text_nameUnknown__C
  00000584    00000584    00000002   00000002    r-- .const:xdc_runtime_Main_Module__id__C
  00000586    00000586    00000002   00000002    r-- .const:xdc_runtime_Memory_Module__id__C
  00000588    00000588    00000002   00000002    r-- .const:xdc_runtime_Text_charCnt__C
  0000058a    0000058a    00000002   00000002    r-- .const:xdc_runtime_Text_isLoaded__C
  0000058c    0000058c    00000001   00000001    r-- .const:xdc_runtime_Error_policy__C
  00000590    00000590    00000004   00000004    r-- .const:ti_sysbios_rom_ROM_AONRTCChannelEnable
  00000594    00000594    00000004   00000004    r-- .const:ti_sysbios_rom_ROM_AONRTCCompareValueSet
  00000598    00000598    00000004   00000004    r-- .const:ti_sysbios_rom_ROM_AONRTCCurrentCompareValueGet
  0000059c    0000059c    00000004   00000004    r-- .const:ti_sysbios_rom_ROM_AONRTCEventClear
  000005a0    000005a0    00000004   00000004    r-- .const:ti_sysbios_rom_ROM_ti_sysbios_family_arm_cc26xx_Timer_getCount64__E
  000005a4    000005a4    00000004   00000004    r-- .const:ti_sysbios_rom_ROM_ti_sysbios_family_arm_cc26xx_Timer_getCurrentTick__E
  000005a8    000005a8    00000004   00000004    r-- .const:ti_sysbios_rom_ROM_ti_sysbios_family_arm_cc26xx_Timer_getMaxTicks__E
  000005ac    000005ac    00000004   00000004    r-- .const:ti_sysbios_rom_ROM_ti_sysbios_family_arm_cc26xx_Timer_initDevice__I
  000005b0    000005b0    00000004   00000004    r-- .const:ti_sysbios_rom_ROM_ti_sysbios_family_arm_cc26xx_Timer_setNextTick__E
  000005b4    000005b4    00000004   00000004    r-- .const:ti_sysbios_rom_ROM_ti_sysbios_family_arm_cc26xx_Timer_setThreshold__I
  000005b8    000005b8    00000004   00000004    r-- .const:ti_sysbios_rom_ROM_ti_sysbios_family_arm_cc26xx_Timer_start__E
  000005bc    000005bc    00000004   00000004    r-- .const:ti_sysbios_rom_ROM_ti_sysbios_family_arm_cc26xx_TimestampProvider_get32__E
  000005c0    000005c0    00000004   00000004    r-- .const:ti_sysbios_rom_ROM_xdc_runtime_Startup_getState__I
  000005c4    000005c4    00000004   00000004    r-- .const:ti_sysbios_rom_ROM_xdc_runtime_System_SupportProxy_abort__E
  000005c8    000005c8    00000004   00000004    r-- .const:ti_sysbios_rom_ROM_xdc_runtime_System_SupportProxy_exit__E
  000005cc    000005cc    00000004   00000004    r-- .const:ti_sysbios_gates_GateMutex_Instance_State_sem__O
  000005d0    000005d0    00000004   00000004    r-- .const:ti_sysbios_knl_Clock_Module_State_clockQ__O
  000005d4    000005d4    00000004   00000004    r-- .const:ti_sysbios_knl_Mailbox_Instance_State_dataQue__O
  000005d8    000005d8    00000004   00000004    r-- .const:ti_sysbios_knl_Mailbox_Instance_State_dataSem__O
  000005dc    000005dc    00000004   00000004    r-- .const:ti_sysbios_knl_Mailbox_Instance_State_freeQue__O
  000005e0    000005e0    00000004   00000004    r-- .const:ti_sysbios_knl_Mailbox_Instance_State_freeSem__O
  000005e4    000005e4    00000004   00000004    r-- .const:ti_sysbios_knl_Semaphore_Instance_State_pendQ__O
  000005e8    000005e8    00000004   00000004    r-- .const:ti_sysbios_knl_Task_Module_State_inactiveQ__O
  000005ec    000005ec    0000a794   0000a794    r-x .text
  0000ad80    0000ad80    0000093e   0000093e    r-- .const
  0000b6c0    0000b6c0    00000424   00000424    r-- .cinit
0001ffa8    0001ffa8    00000058   00000058    r--
  0001ffa8    0001ffa8    00000058   00000058    r-- .ccfg
20000000    20000000    000000c8   00000000    rw-
  20000000    20000000    000000c8   00000000    rw- .vecs
20000100    20000100    00000104   00000000    rw-
  20000100    20000100    00000044   00000000    rw- .data:ti_sysbios_knl_Task_Module__state__V
  20000144    20000144    00000034   00000000    rw- .data:ti_sysbios_family_arm_m3_Hwi_Module__state__V
  20000178    20000178    0000002c   00000000    rw- .data:ti_sysbios_knl_Clock_Module__state__V
  200001a4    200001a4    00000024   00000000    rw- .data:ti_sysbios_BIOS_Module__state__V
  200001c8    200001c8    0000001c   00000000    rw- .data:ti_sysbios_knl_Swi_Module__state__V
  200001e4    200001e4    00000008   00000000    rw- .data:ti_sysbios_family_arm_cc26xx_Timer_Module__state__V
  200001ec    200001ec    00000004   00000000    rw- .data:ti_sysbios_family_arm_cc26xx_TimestampProvider_Module__state__V
  200001f0    200001f0    00000008   00000000    rw- .data:xdc_runtime_Startup_Module__state__V
  200001f8    200001f8    00000008   00000000    rw- .data:xdc_runtime_System_Module__state__V
  20000200    20000200    00000004   00000000    rw- .data:xdc_runtime_Memory_Module__state__V
20000430    20000430    00000010   00000000    rw-
  20000430    20000430    00000010   00000000    rw- .TI.bound:dmaSpi0RxControlTableEntry
20000440    20000440    00000010   00000000    rw-
  20000440    20000440    00000010   00000000    rw- .TI.bound:dmaSpi0TxControlTableEntry
20000500    20000500    00000010   00000000    rw-
  20000500    20000500    00000010   00000000    rw- .TI.bound:dmaSpi1RxControlTableEntry
20000510    20000510    000029aa   00000000    rw-
  20000510    20000510    00000010   00000000    rw- .TI.bound:dmaSpi1TxControlTableEntry
  20000520    20000520    0000250b   00000000    rw- .bss
  20002a30    20002a30    0000048a   00000000    rw- .data
20004d00    20004d00    00000300   00000000    rw-
  20004d00    20004d00    00000300   00000000    rw- .stack


SECTION ALLOCATION MAP

 output                                  attributes/
section   page    origin      length       input sections
--------  ----  ----------  ----------   ----------------
.text      0    000005ec    0000a794     
                  000005ec    000010f0     rtsv7M3_T_le_eabi.lib : _printfi.obj (.text)
                  000016dc    000009b0                           : e_pow.obj (.text)
                  0000208c    00000578     mpu9250.obj (.text:MPU9250SelfTest)
                  00002604    000004c4     mpu9250.obj (.text:accelgyrocalMPU9250)
                  00002ac8    00000338     rom_sysbios.obj (.text:xdc_runtime_System_doPrint__I)
                  00002e00    00000324     rtsv7M3_T_le_eabi.lib : trgdrv.obj (.text)
                  00003124    000002e8     grlib.aem3 : string.oem3 (.text:GrStringDraw)
                  0000340c    000002e0     main.obj (.text:SM_mpu)
                  000036ec    00000268     CWC_CC2650_154Drv.obj (.text:CWC_CC2650_154_Init)
                  00003954    00000228     drivers_cc26xxware.aem3 : PowerCC26XX.oem3 (.text:Power_sleep)
                  00003b7c    00000204     driverlib.lib : sys_ctrl.obj (.text:NOROM_SysCtrlSetRechargeBeforePowerDown)
                  00003d80    00000200     main.obj (.text:labTaskFxn)
                  00003f80    000001f4     rtsv7M3_T_le_eabi.lib : ull_div_t2.obj (.text)
                  00004174    000001e8     main.obj (.text:main)
                  0000435c    000001dc     labra_pem3.oem3 (.text:xdc_runtime_System_printfExtend__I)
                  00004538    000001d0     drivers_cc26xxware.aem3 : PowerCC26XX_calibrateRCOSC.oem3 (.text:calibrateRcoscHf1)
                  00004708    000001c4                             : PINCC26XX.oem3 (.text:PIN_init)
                  000048cc    000001b6     rtsv7M3_T_le_eabi.lib : fd_add_t2.obj (.text)
                  00004a82    00000002     drivers_cc26xxware.aem3 : SPICC26XXDMA.oem3 (.text:SPICC26XXDMA_serviceISR)
                  00004a84    00000190                             : UARTCC26XX.oem3 (.text:UARTCC26XX_open)
                  00004c14    00000184                             : PowerCC26XX_calibrateRCOSC.oem3 (.text:PowerCC26XX_doCalibrate)
                  00004d98    00000184     rtsv7M3_T_le_eabi.lib : e_sqrt.obj (.text)
                  00004f1c    00000160     drivers_cc26xxware.aem3 : SPICC26XXDMA.oem3 (.text:SPICC26XXDMA_initIO)
                  0000507c    00000148                             : SPICC26XXDMA.oem3 (.text:SPICC26XXDMA_open)
                  000051c4    00000140     display.aem3 : DisplaySharp.oem3 (.text:DisplaySharp_open)
                  00005304    00000136     rtsv7M3_T_le_eabi.lib : fd_div_t2.obj (.text)
                  0000543a    00000002     drivers_cc26xxware.aem3 : PowerCC26XX.oem3 (.text:emptyClockFunc)
                  0000543c    00000134     main.obj (.text:SM_bp)
                  00005570    00000130     driverlib.lib : setup.obj (.text:NOROM_SetupAfterColdResetWakeupFromShutDownCfg3)
                  000056a0    0000011c     drivers_cc26xxware.aem3 : PowerCC26XX.oem3 (.text:Power_init)
                  000057bc    00000108     main.obj (.text:SM_b1)
                  000058c4    00000100     lcd.aem3 : SharpGrLib.oem3 (.text:SharpGrLib_flush)
                  000059c4    000000fc     drivers_cc26xxware.aem3 : UARTCC26XX.oem3 (.text:UARTCC26XX_write)
                  00005ac0    000000fc     rtsv7M3_T_le_eabi.lib : fd_mul_t2.obj (.text)
                  00005bbc    000000fa                           : fs_add_t2.obj (.text)
                  00005cb6    00000002                           : i_div0.obj (.text)
                  00005cb8    000000f8     drivers_cc26xxware.aem3 : I2CCC26XX.oem3 (.text:I2CCC26XX_open)
                  00005db0    000000f8     comm_lib.obj (.text:Init6LoWPAN)
                  00005ea8    000000f8     mpu9250.obj (.text:mpu9250_get_data)
                  00005fa0    000000ec     drivers_cc26xxware.aem3 : SPICC26XXDMA.oem3 (.text:SPICC26XXDMA_transferCancel)
                  0000608c    000000ec                             : UARTCC26XX.oem3 (.text:UARTCC26XX_hwiIntFxn)
                  00006178    000000e8                             : I2CCC26XX.oem3 (.text:I2CCC26XX_hwiFxn)
                  00006260    000000e8     mpu9250.obj (.text:initMPU9250)
                  00006348    000000e6     lcd.aem3 : SharpGrLib.oem3 (.text:SharpGrLib_rectFill)
                  0000642e    00000002     rom_sysbios.obj (.text:ti_sysbios_BIOS_linkedWithIncorrectBootLibrary__E)
                  00006430    000000e4     driverlib.lib : setup.obj (.text:NOROM_SetupAfterColdResetWakeupFromShutDownCfg2)
                  00006514    000000e0     display.aem3 : DisplaySharp.oem3 (.text:DisplaySharp_put5)
                  000065f4    000000d4     drivers_cc26xxware.aem3 : PowerCC26XX.oem3 (.text:Power_releaseDependency)
                  000066c8    000000d4                             : SPICC26XXDMA.oem3 (.text:SPICC26XXDMA_configDMA)
                  0000679c    000000d0     display.aem3 : DisplaySharp.oem3 (.text:DisplaySharp_control)
                  0000686c    000000d0     drivers_cc26xxware.aem3 : PowerCC26XX.oem3 (.text:Power_setDependency)
                  0000693c    000000d0     comm_lib.obj (.text:Receive6LoWPAN)
                  00006a0c    000000d0     rtsv7M3_T_le_eabi.lib : s_scalbn.obj (.text)
                  00006adc    000000cc     driverlib.lib : setup.obj (.text:TrimAfterColdResetWakeupFromShutDown)
                  00006ba8    000000c8     drivers_cc26xxware.aem3 : UARTCC26XX.oem3 (.text:UARTCC26XX_initHw)
                  00006c70    000000c4                             : SPICC26XXDMA.oem3 (.text:SPICC26XXDMA_transfer)
                  00006d34    000000c2                             : I2CCC26XX.oem3 (.text:I2CCC26XX_transfer)
                  00006df6    00000002     labra_pem3.oem3 (.text:ti_sysbios_BIOS_nullFunc__I)
                  00006df8    000000bc     power_cc26xx_tirtos.aem3 : PowerCC26XX_tirtos.oem3 (.text:PowerCC26XX_standbyPolicy)
                  00006eb4    000000bc     lcd.aem3 : SharpGrLib.oem3 (.text:SharpGrLib_clearScreen)
                  00006f70    000000bc     drivers_cc26xxware.aem3 : UARTCC26XX.oem3 (.text:UARTCC26XX_read)
                  0000702c    000000b8                             : PINCC26XX.oem3 (.text:PINCC26XX_setIoCfg)
                  000070e4    000000ac     comm_lib.obj (.text:Radio_IRQ)
                  00007190    000000ac     main.obj (.text:SM_get_data)
                  0000723c    000000aa     lcd.aem3 : SharpGrLib.oem3 (.text:SharpGrLib_lineDrawH)
                  000072e6    00000002     rom_sysbios.obj (.text:ti_sysbios_knl_Clock_triggerFunc__I)
                  000072e8    000000a4     driverlib.lib : setup.obj (.text:NOROM_SetupTrimDevice)
                  0000738c    000000a2     drivers_cc26xxware.aem3 : SPICC26XXDMA.oem3 (.text:SPICC26XXDMA_hwiFxn)
                  0000742e    00000002     labra_pem3.oem3 (.text:ti_sysbios_rom_cortexm_cc26xx_CC26xx_badRomRevision__E)
                  00007430    000000a0     auto_init.aem3 : auto_init.oem3 (.text)
                  000074d0    0000009c     rtsv7M3_T_le_eabi.lib : memcpy_t2.obj (.text)
                  0000756c    0000009a     rom_sysbios.obj (.text:xdc_runtime_Text_putSite__E)
                  00007606    00000002     rom_sysbios.obj (.text:xdc_runtime_SysCallback_defaultAbort)
                  00007608    00000098     CWC_CC2650_154Drv.obj (.text:RFCCPE1IntHandler)
                  000076a0    00000098     rom_sysbios.obj (.text:ti_sysbios_knl_Clock_workFuncDynamic__E)
                  00007738    00000094     drivers_cc26xxware.aem3 : PINCC26XX.oem3 (.text:PIN_open)
                  000077cc    00000094                             : UARTCC26XX.oem3 (.text:writeFinishedDoCallback)
                  00007860    00000094     rom_sysbios.obj (.text:xdc_runtime_Text_putMod__E)
                  000078f4    00000092     comm_lib.obj (.text:CC2650_RXEntry_Decode)
                  00007986    00000092     rtsv7M3_T_le_eabi.lib : fs_div_t2.obj (.text)
                  00007a18    00000090     drivers_cc26xxware.aem3 : I2CCC26XX.oem3 (.text:I2CCC26XX_cancel)
                  00007aa8    00000090     mpu9250.obj (.text:mpu9250_setup)
                  00007b38    00000090     drivers_cc26xxware.aem3 : PowerCC26XX.oem3 (.text:switchXOSCHFclockFunc)
                  00007bc8    0000008c                             : I2CCC26XX.oem3 (.text:I2CCC26XX_primeTransfer)
                  00007c54    0000008c                             : SPICC26XXDMA.oem3 (.text:SPICC26XXDMA_control)
                  00007ce0    0000008c                             : UARTCC26XX.oem3 (.text:UARTCC26XX_initIO)
                  00007d6c    0000008c                             : UARTCC26XX.oem3 (.text:UARTCC26XX_writeCancel)
                  00007df8    00000088     grlib.aem3 : rectangle.oem3 (.text:GrRectFill)
                  00007e80    00000086     rtsv7M3_T_le_eabi.lib : fd_cmp_t2.obj (.text:__aeabi_cdcmple)
                  00007f06    00000086                           : fd_cmp_t2.obj (.text:__aeabi_cdrcmple)
                  00007f8c    00000080     mpu9250.obj (.text:writeByte)
                  0000800c    0000007c     drivers_cc26xxware.aem3 : PowerCC26XX.oem3 (.text:disableLFClockQualifiers)
                  00008088    0000007c     mpu9250.obj (.text:readByte)
                  00008104    0000007a     rtsv7M3_T_le_eabi.lib : fs_mul_t2.obj (.text)
                  0000817e    0000007a                           : memset_t2.obj (.text)
                  000081f8    00000078     driverlib.lib : setup.obj (.text:NOROM_SetupAfterColdResetWakeupFromShutDownCfg1)
                  00008270    00000078     drivers_cc26xxware.aem3 : UARTCC26XX.oem3 (.text:UARTCC26XX_close)
                  000082e8    00000074                             : PowerCC26XX_calibrateRCOSC.oem3 (.text:PowerCC26XX_auxISR)
                  0000835c    00000074                             : PowerCC26XX_calibrateRCOSC.oem3 (.text:calibrateRcoscHf2)
                  000083d0    00000074                             : UARTCC26XX.oem3 (.text:writeTxFifoFlush)
                  00008444    00000070     driverlib.lib : chipinfo.obj (.text:NOROM_ChipInfo_GetHwRevision)
                  000084b4    00000070     drivers_cc26xxware.aem3 : UARTCC26XX.oem3 (.text:UARTCC26XX_readCancel)
                  00008524    0000006e     rtsv7M3_T_le_eabi.lib : fd_tos_t2.obj (.text)
                  00008592    00000002     rom_sysbios.obj (.text:xdc_runtime_SysCallback_defaultExit)
                  00008594    0000006d     rom_sysbios.obj (.text:xdc_runtime_System_formatNum__I)
                  00008601    00000003     --HOLE-- [fill = 0]
                  00008604    0000006c     driverlib.lib : setup.obj (.text:NOROM_SetupGetTrimForAmpcompCtrl)
                  00008670    0000006c     drivers_cc26xxware.aem3 : PINCC26XX.oem3 (.text:PIN_add)
                  000086dc    0000006c                             : PowerCC26XX.oem3 (.text:PowerCC26XX_calibrate)
                  00008748    0000006a     rtsv7M3_T_le_eabi.lib : copy_decompress_rle.obj (.text)
                  000087b2    00000002     --HOLE-- [fill = 0]
                  000087b4    00000068     driverlib.lib : setup.obj (.text:NOROM_SetupGetTrimForAnabypassValue1)
                  0000881c    00000068                   : sys_ctrl.obj (.text:NOROM_SysCtrl_DCDC_VoltageConditionalControl)
                  00008884    00000068     rtsv7M3_T_le_eabi.lib : trgmsg.obj (.text)
                  000088ec    00000064     drivers_cc26xxware.aem3 : I2CCC26XX.oem3 (.text:I2CCC26XX_close)
                  00008950    00000064                             : I2CCC26XX.oem3 (.text:I2CCC26XX_initIO)
                  000089b4    00000064     rom_sysbios.obj (.text:ti_sysbios_family_arm_cc26xx_Timer_start__E)
                  00008a18    00000061     main.obj (.text:commTaskFxn)
                  00008a79    00000001     --HOLE-- [fill = 0]
                  00008a7a    00000060     display.aem3 : DisplaySharp.oem3 (.text:DisplaySharp_clearLines)
                  00008ada    00000002     --HOLE-- [fill = 0]
                  00008adc    00000060     drivers_cc26xxware.aem3 : PowerCC26XX_calibrateRCOSC.oem3 (.text:PowerCC26XX_RCOSC_clockFunc)
                  00008b3c    00000060                             : SPICC26XXDMA.oem3 (.text:SPICC26XXDMA_initHw)
                  00008b9c    00000060     rtsv7M3_T_le_eabi.lib : fs_cmp_t2.obj (.text:__aeabi_cfcmple)
                  00008bfc    00000060                           : fs_cmp_t2.obj (.text:__aeabi_cfrcmple)
                  00008c5c    00000060                           : sprintf.obj (.text)
                  00008cbc    00000060     drivers_cc26xxware.aem3 : PowerCC26XX_calibrateRCOSC.oem3 (.text:updateSubSecInc)
                  00008d1c    0000005c     driverlib.lib : osc.obj (.text:NOROM_OSCHF_AttemptToSwitchToXosc)
                  00008d78    0000005c                   : sys_ctrl.obj (.text:NOROM_SysCtrlAdjustRechargeAfterPowerDown)
                  00008dd4    0000005c     drivers_cc26xxware.aem3 : PINCC26XX.oem3 (.text:PIN_remove)
                  00008e30    0000005c                             : UDMACC26XX.oem3 (.text:UDMACC26XX_open)
                  00008e8c    0000005c     rtsv7M3_T_le_eabi.lib : s_frexp.obj (.text)
                  00008ee8    0000005c     labra_pem3.oem3 (.text:xdc_runtime_Startup_getState__I)
                  00008f44    0000005b     rom_sysbios.obj (.text:xdc_runtime_Text_putLab__E)
                  00008f9f    00000001     --HOLE-- [fill = 0]
                  00008fa0    0000005a     drivers_cc26xxware.aem3 : SPICC26XXDMA.oem3 (.text:SPICC26XXDMA_close)
                  00008ffa    00000058                             : I2CCC26XX.oem3 (.text:I2CCC26XX_swiFxn)
                  00009052    00000002     --HOLE-- [fill = 0]
                  00009054    00000058                             : PowerCC26XX_calibrateRCOSC.oem3 (.text:PowerCC26XX_initiateCalibration)
                  000090ac    00000058     lcd.aem3 : SharpGrLib.oem3 (.text:SharpGrLib_lineDrawV)
                  00009104    00000058     drivers_cc26xxware.aem3 : UARTCC26XX.oem3 (.text:UARTCC26XX_control)
                  0000915c    00000056     rtsv7M3_T_le_eabi.lib : ltoa.obj (.text)
                  000091b2    00000002     --HOLE-- [fill = 0]
                  000091b4    00000054     drivers_cc26xxware.aem3 : PowerCC26XX.oem3 (.text:configureXOSCHF)
                  00009208    00000054     mpu9250.obj (.text:getAres)
                  0000925c    00000054     mpu9250.obj (.text:getGres)
                  000092b0    00000052     drivers_cc26xxware.aem3 : SPICC26XXDMA.oem3 (.text:SPICC26XXDMA_swiFxn)
                  00009302    00000002     --HOLE-- [fill = 0]
                  00009304    00000050     driverlib.lib : setup.obj (.text:NOROM_SetupSetCacheModeAccordingToCcfgSetting)
                  00009354    0000004e     grlib.aem3 : line.oem3 (.text:GrLineDrawH)
                  000093a2    00000002     --HOLE-- [fill = 0]
                  000093a4    0000004c     driverlib.lib : osc.obj (.text:NOROM_OSCClockSourceSet)
                  000093f0    0000004c     drivers_cc26xxware.aem3 : UARTCC26XX.oem3 (.text:UARTCC26XX_swiIntFxn)
                  0000943c    0000004c     rtsv7M3_T_le_eabi.lib : atoi.obj (.text)
                  00009488    0000004c                           : cpy_tbl.obj (.text)
                  000094d4    0000004c     drivers_cc26xxware.aem3 : UARTCC26XX.oem3 (.text:startTxFifoEmptyClk)
                  00009520    0000004a     display.aem3 : DisplaySharp.oem3 (.text:DisplaySharp_close)
                  0000956a    0000004a     lcd.aem3 : SharpGrLib.oem3 (.text:SharpGrLib_drawMultiple)
                  000095b4    00000048     CWC_CC2650_154Drv.obj (.text:CWC_CC2650_154_ReceiveStart)
                  000095fc    00000048     display.aem3 : Display.oem3 (.text:Display_doOpen)
                  00009644    00000048     drivers_cc26xxware.aem3 : I2CCC26XX.oem3 (.text:I2CCC26XX_initHw)
                  0000968c    00000048     driverlib.lib : chipinfo.obj (.text:NOROM_ChipInfo_GetChipFamily)
                  000096d4    00000048                   : ddi.obj (.text:NOROM_DDI16BitfieldWrite)
                  0000971c    00000048     drivers_cc26xxware.aem3 : PINCC26XX.oem3 (.text:PIN_setOutputEnable)
                  00009764    00000048                             : PINCC26XX.oem3 (.text:PIN_swi)
                  000097ac    00000048                             : PowerCC26XX.oem3 (.text:notify)
                  000097f4    00000048     rtsv7M3_T_le_eabi.lib : fd_toi_t2.obj (.text)
                  0000983c    00000044     boot.aem3 : boot.oem3 (.text)
                  00009880    00000044     rtsv7M3_T_le_eabi.lib : fd_tou_t2.obj (.text)
                  000098c4    00000044     rom_sysbios.obj (.text:xdc_runtime_SysMin_flush__E)
                  00009908    00000044     rom_sysbios.obj (.text:xdc_runtime_Text_xprintf__I)
                  0000994c    00000042     lcd.aem3 : SharpGrLib.oem3 (.text:SharpGrLib_pixelDraw)
                  0000998e    00000002     --HOLE-- [fill = 0]
                  00009990    00000040     driverlib.lib : ddi.obj (.text:NOROM_DDI16BitfieldRead)
                  000099d0    00000040     rtsv7M3_T_le_eabi.lib : u_divt2.obj (.text)
                  00009a10    0000003c     CWC_CC2650_154Drv.obj (.text:CWC_CC2650_154_EnableRadioIRQs)
                  00009a4c    0000003c     driverlib.lib : osc.obj (.text:NOROM_OSC_HPOSCRelativeFrequencyOffsetGet)
                  00009a88    0000003c     drivers_cc26xxware.aem3 : PINCC26XX.oem3 (.text:PINCC26XX_getConfig)
                  00009ac4    0000003c                             : PINCC26XX.oem3 (.text:PIN_setOutputValue)
                  00009b00    0000003c                             : SPICC26XXDMA.oem3 (.text:SPICC26XXDMA_csnCallback)
                  00009b3c    00000038                             : I2C.oem3 (.text:I2C_init)
                  00009b74    00000038                             : PINCC26XX.oem3 (.text:PIN_setInterrupt)
                  00009bac    00000038                             : UART.oem3 (.text:UART_init)
                  00009be4    00000038                             : UARTCC26XX.oem3 (.text:readData)
                  00009c1c    00000038     rtsv7M3_T_le_eabi.lib : fs_tod_t2.obj (.text)
                  00009c54    00000038                           : i_tofs_t2.obj (.text)
                  00009c8c    00000038     rom_sysbios.obj (.text:ti_sysbios_family_arm_cc26xx_Timer_getCurrentTick__E)
                  00009cc4    00000038     drivers_cc26xxware.aem3 : UARTCC26XX.oem3 (.text:writeData)
                  00009cfc    00000038     rom_sysbios.obj (.text:xdc_runtime_SysMin_putch__E)
                  00009d34    00000036     drivers_cc26xxware.aem3 : UDMACC26XX.oem3 (.text:UDMACC26XX_close)
                  00009d6a    00000002     --HOLE-- [fill = 0]
                  00009d6c    00000034     driverlib.lib : osc.obj (.text:NOROM_OSCHF_SwitchToRcOscTurnOffXosc)
                  00009da0    00000034     drivers_cc26xxware.aem3 : PINCC26XX.oem3 (.text:PIN_setConfig)
                  00009dd4    00000032     display.aem3 : DisplaySharp.oem3 (.text:DisplaySharp_clear)
                  00009e06    00000032     rom_sysbios.obj (.text:ti_sysbios_family_arm_cc26xx_Timer_setNextTick__E)
                  00009e38    00000030     drivers_cc26xxware.aem3 : I2C.oem3 (.text:I2C_open)
                  00009e68    00000030     driverlib.lib : setup.obj (.text:NOROM_SetupSetAonRtcSubSecInc)
                  00009e98    00000030     drivers_cc26xxware.aem3 : PowerCC26XX.oem3 (.text:Power_releaseConstraint)
                  00009ec8    00000030                             : PowerCC26XX.oem3 (.text:Power_setConstraint)
                  00009ef8    00000030                             : SPI.oem3 (.text:SPI_open)
                  00009f28    00000030     labra_pem3.oem3 (.text:ti_sysbios_BIOS_atExitFunc__I)
                  00009f58    00000030     labra_pem3.oem3 (.text:ti_sysbios_BIOS_startFunc__I)
                  00009f88    00000030     rom_sysbios.obj (.text:ti_sysbios_family_arm_cc26xx_Timer_initDevice__I)
                  00009fb8    00000030     rom_sysbios.obj (.text:ti_sysbios_family_arm_cc26xx_Timer_setThreshold__I)
                  00009fe8    00000030     rom_sysbios.obj (.text:xdc_runtime_SysMin_abort__E)
                  0000a018    0000002f     rom_sysbios.obj (.text:xdc_runtime_Text_printVisFxn__I)
                  0000a047    00000001     --HOLE-- [fill = 0]
                  0000a048    0000002e     lcd.aem3 : SharpGrLib.oem3 (.text:SharpGrLib_initializeDisplayBuffer)
                  0000a076    0000002e     rtsv7M3_T_le_eabi.lib : i_tofd_t2.obj (.text)
                  0000a0a4    0000002c     driverlib.lib : ddi.obj (.text:NOROM_DDI32RegWrite)
                  0000a0d0    0000002c                   : setup.obj (.text:NOROM_SetupGetTrimForRadcExtCfg)
                  0000a0fc    0000002c     drivers_cc26xxware.aem3 : PINCC26XX.oem3 (.text:PINCC26XX_setMux)
                  0000a128    0000002c     lcd.aem3 : SharpGrLib.oem3 (.text:SharpGrLib_init)
                  0000a154    0000002c     rom_sysbios.obj (.text:ti_sysbios_knl_Clock_getTicksUntilInterrupt__E)
                  0000a180    0000002a     rom_sysbios.obj (.text:xdc_runtime_System_putchar__I)
                  0000a1aa    00000002     --HOLE-- [fill = 0]
                  0000a1ac    00000028     driverlib.lib : aon_batmon.obj (.text:NOROM_AONBatMonTemperatureGetDegC)
                  0000a1d4    00000028     drivers_cc26xxware.aem3 : PowerCC26XX.oem3 (.text:Power_registerNotify)
                  0000a1fc    00000028                             : SPICC26XXDMA.oem3 (.text:SPICC26XXDMA_flushFifos)
                  0000a224    00000028     driverlib.lib : adi.obj (.text:SafeHapiVoid)
                  0000a24c    00000028     rom_sysbios.obj (.text:ti_sysbios_family_arm_cc26xx_Timer_getMaxTicks__E)
                  0000a274    00000026     comm_lib.obj (.text:CC2650_RXEntry_Release)
                  0000a29a    00000026     display.aem3 : Display.oem3 (.text:Display_doPut5)
                  0000a2c0    00000026     drivers_cc26xxware.aem3 : List.oem3 (.text:List_put)
                  0000a2e6    00000002     --HOLE-- [fill = 0]
                  0000a2e8    00000024                             : PINCC26XX.oem3 (.text:PINCC26XX_getPinCount)
                  0000a30c    00000024     mpu9250.obj (.text:delay)
                  0000a330    00000024     drivers_cc26xxware.aem3 : PowerCC26XX_calibrateRCOSC.oem3 (.text:getTdcSemaphore)
                  0000a354    00000024     rtsv7M3_T_le_eabi.lib : u_tofs_t2.obj (.text)
                  0000a378    00000024     labra_pem3.oem3 (.text:ti_sysbios_BIOS_registerRTSLock__I)
                  0000a39c    00000024     labra_pem3.oem3 (.text:ti_sysbios_BIOS_removeRTSLock__I)
                  0000a3c0    00000024     rom_sysbios.obj (.text:xdc_runtime_System_vprintf__E)
                  0000a3e4    00000022     grlib.aem3 : context.oem3 (.text:GrContextInit)
                  0000a406    00000022     labra_pem3.oem3 (.text:xdc_runtime_SysMin_output__I)
                  0000a428    00000020     driverlib.lib : rfc.obj (.text:NOROM_RFCDoorbellSendTo)
                  0000a448    00000020                   : setup.obj (.text:NOROM_SetupGetTrimForXoscHfCtl)
                  0000a468    00000020     drivers_cc26xxware.aem3 : PowerCC26XX.oem3 (.text:Power_unregisterNotify)
                  0000a488    00000020     labra_pem3.oem3 (.text:ti_sysbios_BIOS_rtsLock__I)
                  0000a4a8    00000020     rom_sysbios.obj (.text:ti_sysbios_knl_Clock_stop__E)
                  0000a4c8    00000020     rom_sysbios.obj (.text:xdc_runtime_Registry_findById__E)
                  0000a4e8    00000020     rom_sysbios.obj (.text:xdc_runtime_SysMin_Module_startup__E)
                  0000a508    0000001e     drivers_cc26xxware.aem3 : PINCC26XX.oem3 (.text:PIN_close)
                  0000a526    0000001e                             : PowerCC26XX.oem3 (.text:Power_getTransitionLatency)
                  0000a544    0000001c     driverlib.lib : osc.obj (.text:NOROM_OSCClockSourceGet)
                  0000a560    0000001c                   : setup.obj (.text:NOROM_SetupGetTrimForAmpcompTh2)
                  0000a57c    0000001c                   : setup.obj (.text:NOROM_SetupGetTrimForRcOscLfRtuneCtuneTrim)
                  0000a598    0000001c     drivers_cc26xxware.aem3 : PINCC26XX.oem3 (.text:PINCC26XX_setIoCfgMux)
                  0000a5b4    0000001c                             : PINCC26XX.oem3 (.text:PIN_hwi)
                  0000a5d0    0000001c     CWC_CC2650_154Drv.obj (.text:RFCCPE0IntHandler)
                  0000a5ec    0000001c     drivers_cc26xxware.aem3 : UDMACC26XX.oem3 (.text:UDMACC26XX_initHw)
                  0000a608    0000001c     rom_sysbios.obj (.text:ti_sysbios_family_arm_cc26xx_Timer_dynamicStub__E)
                  0000a624    0000001c     rom_sysbios.obj (.text:xdc_runtime_SysMin_exit__E)
                  0000a640    0000001a     drivers_cc26xxware.aem3 : List.oem3 (.text:List_remove)
                  0000a65a    0000001a     grlib.aem3 : string.oem3 (.text:NumLeadingZeros)
                  0000a674    0000001a     rtsv7M3_T_le_eabi.lib : memccpy.obj (.text)
                  0000a68e    0000001a     rom_sysbios.aem3 : rom_sysbios_config.obj (.text:xdc_runtime_System_printf__E)
                  0000a6a8    0000001a                      : rom_sysbios_config.obj (.text:xdc_runtime_System_snprintf__E)
                  0000a6c2    00000002     --HOLE-- [fill = 0]
                  0000a6c4    00000018     driverlib.lib : aon_rtc.obj (.text:NOROM_AONRTCCurrentCompareValueGet)
                  0000a6dc    00000018                   : chipinfo.obj (.text:NOROM_ChipInfo_GetPackageType)
                  0000a6f4    00000018                   : osc.obj (.text:NOROM_OSCHF_TurnOnXosc)
                  0000a70c    00000018                   : setup.obj (.text:NOROM_SetupGetTrimForAdcShModeEn)
                  0000a724    00000018                   : setup.obj (.text:NOROM_SetupGetTrimForAdcShVbufEn)
                  0000a73c    00000018                   : setup.obj (.text:NOROM_SetupGetTrimForAmpcompTh1)
                  0000a754    00000018                   : setup.obj (.text:NOROM_SetupGetTrimForDblrLoopFilterResetVoltage)
                  0000a76c    00000018                   : setup.obj (.text:NOROM_SetupGetTrimForRcOscLfIBiasTrim)
                  0000a784    00000018                   : setup.obj (.text:NOROM_SetupGetTrimForXoscLfRegulatorAndCmirrwrRatio)
                  0000a79c    00000018     drivers_cc26xxware.aem3 : PINCC26XX.oem3 (.text:PIN_getConfig)
                  0000a7b4    00000018                             : PowerCC26XX.oem3 (.text:Power_idleFunc)
                  0000a7cc    00000018                             : UARTCC26XX.oem3 (.text:UARTCC26XX_init)
                  0000a7e4    00000018                             : PowerCC26XX.oem3 (.text:configureRFCoreClocks)
                  0000a7fc    00000018     lcd.aem3 : SharpGrLib.oem3 (.text:reverse)
                  0000a814    00000018     rtsv7M3_T_le_eabi.lib : args_main.obj (.text)
                  0000a82c    00000018                           : ll_mul_t2.obj (.text)
                  0000a844    00000018     labra_pem3.oem3 (.text:ti_sysbios_BIOS_rtsUnlock__I)
                  0000a85c    00000018     rom_sysbios.obj (.text:ti_sysbios_knl_Swi_or__E)
                  0000a874    00000018     labra_pem3.oem3 (.text:ti_sysbios_rom_cortexm_cc26xx_CC26xx_checkRevision__E)
                  0000a88c    00000016     rtsv7M3_T_le_eabi.lib : strchr.obj (.text)
                  0000a8a2    00000016                           : strcpy.obj (.text)
                  0000a8b8    00000016     labra_pem3.oem3 (.text:ti_sysbios_BIOS_exitFunc__I)
                  0000a8ce    00000016     comm_lib.obj (.text:ti_sysbios_hal_Hwi_Params_init)
                  0000a8e4    00000016     main.obj (.text:ti_sysbios_knl_Task_Params_init)
                  0000a8fa    00000002     --HOLE-- [fill = 0]
                  0000a8fc    00000014     driverlib.lib : aon_rtc.obj (.text:NOROM_AONRTCCurrent64BitValueGet)
                  0000a910    00000014                   : chipinfo.obj (.text:NOROM_ThisCodeIsBuiltForCC26xxHwRev22AndLater_HaltIfViolated)
                  0000a924    00000014     drivers_cc26xxware.aem3 : PINCC26XX.oem3 (.text:PINCC26XX_getInputValue)
                  0000a938    00000014                             : SPI.oem3 (.text:SPI_Params_init)
                  0000a94c    00000014     rtsv7M3_T_le_eabi.lib : _lock.obj (.text)
                  0000a960    00000014                           : strlen.obj (.text)
                  0000a974    00000014     labra_pem3.oem3 (.text:ti_sysbios_knl_Clock_doTick__I)
                  0000a988    00000012     labra_pem3.oem3 (.text:xdc_runtime_Startup_exec__I)
                  0000a99a    00000002     --HOLE-- [fill = 0]
                  0000a99c    00000010     drivers_cc26xxware.aem3 : I2C.oem3 (.text:I2C_Params_init)
                  0000a9ac    00000010     CWC_CC2650_154Drv.obj (.text:IntMasterDisable)
                  0000a9bc    00000010     CWC_CC2650_154Drv.obj (.text:IntMasterEnable)
                  0000a9cc    00000010     driverlib.lib : setup.obj (.text:NOROM_SetupGetTrimForXoscHfFastStart)
                  0000a9dc    00000010                   : setup.obj (.text:NOROM_SetupGetTrimForXoscHfIbiastherm)
                  0000a9ec    00000010     CWC_CC2650_154Drv.obj (.text:RFCClockEnable)
                  0000a9fc    00000010     drivers_cc26xxware.aem3 : I2CCC26XX.oem3 (.text:i2cPostNotify)
                  0000aa0c    00000010                             : UARTCC26XX.oem3 (.text:uartPostNotify)
                  0000aa1c    00000010     rom_sysbios.obj (.text:xdc_runtime_SysMin_ready__E)
                  0000aa2c    00000010     rom_sysbios.obj (.text:xdc_runtime_System_vsnprintf__E)
                  0000aa3c    0000000e     driverlib.lib : setup.obj (.text:NOROM_SetupSignExtendVddrTrimValue)
                  0000aa4a    0000000e                   : vims.obj (.text:NOROM_VIMSModeGet)
                  0000aa58    0000000e     drivers_cc26xxware.aem3 : SPICC26XXDMA.oem3 (.text:SPICC26XXDMA_init)
                  0000aa66    0000000e     rtsv7M3_T_le_eabi.lib : copy_decompress_none.obj (.text:decompress:none)
                  0000aa74    0000000e     rom_sysbios.obj (.text:ti_sysbios_family_arm_cc26xx_TimestampProvider_get32__E)
                  0000aa82    00000002     --HOLE-- [fill = 0]
                  0000aa84    0000000c     comm_lib.obj (.text:GetRXFlag)
                  0000aa90    0000000c     driverlib.lib : cpu.obj (.text:NOROM_CPUcpsid)
                  0000aa9c    0000000c                   : cpu.obj (.text:NOROM_CPUcpsie)
                  0000aaa8    0000000c     drivers_cc26xxware.aem3 : PINCC26XX.oem3 (.text:PIN_registerIntCb)
                  0000aab4    0000000c                             : PowerCC26XX.oem3 (.text:Power_getConstraintMask)
                  0000aac0    0000000c                             : PowerCC26XX.oem3 (.text:Power_getDependencyCount)
                  0000aacc    0000000c     CWC_CC2650_154Drv.obj (.text:RFCAckIntClear)
                  0000aad8    0000000c     drivers_cc26xxware.aem3 : SPICC26XXDMA.oem3 (.text:spiPostNotify)
                  0000aae4    0000000c     rom_sysbios.aem3 : rom_sysbios_config.obj (.text:ti_sysbios_hal_Hwi_Params__init__S)
                  0000aaf0    0000000c     rom_sysbios.obj (.text:ti_sysbios_knl_Swi_getTrigger__E)
                  0000aafc    0000000c     labra_pem3.oem3 (.text:xdc_runtime_Startup_reset__I)
                  0000ab08    0000000c     rom_sysbios.obj (.text:xdc_runtime_Startup_rtsDone__E)
                  0000ab14    0000000a     drivers_cc26xxware.aem3 : I2CCC26XX.oem3 (.text:I2CCC26XX_init)
                  0000ab1e    0000000a                             : I2C.oem3 (.text:I2C_close)
                  0000ab28    0000000a                             : I2C.oem3 (.text:I2C_transfer)
                  0000ab32    0000000a                             : List.oem3 (.text:List_empty)
                  0000ab3c    0000000a                             : SPI.oem3 (.text:SPI_close)
                  0000ab46    0000000a                             : SPI.oem3 (.text:SPI_transfer)
                  0000ab50    0000000a     lcd.aem3 : SharpGrLib.oem3 (.text:SharpGrLib_colorTranslate)
                  0000ab5a    0000000a     comm_lib.obj (.text:StartReceive6LoWPAN)
                  0000ab64    0000000a     drivers_cc26xxware.aem3 : UDMACC26XX.oem3 (.text:UDMACC26XX_hwiIntFxn)
                  0000ab6e    00000002     --HOLE-- [fill = 0]
                  0000ab70    00000008     display.aem3 : DisplaySharp.oem3 (.text:DisplaySharp_getType)
                  0000ab78    00000008     drivers_cc26xxware.aem3 : I2CCC26XX.oem3 (.text:I2CCC26XX_blockingCallback)
                  0000ab80    00000008                             : SPICC26XXDMA.oem3 (.text:SPICC26XXDMA_transferCallback)
                  0000ab88    00000008                             : UARTCC26XX.oem3 (.text:readSemCallback)
                  0000ab90    00000008     rtsv7M3_T_le_eabi.lib : s_copysign.obj (.text)
                  0000ab98    00000008     drivers_cc26xxware.aem3 : UARTCC26XX.oem3 (.text:writeSemCallback)
                  0000aba0    00000008     labra_pem3.oem3 (.text:xdc_runtime_Text_visitRope__I)
                  0000aba8    00000006     display.aem3 : Display.oem3 (.text:Display_doParamsInit)
                  0000abae    00000006     drivers_cc26xxware.aem3 : I2CCC26XX.oem3 (.text:I2CCC26XX_control)
                  0000abb4    00000006     driverlib.lib : cpu.obj (.text:NOROM_CPUdelay)
                  0000abba    00000006     drivers_cc26xxware.aem3 : UARTCC26XX.oem3 (.text:UARTCC26XX_readPolling)
                  0000abc0    00000006                             : UARTCC26XX.oem3 (.text:UARTCC26XX_writePolling)
                  0000abc6    00000006     rtsv7M3_T_le_eabi.lib : copy_decompress_rle.obj (.text:decompress:rle24)
                  0000abcc    00000004     tirtosport.aem3 : HwiP_tirtos.oem3 (.text:HwiP_disable)
                  0000abd0    00000004     drivers_cc26xxware.aem3 : List.oem3 (.text:List_head)
                  0000abd4    00000004                             : List.oem3 (.text:List_next)
                  0000abd8    00000004                             : PowerCC26XX.oem3 (.text:nopResourceHandler)
                  0000abdc    00000004     rom_sysbios.obj (.text:ti_sysbios_family_arm_cc26xx_Timer_getCount64__E)
                  0000abe0    00000004     rom_sysbios.obj (.text:xdc_runtime_System_printf_va__F)
                  0000abe4    00000004     rom_sysbios.obj (.text:xdc_runtime_System_snprintf_va__F)
                  0000abe8    00000008     (.tramp.xdc_runtime_Core_assignParams__I.1)
                  0000abf0    00000008     (.tramp.xdc_runtime_Startup_startMods__I.1)
                  0000abf8    00000008     (.tramp.ti_sysbios_knl_Clock_logTick__E.1)
                  0000ac00    00000008     (.tramp.ti_sysbios_knl_Task_Params__init__S.1)
                  0000ac08    00000008     (.tramp.ti_sysbios_BIOS_RtsGateProxy_leave__E.1)
                  0000ac10    00000008     (.tramp.ti_sysbios_BIOS_RtsGateProxy_enter__E.1)
                  0000ac18    00000008     (.tramp.ti_sysbios_knl_Task_startup__E.1)
                  0000ac20    00000008     (.tramp.ti_sysbios_knl_Swi_startup__E.1)
                  0000ac28    00000008     (.tramp.ti_sysbios_hal_Hwi_startup__E.1)
                  0000ac30    00000008     (.tramp.ti_sysbios_family_arm_cc26xx_Timer_startup__E.1)
                  0000ac38    00000008     (.tramp.xdc_runtime_System_atexit__E.1)
                  0000ac40    00000008     (.tramp.ti_sysbios_BIOS_setThreadType__E.1)
                  0000ac48    00000008     (.tramp.xdc_runtime_Gate_leaveSystem__E.1)
                  0000ac50    00000008     (.tramp.xdc_runtime_Gate_enterSystem__E.1)
                  0000ac58    00000008     (.tramp.xdc_runtime_System_exit__E.1)
                  0000ac60    00000008     (.tramp.ti_sysbios_knl_Clock_destruct.1)
                  0000ac68    00000008     (.tramp.ti_sysbios_knl_Semaphore_destruct.1)
                  0000ac70    00000008     (.tramp.ti_sysbios_knl_Swi_destruct.1)
                  0000ac78    00000008     (.tramp.ti_sysbios_family_arm_m3_Hwi_destruct.1)
                  0000ac80    00000008     (.tramp.ti_sysbios_knl_Clock_scheduleNextTick__E.1)
                  0000ac88    00000008     (.tramp.ti_sysbios_knl_Clock_walkQueueDynamic__E.1)
                  0000ac90    00000008     (.tramp.ti_sysbios_knl_Clock_TimerProxy_getCurrentTick__E.1)
                  0000ac98    00000008     (.tramp.ti_sysbios_family_arm_m3_Hwi_enableInterrupt__E.1)
                  0000aca0    00000008     (.tramp.ti_sysbios_family_arm_m3_Hwi_disableInterrupt__E.1)
                  0000aca8    00000008     (.tramp.ti_sysbios_BIOS_getCpuFreq__E.1)
                  0000acb0    00000008     (.tramp.ti_sysbios_knl_Swi_post__E.1)
                  0000acb8    00000008     (.tramp.ti_sysbios_hal_Hwi_create.1)
                  0000acc0    00000008     (.tramp.ti_sysbios_knl_Clock_setTimeout__E.1)
                  0000acc8    00000008     (.tramp.ti_sysbios_knl_Semaphore_post__E.1)
                  0000acd0    00000008     (.tramp.ti_sysbios_knl_Semaphore_pend__E.1)
                  0000acd8    00000008     (.tramp.ti_sysbios_knl_Clock_start__E.1)
                  0000ace0    00000008     (.tramp.xdc_runtime_System_abortSpin__E.1)
                  0000ace8    00000008     (.tramp.ti_sysbios_knl_Clock_construct.1)
                  0000acf0    00000008     (.tramp.ti_sysbios_knl_Clock_Params__init__S.1)
                  0000acf8    00000008     (.tramp.ti_sysbios_family_arm_m3_Hwi_restoreFxn__E.1)
                  0000ad00    00000008     (.tramp.ti_sysbios_family_arm_m3_Hwi_disableFxn__E.1)
                  0000ad08    00000008     (.tramp.ti_sysbios_knl_Swi_construct.1)
                  0000ad10    00000008     (.tramp.ti_sysbios_knl_Swi_Params__init__S.1)
                  0000ad18    00000008     (.tramp.ti_sysbios_family_arm_m3_Hwi_construct.1)
                  0000ad20    00000008     (.tramp.ti_sysbios_family_arm_m3_Hwi_Params__init__S.1)
                  0000ad28    00000008     (.tramp.ti_sysbios_knl_Semaphore_construct.1)
                  0000ad30    00000008     (.tramp.ti_sysbios_knl_Semaphore_Params__init__S.1)
                  0000ad38    00000008     (.tramp.ti_sysbios_BIOS_start__E.1)
                  0000ad40    00000008     (.tramp.ti_sysbios_knl_Task_create.1)
                  0000ad48    00000008     (.tramp.ti_sysbios_knl_Task_sleep__E.1)
                  0000ad50    00000008     (.tramp.xdc_runtime_System_abort__E.1)
                  0000ad58    00000008     (.tramp.ti_sysbios_knl_Task_restore__E.1)
                  0000ad60    00000008     (.tramp.ti_sysbios_knl_Swi_restore__E.1)
                  0000ad68    00000008     (.tramp.ti_sysbios_knl_Swi_disable__E.1)
                  0000ad70    00000008     (.tramp.ti_sysbios_knl_Task_disable__E.1)
                  0000ad78    00000008     (.tramp.ti_sysbios_knl_Clock_getTicks__E.1)

.const     0    0000ad80    0000093e     
                  0000ad80    000002f8     grlib.aem3 : fontfixed6x8.oem3 (.const:.string:g_pucFontFixed6x8Data)
                  0000b078    00000101     rtsv7M3_T_le_eabi.lib : ctype.obj (.const:.string:_ctypes_)
                  0000b179    00000001     display.aem3 : Display.oem3 (.const)
                  0000b17a    00000002     CWC_CC2650_154Drv.obj (.const:RF_cmdPing)
                  0000b17c    000000c8     grlib.aem3 : fontfixed6x8.oem3 (.const:g_sFontFixed6x8)
                  0000b244    00000068     CC2650STK.obj (.const:BoardGpioInitTable)
                  0000b2ac    00000054     drivers_cc26xxware.aem3 : SPICC26XXDMA.oem3 (.const)
                  0000b300    0000004c                             : PowerCC26XX.oem3 (.const:resourceDB)
                  0000b34c    00000048     labra_pem3.oem3 (.const:.string)
                  0000b394    00000004     labra_pem3.oem3 (.const:ti_sysbios_knl_Clock_tickPeriod__C)
                  0000b398    00000040     CWC_CC2650_154Drv.obj (.const:IEEE_RX)
                  0000b3d8    00000040     drivers_cc26xxware.aem3 : UARTCC26XX.oem3 (.const)
                  0000b418    00000038     CC2650STK.obj (.const:spiCC26XXDMAHWAttrs)
                  0000b450    00000030     rtsv7M3_T_le_eabi.lib : e_pow.obj (.const:$O1$$)
                  0000b480    00000028     drivers_cc26xxware.aem3 : UARTCC26XX.oem3 (.const:UARTCC26XX_fxnTable)
                  0000b4a8    00000028     labra_pem3.oem3 (.const:xdc_runtime_Startup_sfxnTab__A)
                  0000b4d0    00000024     CC2650STK.obj (.const:SPI_config)
                  0000b4f4    00000024     display.aem3 : DisplaySharp.oem3 (.const)
                  0000b518    00000020     drivers_cc26xxware.aem3 : I2CCC26XX.oem3 (.const)
                  0000b538    00000020                             : SPI.oem3 (.const)
                  0000b558    00000020     lcd.aem3 : SharpGrLib.oem3 (.const)
                  0000b578    00000018     CC2650STK.obj (.const:Display_config)
                  0000b590    00000018     CC2650STK.obj (.const:I2C_config)
                  0000b5a8    00000018     CWC_CC2650_154Drv.obj (.const:RF_cmdRadioSetup)
                  0000b5c0    00000018     CC2650STK.obj (.const:UART_config)
                  0000b5d8    00000018     CC2650STK.obj (.const:i2cCC26xxHWAttrs)
                  0000b5f0    00000018     CC2650STK.obj (.const:uartCC26XXHWAttrs)
                  0000b608    00000014     labra_pem3.oem3 (.const:xdc_runtime_Startup_sfxnRts__A)
                  0000b61c    00000010     lcd.aem3 : SharpGrLib.oem3 (.const:.string)
                  0000b62c    00000010     CC2650STK.obj (.const:PowerCC26XX_config)
                  0000b63c    00000010     CC2650STK.obj (.const:UDMACC26XX_config)
                  0000b64c    00000010     CC2650STK.obj (.const:displaySharpHWattrs)
                  0000b65c    00000010     drivers_cc26xxware.aem3 : I2C.oem3 (.const)
                  0000b66c    0000000c     labra_pem3.oem3 (.const:xdc_runtime_Startup_firstFxns__A)
                  0000b678    0000000a     CWC_CC2650_154Drv.obj (.const:RF_cmdGetFvInfo)
                  0000b682    00000009     CWC_CC2650_154Drv.obj (.const:IEEE154_header)
                  0000b68b    00000001     labra_pem3.oem3 (.const:xdc_runtime_Text_charTab__A)
                  0000b68c    00000008     CC2650STK.obj (.const:PINCC26XX_hwAttrs)
                  0000b694    00000008     CC2650STK.obj (.const:udmaHWAttrs)
                  0000b69c    00000004     labra_pem3.oem3 (.const:ti_sysbios_knl_Clock_triggerClock__C)
                  0000b6a0    00000004     labra_pem3.oem3 (.const:ti_sysbios_knl_Idle_funcList__A)
                  0000b6a4    00000004     labra_pem3.oem3 (.const:xdc_runtime_SysMin_bufSize__C)
                  0000b6a8    00000004     labra_pem3.oem3 (.const:xdc_runtime_SysMin_outputFunc__C)
                  0000b6ac    00000004     labra_pem3.oem3 (.const:xdc_runtime_System_extendFxn__C)
                  0000b6b0    00000004     labra_pem3.oem3 (.const:xdc_runtime_Text_visitRopeFxn__C)
                  0000b6b4    00000002     CWC_CC2650_154Drv.obj (.const:RF_cmdStartRat)
                  0000b6b6    00000002     main.obj (.const:i2cMPUCfg)
                  0000b6b8    00000002     labra_pem3.oem3 (.const:xdc_runtime_SysMin_flushAtExit__C)
                  0000b6ba    00000002     labra_pem3.oem3 (.const:xdc_runtime_Text_registryModsLastId__C)
                  0000b6bc    00000002     labra_pem3.oem3 (.const:xdc_runtime_Text_unnamedModsLastId__C)

.cinit     0    0000b6c0    00000424     
                  0000b6c0    00000228     (.cinit..data.load) [load image, compression = rle]
                  0000b8e8    0000002c     (.cinit..data:ti_sysbios_family_arm_m3_Hwi_Module__state__V.load) [load image, compression = rle]
                  0000b914    00000004     --HOLE-- [fill = 0]
                  0000b918    0000002c     (.cinit..data:ti_sysbios_knl_Task_Module__state__V.load) [load image, compression = rle]
                  0000b944    00000004     --HOLE-- [fill = 0]
                  0000b948    00000021     (.cinit..data:ti_sysbios_knl_Clock_Module__state__V.load) [load image, compression = rle]
                  0000b969    00000007     --HOLE-- [fill = 0]
                  0000b970    0000001f     (.cinit..data:ti_sysbios_BIOS_Module__state__V.load) [load image, compression = rle]
                  0000b98f    00000001     --HOLE-- [fill = 0]
                  0000b990    00000011     (.cinit..data:ti_sysbios_knl_Swi_Module__state__V.load) [load image, compression = rle]
                  0000b9a1    00000007     --HOLE-- [fill = 0]
                  0000b9a8    0000000d     (.cinit..data:ti_sysbios_family_arm_cc26xx_Timer_Module__state__V.load) [load image, compression = rle]
                  0000b9b5    00000003     --HOLE-- [fill = 0]
                  0000b9b8    0000000d     (.cinit..data:xdc_runtime_System_Module__state__V.load) [load image, compression = rle]
                  0000b9c5    00000003     --HOLE-- [fill = 0]
                  0000b9c8    0000000b     (.cinit..bss.load) [load image, compression = rle]
                  0000b9d3    00000005     --HOLE-- [fill = 0]
                  0000b9d8    0000000a     (.cinit..data:xdc_runtime_Memory_Module__state__V.load) [load image, compression = rle]
                  0000b9e2    00000006     --HOLE-- [fill = 0]
                  0000b9e8    00000009     (.cinit..TI.bound:dmaSpi0RxControlTableEntry.load) [load image, compression = rle]
                  0000b9f1    00000007     --HOLE-- [fill = 0]
                  0000b9f8    00000009     (.cinit..TI.bound:dmaSpi0TxControlTableEntry.load) [load image, compression = rle]
                  0000ba01    00000007     --HOLE-- [fill = 0]
                  0000ba08    00000009     (.cinit..TI.bound:dmaSpi1RxControlTableEntry.load) [load image, compression = rle]
                  0000ba11    00000007     --HOLE-- [fill = 0]
                  0000ba18    00000009     (.cinit..TI.bound:dmaSpi1TxControlTableEntry.load) [load image, compression = rle]
                  0000ba21    00000007     --HOLE-- [fill = 0]
                  0000ba28    00000009     (.cinit..data:ti_sysbios_family_arm_cc26xx_TimestampProvider_Module__state__V.load) [load image, compression = rle]
                  0000ba31    00000007     --HOLE-- [fill = 0]
                  0000ba38    00000009     (.cinit..data:xdc_runtime_Startup_Module__state__V.load) [load image, compression = rle]
                  0000ba41    00000007     --HOLE-- [fill = 0]
                  0000ba48    00000009     (.cinit..vecs.load) [load image, compression = rle]
                  0000ba51    00000003     --HOLE-- [fill = 0]
                  0000ba54    00000008     (__TI_handler_table)
                  0000ba5c    00000088     (__TI_cinit_table)

.init_array 
*          0    00000000    00000000     UNINITIALIZED

.ccfg      0    0001ffa8    00000058     
                  0001ffa8    00000058     ccfg.obj (.ccfg:retain)

.resetVecs 
*          0    00000000    0000003c     
                  00000000    0000003c     labra_pem3.oem3 (.resetVecs)

.binit     0    00000000    00000000     

.const:ti_sysbios_knl_Task_Object__PARAMS__C 
*          0    00000100    0000003c     
                  00000100    0000003c     labra_pem3.oem3 (.const:ti_sysbios_knl_Task_Object__PARAMS__C)

.const:ti_sysbios_knl_Mailbox_Object__PARAMS__C 
*          0    0000013c    00000034     
                  0000013c    00000034     labra_pem3.oem3 (.const:ti_sysbios_knl_Mailbox_Object__PARAMS__C)

.const:ti_sysbios_family_arm_m3_Hwi_Object__PARAMS__C 
*          0    00000170    00000030     
                  00000170    00000030     labra_pem3.oem3 (.const:ti_sysbios_family_arm_m3_Hwi_Object__PARAMS__C)

.const:ti_sysbios_hal_Hwi_Object__PARAMS__C 
*          0    000001a0    0000002c     
                  000001a0    0000002c     labra_pem3.oem3 (.const:ti_sysbios_hal_Hwi_Object__PARAMS__C)

.const:ti_sysbios_heaps_HeapMem_Module__FXNS__C 
*          0    000001cc    00000028     
                  000001cc    00000028     labra_pem3.oem3 (.const:ti_sysbios_heaps_HeapMem_Module__FXNS__C)

.const:ti_sysbios_knl_Swi_Object__PARAMS__C 
*          0    000001f4    00000028     
                  000001f4    00000028     labra_pem3.oem3 (.const:ti_sysbios_knl_Swi_Object__PARAMS__C)

.const:ti_sysbios_gates_GateHwi_Module__FXNS__C 
*          0    0000021c    00000024     
                  0000021c    00000024     labra_pem3.oem3 (.const:ti_sysbios_gates_GateHwi_Module__FXNS__C)

.const:ti_sysbios_gates_GateMutex_Module__FXNS__C 
*          0    00000240    00000024     
                  00000240    00000024     labra_pem3.oem3 (.const:ti_sysbios_gates_GateMutex_Module__FXNS__C)

.const:ti_sysbios_heaps_HeapMem_Object__PARAMS__C 
*          0    00000264    00000024     
                  00000264    00000024     labra_pem3.oem3 (.const:ti_sysbios_heaps_HeapMem_Object__PARAMS__C)

.const:ti_sysbios_knl_Clock_Object__PARAMS__C 
*          0    00000288    00000024     
                  00000288    00000024     labra_pem3.oem3 (.const:ti_sysbios_knl_Clock_Object__PARAMS__C)

.const:ti_sysbios_knl_Semaphore_Object__PARAMS__C 
*          0    000002ac    00000024     
                  000002ac    00000024     labra_pem3.oem3 (.const:ti_sysbios_knl_Semaphore_Object__PARAMS__C)

.const:ti_sysbios_family_arm_m3_Hwi_Object__DESC__C 
*          0    000002d0    00000020     
                  000002d0    00000020     labra_pem3.oem3 (.const:ti_sysbios_family_arm_m3_Hwi_Object__DESC__C)

.const:ti_sysbios_gates_GateHwi_Object__DESC__C 
*          0    000002f0    00000020     
                  000002f0    00000020     labra_pem3.oem3 (.const:ti_sysbios_gates_GateHwi_Object__DESC__C)

.const:ti_sysbios_gates_GateMutex_Object__DESC__C 
*          0    00000310    00000020     
                  00000310    00000020     labra_pem3.oem3 (.const:ti_sysbios_gates_GateMutex_Object__DESC__C)

.const:ti_sysbios_hal_Hwi_Object__DESC__C 
*          0    00000330    00000020     
                  00000330    00000020     labra_pem3.oem3 (.const:ti_sysbios_hal_Hwi_Object__DESC__C)

.const:ti_sysbios_heaps_HeapMem_Object__DESC__C 
*          0    00000350    00000020     
                  00000350    00000020     labra_pem3.oem3 (.const:ti_sysbios_heaps_HeapMem_Object__DESC__C)

.const:ti_sysbios_knl_Clock_Object__DESC__C 
*          0    00000370    00000020     
                  00000370    00000020     labra_pem3.oem3 (.const:ti_sysbios_knl_Clock_Object__DESC__C)

.const:ti_sysbios_knl_Mailbox_Object__DESC__C 
*          0    00000390    00000020     
                  00000390    00000020     labra_pem3.oem3 (.const:ti_sysbios_knl_Mailbox_Object__DESC__C)

.const:ti_sysbios_knl_Queue_Object__DESC__C 
*          0    000003b0    00000020     
                  000003b0    00000020     labra_pem3.oem3 (.const:ti_sysbios_knl_Queue_Object__DESC__C)

.const:ti_sysbios_knl_Semaphore_Object__DESC__C 
*          0    000003d0    00000020     
                  000003d0    00000020     labra_pem3.oem3 (.const:ti_sysbios_knl_Semaphore_Object__DESC__C)

.const:ti_sysbios_knl_Swi_Object__DESC__C 
*          0    000003f0    00000020     
                  000003f0    00000020     labra_pem3.oem3 (.const:ti_sysbios_knl_Swi_Object__DESC__C)

.const:ti_sysbios_knl_Task_Object__DESC__C 
*          0    00000410    00000020     
                  00000410    00000020     labra_pem3.oem3 (.const:ti_sysbios_knl_Task_Object__DESC__C)

.const:ti_sysbios_gates_GateHwi_Object__PARAMS__C 
*          0    00000430    00000018     
                  00000430    00000018     labra_pem3.oem3 (.const:ti_sysbios_gates_GateHwi_Object__PARAMS__C)

.const:ti_sysbios_gates_GateMutex_Object__PARAMS__C 
*          0    00000448    00000018     
                  00000448    00000018     labra_pem3.oem3 (.const:ti_sysbios_gates_GateMutex_Object__PARAMS__C)

.const:ti_sysbios_knl_Queue_Object__PARAMS__C 
*          0    00000460    00000018     
                  00000460    00000018     labra_pem3.oem3 (.const:ti_sysbios_knl_Queue_Object__PARAMS__C)

.const:ti_sysbios_knl_Idle_funcList__C 
*          0    00000478    00000008     
                  00000478    00000008     labra_pem3.oem3 (.const:ti_sysbios_knl_Idle_funcList__C)

.const:ti_sysbios_family_arm_cc26xx_Timer_startupNeeded__C 
*          0    00000484    00000004     
                  00000484    00000004     labra_pem3.oem3 (.const:ti_sysbios_family_arm_cc26xx_Timer_startupNeeded__C)

.const:ti_sysbios_family_arm_m3_Hwi_E_alreadyDefined__C 
*          0    00000488    00000004     
                  00000488    00000004     labra_pem3.oem3 (.const:ti_sysbios_family_arm_m3_Hwi_E_alreadyDefined__C)

.const:ti_sysbios_family_arm_m3_Hwi_E_hwiLimitExceeded__C 
*          0    0000048c    00000004     
                  0000048c    00000004     labra_pem3.oem3 (.const:ti_sysbios_family_arm_m3_Hwi_E_hwiLimitExceeded__C)

.const:ti_sysbios_family_arm_m3_Hwi_NUM_INTERRUPTS__C 
*          0    00000490    00000004     
                  00000490    00000004     labra_pem3.oem3 (.const:ti_sysbios_family_arm_m3_Hwi_NUM_INTERRUPTS__C)

.const:ti_sysbios_family_arm_m3_Hwi_Object__count__C 
*          0    00000494    00000004     
                  00000494    00000004     labra_pem3.oem3 (.const:ti_sysbios_family_arm_m3_Hwi_Object__count__C)

.const:ti_sysbios_family_arm_m3_Hwi_Object__table__C 
*          0    00000498    00000004     
                  00000498    00000004     labra_pem3.oem3 (.const:ti_sysbios_family_arm_m3_Hwi_Object__table__C)

.const:ti_sysbios_family_arm_m3_Hwi_ccr__C 
*          0    0000049c    00000004     
                  0000049c    00000004     labra_pem3.oem3 (.const:ti_sysbios_family_arm_m3_Hwi_ccr__C)

.const:ti_sysbios_family_arm_m3_Hwi_excHandlerFunc__C 
*          0    000004a0    00000004     
                  000004a0    00000004     labra_pem3.oem3 (.const:ti_sysbios_family_arm_m3_Hwi_excHandlerFunc__C)

.const:ti_sysbios_family_arm_m3_Hwi_nullIsrFunc__C 
*          0    000004a4    00000004     
                  000004a4    00000004     labra_pem3.oem3 (.const:ti_sysbios_family_arm_m3_Hwi_nullIsrFunc__C)

.const:ti_sysbios_family_arm_m3_Hwi_numSparseInterrupts__C 
*          0    000004a8    00000004     
                  000004a8    00000004     labra_pem3.oem3 (.const:ti_sysbios_family_arm_m3_Hwi_numSparseInterrupts__C)

.const:ti_sysbios_family_arm_m3_Hwi_priGroup__C 
*          0    000004ac    00000004     
                  000004ac    00000004     labra_pem3.oem3 (.const:ti_sysbios_family_arm_m3_Hwi_priGroup__C)

.const:ti_sysbios_family_arm_m3_TaskSupport_stackAlignment__C 
*          0    000004b0    00000004     
                  000004b0    00000004     labra_pem3.oem3 (.const:ti_sysbios_family_arm_m3_TaskSupport_stackAlignment__C)

.const:ti_sysbios_heaps_HeapMem_E_memory__C 
*          0    000004b4    00000004     
                  000004b4    00000004     labra_pem3.oem3 (.const:ti_sysbios_heaps_HeapMem_E_memory__C)

.const:ti_sysbios_heaps_HeapMem_Module__gateObj__C 
*          0    000004b8    00000004     
                  000004b8    00000004     labra_pem3.oem3 (.const:ti_sysbios_heaps_HeapMem_Module__gateObj__C)

.const:ti_sysbios_heaps_HeapMem_Object__count__C 
*          0    000004bc    00000004     
                  000004bc    00000004     labra_pem3.oem3 (.const:ti_sysbios_heaps_HeapMem_Object__count__C)

.const:ti_sysbios_heaps_HeapMem_Object__table__C 
*          0    000004c0    00000004     
                  000004c0    00000004     labra_pem3.oem3 (.const:ti_sysbios_heaps_HeapMem_Object__table__C)

.const:ti_sysbios_heaps_HeapMem_reqAlign__C 
*          0    000004c4    00000004     
                  000004c4    00000004     labra_pem3.oem3 (.const:ti_sysbios_heaps_HeapMem_reqAlign__C)

.const:ti_sysbios_knl_Clock_serviceMargin__C 
*          0    000004c8    00000004     
                  000004c8    00000004     labra_pem3.oem3 (.const:ti_sysbios_knl_Clock_serviceMargin__C)

.const:ti_sysbios_knl_Mailbox_Object__count__C 
*          0    000004cc    00000004     
                  000004cc    00000004     labra_pem3.oem3 (.const:ti_sysbios_knl_Mailbox_Object__count__C)

.const:ti_sysbios_knl_Mailbox_Object__table__C 
*          0    000004d0    00000004     
                  000004d0    00000004     labra_pem3.oem3 (.const:ti_sysbios_knl_Mailbox_Object__table__C)

.const:ti_sysbios_knl_Queue_Object__count__C 
*          0    000004d4    00000004     
                  000004d4    00000004     labra_pem3.oem3 (.const:ti_sysbios_knl_Queue_Object__count__C)

.const:ti_sysbios_knl_Queue_Object__table__C 
*          0    000004d8    00000004     
                  000004d8    00000004     labra_pem3.oem3 (.const:ti_sysbios_knl_Queue_Object__table__C)

.const:ti_sysbios_knl_Swi_Object__count__C 
*          0    000004dc    00000004     
                  000004dc    00000004     labra_pem3.oem3 (.const:ti_sysbios_knl_Swi_Object__count__C)

.const:ti_sysbios_knl_Swi_Object__table__C 
*          0    000004e0    00000004     
                  000004e0    00000004     labra_pem3.oem3 (.const:ti_sysbios_knl_Swi_Object__table__C)

.const:ti_sysbios_knl_Swi_numPriorities__C 
*          0    000004e4    00000004     
                  000004e4    00000004     labra_pem3.oem3 (.const:ti_sysbios_knl_Swi_numPriorities__C)

.const:ti_sysbios_knl_Task_Object__count__C 
*          0    000004e8    00000004     
                  000004e8    00000004     labra_pem3.oem3 (.const:ti_sysbios_knl_Task_Object__count__C)

.const:ti_sysbios_knl_Task_Object__table__C 
*          0    000004ec    00000004     
                  000004ec    00000004     labra_pem3.oem3 (.const:ti_sysbios_knl_Task_Object__table__C)

.const:ti_sysbios_knl_Task_allBlockedFunc__C 
*          0    000004f0    00000004     
                  000004f0    00000004     labra_pem3.oem3 (.const:ti_sysbios_knl_Task_allBlockedFunc__C)

.const:ti_sysbios_knl_Task_defaultStackHeap__C 
*          0    000004f4    00000004     
                  000004f4    00000004     labra_pem3.oem3 (.const:ti_sysbios_knl_Task_defaultStackHeap__C)

.const:ti_sysbios_knl_Task_defaultStackSize__C 
*          0    000004f8    00000004     
                  000004f8    00000004     labra_pem3.oem3 (.const:ti_sysbios_knl_Task_defaultStackSize__C)

.const:ti_sysbios_knl_Task_numConstructedTasks__C 
*          0    000004fc    00000004     
                  000004fc    00000004     labra_pem3.oem3 (.const:ti_sysbios_knl_Task_numConstructedTasks__C)

.const:ti_sysbios_family_arm_cc26xx_Timer_Module__id__C 
*          0    00000502    00000002     
                  00000502    00000002     labra_pem3.oem3 (.const:ti_sysbios_family_arm_cc26xx_Timer_Module__id__C)

.const:ti_sysbios_family_arm_cc26xx_TimestampProvider_useClockTimer__C 
*          0    00000504    00000002     
                  00000504    00000002     labra_pem3.oem3 (.const:ti_sysbios_family_arm_cc26xx_TimestampProvider_useClockTimer__C)

.const:ti_sysbios_family_arm_m3_Hwi_Module__id__C 
*          0    00000506    00000002     
                  00000506    00000002     labra_pem3.oem3 (.const:ti_sysbios_family_arm_m3_Hwi_Module__id__C)

.const:ti_sysbios_gates_GateHwi_Module__id__C 
*          0    00000508    00000002     
                  00000508    00000002     labra_pem3.oem3 (.const:ti_sysbios_gates_GateHwi_Module__id__C)

.const:ti_sysbios_gates_GateMutex_Module__id__C 
*          0    0000050a    00000002     
                  0000050a    00000002     labra_pem3.oem3 (.const:ti_sysbios_gates_GateMutex_Module__id__C)

.const:ti_sysbios_heaps_HeapMem_Module__id__C 
*          0    0000050c    00000002     
                  0000050c    00000002     labra_pem3.oem3 (.const:ti_sysbios_heaps_HeapMem_Module__id__C)

.const:ti_sysbios_knl_Task_initStackFlag__C 
*          0    0000050e    00000002     
                  0000050e    00000002     labra_pem3.oem3 (.const:ti_sysbios_knl_Task_initStackFlag__C)

.const:ti_sysbios_knl_Clock_tickMode__C 
*          0    00000510    00000001     
                  00000510    00000001     labra_pem3.oem3 (.const:ti_sysbios_knl_Clock_tickMode__C)

.const:xdc_runtime_Startup_firstFxns__C 
*          0    00000514    00000008     
                  00000514    00000008     labra_pem3.oem3 (.const:xdc_runtime_Startup_firstFxns__C)

.const:xdc_runtime_Startup_lastFxns__C 
*          0    0000051c    00000008     
                  0000051c    00000008     labra_pem3.oem3 (.const:xdc_runtime_Startup_lastFxns__C)

.const:xdc_runtime_Assert_E_assertFailed__C 
*          0    00000524    00000004     
                  00000524    00000004     labra_pem3.oem3 (.const:xdc_runtime_Assert_E_assertFailed__C)

.const:xdc_runtime_Error_E_memory__C 
*          0    00000528    00000004     
                  00000528    00000004     labra_pem3.oem3 (.const:xdc_runtime_Error_E_memory__C)

.const:xdc_runtime_Error_policyFxn__C 
*          0    0000052c    00000004     
                  0000052c    00000004     labra_pem3.oem3 (.const:xdc_runtime_Error_policyFxn__C)

.const:xdc_runtime_IGateProvider_Interface__BASE__C 
*          0    00000530    00000004     
                  00000530    00000004     labra_pem3.oem3 (.const:xdc_runtime_IGateProvider_Interface__BASE__C)

.const:xdc_runtime_IHeap_Interface__BASE__C 
*          0    00000534    00000004     
                  00000534    00000004     labra_pem3.oem3 (.const:xdc_runtime_IHeap_Interface__BASE__C)

.const:xdc_runtime_IModule_Interface__BASE__C 
*          0    00000538    00000004     
                  00000538    00000004     labra_pem3.oem3 (.const:xdc_runtime_IModule_Interface__BASE__C)

.const:xdc_runtime_Main_Module__diagsEnabled__C 
*          0    0000053c    00000004     
                  0000053c    00000004     labra_pem3.oem3 (.const:xdc_runtime_Main_Module__diagsEnabled__C)

.const:xdc_runtime_Main_Module__diagsIncluded__C 
*          0    00000540    00000004     
                  00000540    00000004     labra_pem3.oem3 (.const:xdc_runtime_Main_Module__diagsIncluded__C)

.const:xdc_runtime_Main_Module__diagsMask__C 
*          0    00000544    00000004     
                  00000544    00000004     labra_pem3.oem3 (.const:xdc_runtime_Main_Module__diagsMask__C)

.const:xdc_runtime_Memory_defaultHeapInstance__C 
*          0    00000548    00000004     
                  00000548    00000004     labra_pem3.oem3 (.const:xdc_runtime_Memory_defaultHeapInstance__C)

.const:xdc_runtime_Startup_execImpl__C 
*          0    0000054c    00000004     
                  0000054c    00000004     labra_pem3.oem3 (.const:xdc_runtime_Startup_execImpl__C)

.const:xdc_runtime_Startup_maxPasses__C 
*          0    00000550    00000004     
                  00000550    00000004     labra_pem3.oem3 (.const:xdc_runtime_Startup_maxPasses__C)

.const:xdc_runtime_Startup_sfxnRts__C 
*          0    00000554    00000004     
                  00000554    00000004     labra_pem3.oem3 (.const:xdc_runtime_Startup_sfxnRts__C)

.const:xdc_runtime_Startup_sfxnTab__C 
*          0    00000558    00000004     
                  00000558    00000004     labra_pem3.oem3 (.const:xdc_runtime_Startup_sfxnTab__C)

.const:xdc_runtime_Startup_startModsFxn__C 
*          0    0000055c    00000004     
                  0000055c    00000004     labra_pem3.oem3 (.const:xdc_runtime_Startup_startModsFxn__C)

.const:xdc_runtime_SysCallback_abortFxn__C 
*          0    00000560    00000004     
[...]
1001c289  ti_sysbios_hal_Hwi_getStackInfo__E                                        
1001c28d  ti_sysbios_hal_Hwi_HwiProxy_startup__E                                    
1001c28d  ti_sysbios_hal_Hwi_startup__E                                             
1001c291  ti_sysbios_hal_Hwi_HwiProxy_switchFromBootStack__E                        
1001c295  ti_sysbios_hal_Hwi_delete                                                 
1001c299  ti_sysbios_hal_Hwi_switchFromBootStack__E                                 
1001c29d  ti_sysbios_heaps_HeapMem_Module_GateProxy_enter__E                        
1001c2a1  ti_sysbios_heaps_HeapMem_Module_GateProxy_leave__E                        
1001c2a5  ti_sysbios_heaps_HeapMem_isBlocking__E                                    
1001c2a9  ti_sysbios_knl_Clock_TimerProxy_Module__startupDone__S                    
1001c2ad  ti_sysbios_knl_Clock_TimerProxy_getExpiredTicks__E                        
1001c2b1  ti_sysbios_knl_Clock_TimerProxy_getPeriod__E                              
1001c2b5  ti_sysbios_knl_Clock_delete                                               
1001c2b9  ti_sysbios_knl_Clock_destruct                                             
1001c2bd  ti_sysbios_knl_Clock_removeI__E                                           
1001c2c1  ti_sysbios_knl_Clock_setTimeout__E                                        
1001c2c5  ti_sysbios_knl_Mailbox_delete                                             
1001c2c9  ti_sysbios_knl_Mailbox_destruct                                           
1001c2cd  ti_sysbios_knl_Queue_delete                                               
1001c2d1  ti_sysbios_knl_Queue_destruct                                             
1001c2d5  ti_sysbios_knl_Queue_head__E                                              
1001c2d9  ti_sysbios_knl_Queue_next__E                                              
1001c2dd  ti_sysbios_knl_Semaphore_delete                                           
1001c2e1  ti_sysbios_knl_Semaphore_destruct                                         
1001c2e5  ti_sysbios_knl_Swi_delete                                                 
1001c2e9  ti_sysbios_knl_Swi_destruct                                               
1001c2ed  ti_sysbios_knl_Swi_postInit__I                                            
1001c2f1  ti_sysbios_knl_Task_SupportProxy_Module__startupDone__S                   
1001c2f5  ti_sysbios_knl_Task_SupportProxy_getStackAlignment__E                     
1001c2f9  ti_sysbios_knl_Task_SupportProxy_start__E                                 
1001c2fd  ti_sysbios_knl_Task_SupportProxy_swap__E                                  
1001c301  ti_sysbios_knl_Task_delete                                                
1001c305  ti_sysbios_knl_Task_destruct                                              
1001c309  ti_sysbios_knl_Task_startup__E                                            
1001c30d  xdc_runtime_Startup_startMods__I                                          
1001c405  xdc_runtime_Core_createObject__I                                          
1001c487  xdc_runtime_Error_policySpin__E                                           
1001c489  xdc_runtime_Memory_alloc__E                                               
1001c4f9  xdc_runtime_Core_deleteObject__I                                          
1001c559  xdc_runtime_Startup_exec__E                                               
1001c5a9  xdc_runtime_Assert_raise__I                                               
1001c5f1  xdc_runtime_Core_assignParams__I                                          
1001c639  xdc_runtime_Core_constructObject__I                                       
1001c681  xdc_runtime_System_atexit__E                                              
1001c6b9  xdc_runtime_System_processAtExit__E                                       
1001c6ed  xdc_runtime_Core_assignLabel__I                                           
1001c71d  xdc_runtime_Text_cordText__E                                              
1001c749  xdc_runtime_System_abort__E                                               
1001c769  xdc_runtime_Error_raiseX__E                                               
1001c785  xdc_runtime_Memory_valloc__E                                              
1001c7a1  xdc_runtime_Core_destructObject__I                                        
1001c7b9  xdc_runtime_Error_check__E                                                
1001c7d1  xdc_runtime_System_exit__E                                                
1001c7e9  xdc_runtime_Text_ropeText__E                                              
1001c801  xdc_runtime_Memory_free__E                                                
1001c811  xdc_runtime_SysCallback_abort__E                                          
1001c821  xdc_runtime_SysCallback_exit__E                                           
1001c831  xdc_runtime_Timestamp_SupportProxy_get32__E                               
1001c831  xdc_runtime_Timestamp_get32__E                                            
1001c841  xdc_runtime_Error_init__E                                                 
1001c84d  xdc_runtime_Memory_calloc__E                                              
1001c859  xdc_runtime_Memory_getMaxDefaultTypeAlign__E                              
1001c879  xdc_runtime_Gate_leaveSystem__E                                           
1001c87f  xdc_runtime_System_Module_startup__E                                      
1001c885  xdc_runtime_Gate_enterSystem__E                                           
1001c889  xdc_runtime_Memory_HeapProxy_alloc__E                                     
1001c88d  xdc_runtime_Memory_HeapProxy_free__E                                      
1001c891  xdc_runtime_System_Module_GateProxy_enter__E                              
1001c895  xdc_runtime_System_Module_GateProxy_leave__E                              
1001c899  xdc_runtime_System_abortSpin__E                                           
1001c89b  xdc_runtime_System_exitSpin__E                                            
1001c89d  ti_sysbios_family_arm_m3_Hwi_dispatch__I                                  
1001c96d  ti_sysbios_family_arm_m3_TaskSupport_buildTaskStack                       
1001c9b9  ti_sysbios_family_arm_m3_Hwi_initStacks__E                                
1001ca01  ti_sysbios_family_arm_m3_Hwi_excHandlerAsm__I                             
1001ca21  ti_sysbios_family_xxx_Hwi_switchAndRunFunc                                
1001ca3f  ti_sysbios_family_arm_m3_Hwi_pendSV__I                                    
1001ca57  ti_sysbios_family_arm_m3_Hwi_return                                       
1001ca59  ti_sysbios_family_arm_m3_TaskSupport_glue                                 
1001ca69  ti_sysbios_family_arm_m3_TaskSupport_swap__E                              
1001ca71  ti_sysbios_knl_Task_swapReturn                                            
1001ca9b  ti_sysbios_rom_cortexm_cc26xx_CC26xx_getRevision__E                       
20000000  ti_sysbios_family_arm_m3_Hwi_ramVectors                                   
20000100  ti_sysbios_knl_Task_Module__state__V                                      
20000144  ti_sysbios_family_arm_m3_Hwi_Module__state__V                             
20000178  ti_sysbios_knl_Clock_Module__state__V                                     
200001a4  ti_sysbios_BIOS_Module__state__V                                          
200001c8  ti_sysbios_knl_Swi_Module__state__V                                       
200001e4  ti_sysbios_family_arm_cc26xx_Timer_Module__state__V                       
200001ec  ti_sysbios_family_arm_cc26xx_TimestampProvider_Module__state__V           
200001f0  xdc_runtime_Startup_Module__state__V                                      
200001f8  xdc_runtime_System_Module__state__V                                       
20000200  xdc_runtime_Memory_Module__state__V                                       
20000520  commTaskStack                                                             
20000d20  labTaskStack                                                              
200019a0  ti_sysbios_heaps_HeapMem_Instance_State_0_buf__A                          
20001da0  ti_sysbios_knl_Task_Instance_State_0_stack__A                             
20001fa0  spiCC26XXDMAObjects                                                       
20002158  __CIOBUF_                                                                 
20002278  uartCC26XXObjects                                                         
2000238c  i2cCC26xxObjects                                                          
2000246c  ti_sysbios_family_arm_m3_Hwi_dispatchTable                                
20002664  xdc_runtime_SysMin_Module_State_0_outbuf__A                               
200026e4  PIN_HandleTable                                                           
20002760  displaySharpObject                                                        
200027cc  PIN_NumPins                                                               
20002844  cpe0Params                                                                
20002870  cpe1Params                                                                
200028bc  udmaObjects                                                               
2000292c  SelfTest                                                                  
2000297c  i2cMPUParams                                                              
200029e4  aRes                                                                      
200029e8  ax                                                                        
200029ec  ay                                                                        
200029f0  az                                                                        
200029f4  cpe0Handle                                                                
200029f8  cpe1Handle                                                                
200029fc  gRes                                                                      
20002a00  gx                                                                        
20002a04  gy                                                                        
20002a08  gz                                                                        
20002a0c  i2c                                                                       
20002a10  i2cMPU                                                                    
20002a1c  rx_read_entry                                                             
20002a27  driverlib_release_0_46593                                                 
20002a2a  value_b1                                                                  
20002a30  PowerCC26XX_module                                                        
20002bbf  rssi                                                                      
20002bc0  ti_sysbios_knl_Task_Object__table__V                                      
20002c10  ti_sysbios_family_arm_cc26xx_Timer_Object__table__V                       
20002c58  state_data                                                                
20002c5c  state_mpu                                                                 
20002c60  t_mpu                                                                     
20002c64  t_0_mpu                                                                   
20002c68  t_error                                                                   
20002c6c  num_moves                                                                 
20002c70  state_bp                                                                  
20002c74  t_bp                                                                      
20002c78  t_0_bp                                                                    
20002c7c  value_bp                                                                  
20002c80  state_b1                                                                  
20002c84  t_b1                                                                      
20002c88  t_0_b1                                                                    
20002c8c  t_debounce                                                                
20002c90  t_longhold                                                                
20002c94  ti_sysbios_gates_GateMutex_Object__table__V                               
20002ccc  ti_sysbios_knl_Swi_Module_State_0_readyQ__A                               
20002cfc  ti_sysbios_knl_Swi_Object__table__V                                       
20002d58  ti_sysbios_knl_Clock_Object__table__V                                     
20002d78  ti_sysbios_knl_Task_Module_State_0_readyQ__A                              
20002d98  ti_sysbios_family_arm_m3_Hwi_Object__table__V                             
20002db0  ti_sysbios_heaps_HeapMem_Object__table__V                                 
20002dc8  accelBias                                                                 
20002dd4  gyroBias                                                                  
20002de0  xdc_runtime_SysMin_Module__state__V                                       
20002dec  direction                                                                 
20002df6  str_moves                                                                 
20002e00  _lock                                                                     
20002e04  _unlock                                                                   
20002e10  PbuttonConfig                                                             
20002e18  buttonConfig                                                              
20002e20  ledConfig                                                                 
20002e30  ti_sysbios_family_arm_m3_Hwi_Module__root__V                              
20002e38  ti_sysbios_gates_GateHwi_Module__root__V                                  
20002e40  ti_sysbios_gates_GateMutex_Module__root__V                                
20002e48  ti_sysbios_hal_Hwi_Module__root__V                                        
20002e50  ti_sysbios_heaps_HeapMem_Module__root__V                                  
20002e58  ti_sysbios_knl_Clock_Module__root__V                                      
20002e60  ti_sysbios_knl_Mailbox_Module__root__V                                    
20002e68  ti_sysbios_knl_Queue_Module__root__V                                      
20002e70  ti_sysbios_knl_Semaphore_Module__root__V                                  
20002e78  ti_sysbios_knl_Swi_Module__root__V                                        
20002e80  ti_sysbios_knl_Task_Module__root__V                                       
20002e88  xdc_runtime_Registry_Module__state__V                                     
20002e90  xdc_runtime_System_Module_State_0_atexitHandlers__A                       
20002ea0  errno                                                                     
20002ea4  main_func_sp                                                              
20002ea8  ti_sysbios_family_arm_m3_Hwi_Module_State_0_excContext__A                 
20002eac  ti_sysbios_family_arm_m3_Hwi_Module_State_0_excStack__A                   
20002eb0  ti_sysbios_knl_Task_Module_State_0_idleTask__A                            
20002eb6  Gscale                                                                    
20002eb7  Ascale                                                                    
20002eb8  ti_sysbios_family_arm_m3_Hwi_Module_State_0_excActive__A                  
20004d00  __stack                                                                   
20005000  __STACK_END                                                               
e000e000  ti_sysbios_family_arm_m3_Hwi_nvic                                         
ffffffff  __TI_pprof_out_hndl                                                       
ffffffff  __TI_prof_data_size                                                       
ffffffff  __TI_prof_data_start                                                      
ffffffff  __binit__                                                                 
ffffffff  __c_args__                                                                
ffffffff  binit                                                                     
UNDEFED   HwiP_restore                                                              
UNDEFED   SHT$$INIT_ARRAY$$Base                                                     
UNDEFED   SHT$$INIT_ARRAY$$Limit                                                    
UNDEFED   ti_sysbios_BIOS_RtsGateProxy_Handle__label__S__mangled__                  
UNDEFED   ti_sysbios_BIOS_RtsGateProxy_Object__delete__S__mangled__                 
UNDEFED   ti_sysbios_BIOS_RtsGateProxy_Params__init__S__mangled__                   
UNDEFED   ti_sysbios_BIOS_RtsGateProxy_query__E__mangled__                          
UNDEFED   ti_sysbios_hal_Hwi_HwiProxy_Module__startupDone__S__mangled__             
UNDEFED   ti_sysbios_hal_Hwi_HwiProxy_Object__delete__S__mangled__                  
UNDEFED   ti_sysbios_hal_Hwi_HwiProxy_Params__init__S__mangled__                    
UNDEFED   ti_sysbios_hal_Hwi_HwiProxy_disableInterrupt__E__mangled__                
UNDEFED   ti_sysbios_hal_Hwi_HwiProxy_enableInterrupt__E__mangled__                 
UNDEFED   ti_sysbios_hal_Hwi_HwiProxy_getStackInfo__E__mangled__                    
UNDEFED   ti_sysbios_hal_Hwi_HwiProxy_startup__E__mangled__                         
UNDEFED   ti_sysbios_hal_Hwi_HwiProxy_switchFromBootStack__E__mangled__             
UNDEFED   ti_sysbios_hal_Hwi_disableInterrupt__E                                    
UNDEFED   ti_sysbios_hal_Hwi_enableInterrupt__E                                     
UNDEFED   ti_sysbios_hal_Hwi_getStackInfo__E                                        
UNDEFED   ti_sysbios_hal_Hwi_startup__E                                             
UNDEFED   ti_sysbios_hal_Hwi_switchFromBootStack__E                                 
UNDEFED   ti_sysbios_heaps_HeapMem_Module_GateProxy_Handle__label__S__mangled__     
UNDEFED   ti_sysbios_heaps_HeapMem_Module_GateProxy_Object__delete__S__mangled__    
UNDEFED   ti_sysbios_heaps_HeapMem_Module_GateProxy_Params__init__S__mangled__      
UNDEFED   ti_sysbios_heaps_HeapMem_Module_GateProxy_query__E__mangled__             
UNDEFED   ti_sysbios_knl_Clock_TimerProxy_Module__startupDone__S__mangled__         
UNDEFED   ti_sysbios_knl_Clock_TimerProxy_startup__E__mangled__                     
UNDEFED   ti_sysbios_knl_Task_SupportProxy_Module__startupDone__S__mangled__        
UNDEFED   ti_sysbios_knl_Task_SupportProxy_getStackAlignment__E__mangled__          
UNDEFED   ti_sysbios_knl_Task_SupportProxy_start__E__mangled__                      
UNDEFED   ti_sysbios_knl_Task_SupportProxy_swap__E__mangled__                       
UNDEFED   xdc_runtime_Main_Module_GateProxy_Handle__label__S                        
UNDEFED   xdc_runtime_Main_Module_GateProxy_Object__delete__S                       
UNDEFED   xdc_runtime_Main_Module_GateProxy_query__E                                
UNDEFED   xdc_runtime_Memory_HeapProxy_Handle__label__S__mangled__                  
UNDEFED   xdc_runtime_Memory_HeapProxy_Object__delete__S__mangled__                 
UNDEFED   xdc_runtime_System_Module_GateProxy_Handle__label__S__mangled__           
UNDEFED   xdc_runtime_System_Module_GateProxy_Object__delete__S__mangled__          
UNDEFED   xdc_runtime_System_Module_GateProxy_query__E__mangled__                   
UNDEFED   xdc_runtime_Timestamp_SupportProxy_get64__E__mangled__                    
UNDEFED   xdc_runtime_Timestamp_SupportProxy_getFreq__E__mangled__                  
UNDEFED   xdc_runtime_Timestamp_get32__E                                            
UNDEFED   xdc_runtime_Timestamp_get64__E                                            
UNDEFED   xdc_runtime_Timestamp_getFreq__E                                          

[942 symbols]
