******************************************************************************
                  TI ARM Linker PC v15.12.1                    
******************************************************************************
>> Linked Tue Oct 20 18:23:04 2020

OUTPUT FILE NAME:   <JTKJ_labra.out>
ENTRY POINT SYMBOL: "ResetISR"  address: 00006695


MEMORY CONFIGURATION

         name            origin    length      used     unused   attr    fill
----------------------  --------  ---------  --------  --------  ----  --------
  FLASH                 00000000   00020000  00007e4a  000181b6  R  X
  SRAM                  20000000   00005000  00001ccb  00003335  RW X


SEGMENT ALLOCATION MAP

run origin  load origin   length   init length attrs members
----------  ----------- ---------- ----------- ----- -------
00000000    00000000    0000003c   0000003c    r--
  00000000    00000000    0000003c   0000003c    r-- .resetVecs
00000100    00000100    00007dc4   00007dc4    r-x
  00000100    00000100    0000003c   0000003c    r-- .const:ti_sysbios_knl_Task_Object__PARAMS__C
  0000013c    0000013c    00000034   00000034    r-- .const:ti_sysbios_knl_Mailbox_Object__PARAMS__C
  00000170    00000170    00000030   00000030    r-- .const:ti_sysbios_family_arm_m3_Hwi_Object__PARAMS__C
  000001a0    000001a0    0000002c   0000002c    r-- .const:ti_sysbios_hal_Hwi_Object__PARAMS__C
  000001cc    000001cc    00000028   00000028    r-- .const:ti_sysbios_heaps_HeapMem_Module__FXNS__C
  000001f4    000001f4    00000028   00000028    r-- .const:ti_sysbios_knl_Swi_Object__PARAMS__C
  0000021c    0000021c    00000024   00000024    r-- .const:ti_sysbios_gates_GateHwi_Module__FXNS__C
  00000240    00000240    00000024   00000024    r-- .const:ti_sysbios_gates_GateMutex_Module__FXNS__C
  00000264    00000264    00000024   00000024    r-- .const:ti_sysbios_heaps_HeapMem_Object__PARAMS__C
  00000288    00000288    00000024   00000024    r-- .const:ti_sysbios_knl_Clock_Object__PARAMS__C
  000002ac    000002ac    00000024   00000024    r-- .const:ti_sysbios_knl_Semaphore_Object__PARAMS__C
  000002d0    000002d0    00000020   00000020    r-- .const:ti_sysbios_family_arm_m3_Hwi_Object__DESC__C
  000002f0    000002f0    00000020   00000020    r-- .const:ti_sysbios_gates_GateHwi_Object__DESC__C
  00000310    00000310    00000020   00000020    r-- .const:ti_sysbios_gates_GateMutex_Object__DESC__C
  00000330    00000330    00000020   00000020    r-- .const:ti_sysbios_hal_Hwi_Object__DESC__C
  00000350    00000350    00000020   00000020    r-- .const:ti_sysbios_heaps_HeapMem_Object__DESC__C
  00000370    00000370    00000020   00000020    r-- .const:ti_sysbios_knl_Clock_Object__DESC__C
  00000390    00000390    00000020   00000020    r-- .const:ti_sysbios_knl_Mailbox_Object__DESC__C
  000003b0    000003b0    00000020   00000020    r-- .const:ti_sysbios_knl_Queue_Object__DESC__C
  000003d0    000003d0    00000020   00000020    r-- .const:ti_sysbios_knl_Semaphore_Object__DESC__C
  000003f0    000003f0    00000020   00000020    r-- .const:ti_sysbios_knl_Swi_Object__DESC__C
  00000410    00000410    00000020   00000020    r-- .const:ti_sysbios_knl_Task_Object__DESC__C
  00000430    00000430    00000018   00000018    r-- .const:ti_sysbios_gates_GateHwi_Object__PARAMS__C
  00000448    00000448    00000018   00000018    r-- .const:ti_sysbios_gates_GateMutex_Object__PARAMS__C
  00000460    00000460    00000018   00000018    r-- .const:ti_sysbios_knl_Queue_Object__PARAMS__C
  00000478    00000478    00000008   00000008    r-- .const:ti_sysbios_knl_Idle_funcList__C
  00000484    00000484    00000004   00000004    r-- .const:ti_sysbios_family_arm_cc26xx_Timer_startupNeeded__C
  00000488    00000488    00000004   00000004    r-- .const:ti_sysbios_family_arm_m3_Hwi_E_alreadyDefined__C
  0000048c    0000048c    00000004   00000004    r-- .const:ti_sysbios_family_arm_m3_Hwi_E_hwiLimitExceeded__C
  00000490    00000490    00000004   00000004    r-- .const:ti_sysbios_family_arm_m3_Hwi_NUM_INTERRUPTS__C
  00000494    00000494    00000004   00000004    r-- .const:ti_sysbios_family_arm_m3_Hwi_Object__count__C
  00000498    00000498    00000004   00000004    r-- .const:ti_sysbios_family_arm_m3_Hwi_Object__table__C
  0000049c    0000049c    00000004   00000004    r-- .const:ti_sysbios_family_arm_m3_Hwi_ccr__C
  000004a0    000004a0    00000004   00000004    r-- .const:ti_sysbios_family_arm_m3_Hwi_excHandlerFunc__C
  000004a4    000004a4    00000004   00000004    r-- .const:ti_sysbios_family_arm_m3_Hwi_nullIsrFunc__C
  000004a8    000004a8    00000004   00000004    r-- .const:ti_sysbios_family_arm_m3_Hwi_numSparseInterrupts__C
  000004ac    000004ac    00000004   00000004    r-- .const:ti_sysbios_family_arm_m3_Hwi_priGroup__C
  000004b0    000004b0    00000004   00000004    r-- .const:ti_sysbios_family_arm_m3_TaskSupport_stackAlignment__C
  000004b4    000004b4    00000004   00000004    r-- .const:ti_sysbios_heaps_HeapMem_E_memory__C
  000004b8    000004b8    00000004   00000004    r-- .const:ti_sysbios_heaps_HeapMem_Module__gateObj__C
  000004bc    000004bc    00000004   00000004    r-- .const:ti_sysbios_heaps_HeapMem_Object__count__C
  000004c0    000004c0    00000004   00000004    r-- .const:ti_sysbios_heaps_HeapMem_Object__table__C
  000004c4    000004c4    00000004   00000004    r-- .const:ti_sysbios_heaps_HeapMem_reqAlign__C
  000004c8    000004c8    00000004   00000004    r-- .const:ti_sysbios_knl_Clock_serviceMargin__C
  000004cc    000004cc    00000004   00000004    r-- .const:ti_sysbios_knl_Mailbox_Object__count__C
  000004d0    000004d0    00000004   00000004    r-- .const:ti_sysbios_knl_Mailbox_Object__table__C
  000004d4    000004d4    00000004   00000004    r-- .const:ti_sysbios_knl_Queue_Object__count__C
  000004d8    000004d8    00000004   00000004    r-- .const:ti_sysbios_knl_Queue_Object__table__C
  000004dc    000004dc    00000004   00000004    r-- .const:ti_sysbios_knl_Swi_Object__count__C
  000004e0    000004e0    00000004   00000004    r-- .const:ti_sysbios_knl_Swi_Object__table__C
  000004e4    000004e4    00000004   00000004    r-- .const:ti_sysbios_knl_Swi_numPriorities__C
  000004e8    000004e8    00000004   00000004    r-- .const:ti_sysbios_knl_Task_Object__count__C
  000004ec    000004ec    00000004   00000004    r-- .const:ti_sysbios_knl_Task_Object__table__C
  000004f0    000004f0    00000004   00000004    r-- .const:ti_sysbios_knl_Task_allBlockedFunc__C
  000004f4    000004f4    00000004   00000004    r-- .const:ti_sysbios_knl_Task_defaultStackHeap__C
  000004f8    000004f8    00000004   00000004    r-- .const:ti_sysbios_knl_Task_defaultStackSize__C
  000004fc    000004fc    00000004   00000004    r-- .const:ti_sysbios_knl_Task_numConstructedTasks__C
  00000502    00000502    00000002   00000002    r-- .const:ti_sysbios_family_arm_cc26xx_Timer_Module__id__C
  00000504    00000504    00000002   00000002    r-- .const:ti_sysbios_family_arm_cc26xx_TimestampProvider_useClockTimer__C
  00000506    00000506    00000002   00000002    r-- .const:ti_sysbios_family_arm_m3_Hwi_Module__id__C
  00000508    00000508    00000002   00000002    r-- .const:ti_sysbios_gates_GateHwi_Module__id__C
  0000050a    0000050a    00000002   00000002    r-- .const:ti_sysbios_gates_GateMutex_Module__id__C
  0000050c    0000050c    00000002   00000002    r-- .const:ti_sysbios_heaps_HeapMem_Module__id__C
  0000050e    0000050e    00000002   00000002    r-- .const:ti_sysbios_knl_Task_initStackFlag__C
  00000510    00000510    00000001   00000001    r-- .const:ti_sysbios_knl_Clock_tickMode__C
  00000514    00000514    00000008   00000008    r-- .const:xdc_runtime_Startup_firstFxns__C
  0000051c    0000051c    00000008   00000008    r-- .const:xdc_runtime_Startup_lastFxns__C
  00000524    00000524    00000004   00000004    r-- .const:xdc_runtime_Assert_E_assertFailed__C
  00000528    00000528    00000004   00000004    r-- .const:xdc_runtime_Error_E_memory__C
  0000052c    0000052c    00000004   00000004    r-- .const:xdc_runtime_Error_policyFxn__C
  00000530    00000530    00000004   00000004    r-- .const:xdc_runtime_IGateProvider_Interface__BASE__C
  00000534    00000534    00000004   00000004    r-- .const:xdc_runtime_IHeap_Interface__BASE__C
  00000538    00000538    00000004   00000004    r-- .const:xdc_runtime_IModule_Interface__BASE__C
  0000053c    0000053c    00000004   00000004    r-- .const:xdc_runtime_Main_Module__diagsEnabled__C
  00000540    00000540    00000004   00000004    r-- .const:xdc_runtime_Main_Module__diagsIncluded__C
  00000544    00000544    00000004   00000004    r-- .const:xdc_runtime_Main_Module__diagsMask__C
  00000548    00000548    00000004   00000004    r-- .const:xdc_runtime_Memory_defaultHeapInstance__C
  0000054c    0000054c    00000004   00000004    r-- .const:xdc_runtime_Startup_execImpl__C
  00000550    00000550    00000004   00000004    r-- .const:xdc_runtime_Startup_maxPasses__C
  00000554    00000554    00000004   00000004    r-- .const:xdc_runtime_Startup_sfxnRts__C
  00000558    00000558    00000004   00000004    r-- .const:xdc_runtime_Startup_sfxnTab__C
  0000055c    0000055c    00000004   00000004    r-- .const:xdc_runtime_Startup_startModsFxn__C
  00000560    00000560    00000004   00000004    r-- .const:xdc_runtime_SysCallback_abortFxn__C
  00000564    00000564    00000004   00000004    r-- .const:xdc_runtime_SysCallback_exitFxn__C
  00000568    00000568    00000004   00000004    r-- .const:xdc_runtime_System_abortFxn__C
  0000056c    0000056c    00000004   00000004    r-- .const:xdc_runtime_System_exitFxn__C
  00000570    00000570    00000004   00000004    r-- .const:xdc_runtime_System_maxAtexitHandlers__C
  00000574    00000574    00000004   00000004    r-- .const:xdc_runtime_Text_charTab__C
  00000578    00000578    00000004   00000004    r-- .const:xdc_runtime_Text_nameEmpty__C
  0000057c    0000057c    00000004   00000004    r-- .const:xdc_runtime_Text_nameStatic__C
  00000580    00000580    00000004   00000004    r-- .const:xdc_runtime_Text_nameUnknown__C
  00000584    00000584    00000002   00000002    r-- .const:xdc_runtime_Main_Module__id__C
  00000586    00000586    00000002   00000002    r-- .const:xdc_runtime_Memory_Module__id__C
  00000588    00000588    00000002   00000002    r-- .const:xdc_runtime_Text_charCnt__C
  0000058a    0000058a    00000002   00000002    r-- .const:xdc_runtime_Text_isLoaded__C
  0000058c    0000058c    00000001   00000001    r-- .const:xdc_runtime_Error_policy__C
  00000590    00000590    00000004   00000004    r-- .const:ti_sysbios_rom_ROM_AONRTCChannelEnable
  00000594    00000594    00000004   00000004    r-- .const:ti_sysbios_rom_ROM_AONRTCCompareValueSet
  00000598    00000598    00000004   00000004    r-- .const:ti_sysbios_rom_ROM_AONRTCCurrentCompareValueGet
  0000059c    0000059c    00000004   00000004    r-- .const:ti_sysbios_rom_ROM_AONRTCEventClear
  000005a0    000005a0    00000004   00000004    r-- .const:ti_sysbios_rom_ROM_ti_sysbios_family_arm_cc26xx_Timer_getCount64__E
  000005a4    000005a4    00000004   00000004    r-- .const:ti_sysbios_rom_ROM_ti_sysbios_family_arm_cc26xx_Timer_getCurrentTick__E
  000005a8    000005a8    00000004   00000004    r-- .const:ti_sysbios_rom_ROM_ti_sysbios_family_arm_cc26xx_Timer_getMaxTicks__E
  000005ac    000005ac    00000004   00000004    r-- .const:ti_sysbios_rom_ROM_ti_sysbios_family_arm_cc26xx_Timer_initDevice__I
  000005b0    000005b0    00000004   00000004    r-- .const:ti_sysbios_rom_ROM_ti_sysbios_family_arm_cc26xx_Timer_setNextTick__E
  000005b4    000005b4    00000004   00000004    r-- .const:ti_sysbios_rom_ROM_ti_sysbios_family_arm_cc26xx_Timer_setThreshold__I
  000005b8    000005b8    00000004   00000004    r-- .const:ti_sysbios_rom_ROM_ti_sysbios_family_arm_cc26xx_Timer_start__E
  000005bc    000005bc    00000004   00000004    r-- .const:ti_sysbios_rom_ROM_ti_sysbios_family_arm_cc26xx_TimestampProvider_get32__E
  000005c0    000005c0    00000004   00000004    r-- .const:ti_sysbios_rom_ROM_xdc_runtime_Startup_getState__I
  000005c4    000005c4    00000004   00000004    r-- .const:ti_sysbios_rom_ROM_xdc_runtime_System_SupportProxy_abort__E
  000005c8    000005c8    00000004   00000004    r-- .const:ti_sysbios_rom_ROM_xdc_runtime_System_SupportProxy_exit__E
  000005cc    000005cc    00000004   00000004    r-- .const:ti_sysbios_gates_GateMutex_Instance_State_sem__O
  000005d0    000005d0    00000004   00000004    r-- .const:ti_sysbios_knl_Clock_Module_State_clockQ__O
  000005d4    000005d4    00000004   00000004    r-- .const:ti_sysbios_knl_Mailbox_Instance_State_dataQue__O
  000005d8    000005d8    00000004   00000004    r-- .const:ti_sysbios_knl_Mailbox_Instance_State_dataSem__O
  000005dc    000005dc    00000004   00000004    r-- .const:ti_sysbios_knl_Mailbox_Instance_State_freeQue__O
  000005e0    000005e0    00000004   00000004    r-- .const:ti_sysbios_knl_Mailbox_Instance_State_freeSem__O
  000005e4    000005e4    00000004   00000004    r-- .const:ti_sysbios_knl_Semaphore_Instance_State_pendQ__O
  000005e8    000005e8    00000004   00000004    r-- .const:ti_sysbios_knl_Task_Module_State_inactiveQ__O
  000005ec    000005ec    0000724c   0000724c    r-x .text
  00007838    00007838    00000316   00000316    r-- .const
  00007b50    00007b50    00000374   00000374    r-- .cinit
0001ffa8    0001ffa8    00000058   00000058    r--
  0001ffa8    0001ffa8    00000058   00000058    r-- .ccfg
20000000    20000000    000000c8   00000000    rw-
  20000000    20000000    000000c8   00000000    rw- .vecs
20000100    20000100    00001908   00000000    rw-
  20000100    20000100    00000044   00000000    rw- .data:ti_sysbios_knl_Task_Module__state__V
  20000144    20000144    00000034   00000000    rw- .data:ti_sysbios_family_arm_m3_Hwi_Module__state__V
  20000178    20000178    0000002c   00000000    rw- .data:ti_sysbios_knl_Clock_Module__state__V
  200001a4    200001a4    00000024   00000000    rw- .data:ti_sysbios_BIOS_Module__state__V
  200001c8    200001c8    0000001c   00000000    rw- .data:ti_sysbios_knl_Swi_Module__state__V
  200001e4    200001e4    00000008   00000000    rw- .data:ti_sysbios_family_arm_cc26xx_Timer_Module__state__V
  200001ec    200001ec    00000004   00000000    rw- .data:ti_sysbios_family_arm_cc26xx_TimestampProvider_Module__state__V
  200001f0    200001f0    00000008   00000000    rw- .data:xdc_runtime_Startup_Module__state__V
  200001f8    200001f8    00000008   00000000    rw- .data:xdc_runtime_System_Module__state__V
  20000200    20000200    00000004   00000000    rw- .data:xdc_runtime_Memory_Module__state__V
  20000208    20000208    00001487   00000000    rw- .bss
  20001690    20001690    00000378   00000000    rw- .data
20004d00    20004d00    00000300   00000000    rw-
  20004d00    20004d00    00000300   00000000    rw- .stack


SECTION ALLOCATION MAP

 output                                  attributes/
section   page    origin      length       input sections
--------  ----  ----------  ----------   ----------------
.text      0    000005ec    0000724c     
                  000005ec    000009b0     rtsv7M3_T_le_eabi.lib : e_pow.obj (.text)
                  00000f9c    00000578     mpu9250.obj (.text:MPU9250SelfTest)
                  00001514    000004c4     mpu9250.obj (.text:accelgyrocalMPU9250)
                  000019d8    00000338     rom_sysbios.aem3 : rom_sysbios.obj (.text:xdc_runtime_System_doPrint__I)
                  00001d10    00000324     rtsv7M3_T_le_eabi.lib : trgdrv.obj (.text)
                  00002034    000002d8     main.obj (.text:labTaskFxn)
                  0000230c    00000228     drivers_cc26xxware.aem3 : PowerCC26XX.oem3 (.text:Power_sleep)
                  00002534    00000204     driverlib.lib : sys_ctrl.obj (.text:NOROM_SysCtrlSetRechargeBeforePowerDown)
                  00002738    000001f4     rtsv7M3_T_le_eabi.lib : ull_div_t2.obj (.text)
                  0000292c    000001dc     labra_pem3.oem3 (.text:xdc_runtime_System_printfExtend__I)
                  00002b08    000001d0     drivers_cc26xxware.aem3 : PowerCC26XX_calibrateRCOSC.oem3 (.text:calibrateRcoscHf1)
                  00002cd8    000001c4                             : PINCC26XX.oem3 (.text:PIN_init)
                  00002e9c    000001b6     rtsv7M3_T_le_eabi.lib : fd_add_t2.obj (.text)
                  00003052    00000002     display.aem3 : DisplayUart.oem3 (.text:DisplayUart_clear)
                  00003054    000001a8     main.obj (.text:main)
                  000031fc    00000190     drivers_cc26xxware.aem3 : UARTCC26XX.oem3 (.text:UARTCC26XX_open)
                  0000338c    00000184                             : PowerCC26XX_calibrateRCOSC.oem3 (.text:PowerCC26XX_doCalibrate)
                  00003510    00000184     rtsv7M3_T_le_eabi.lib : e_sqrt.obj (.text)
                  00003694    00000136                           : fd_div_t2.obj (.text)
                  000037ca    00000002     display.aem3 : DisplayUart.oem3 (.text:DisplayUart_clearLines)
                  000037cc    00000130     driverlib.lib : setup.obj (.text:NOROM_SetupAfterColdResetWakeupFromShutDownCfg3)
                  000038fc    0000011c     drivers_cc26xxware.aem3 : PowerCC26XX.oem3 (.text:Power_init)
                  00003a18    0000011c     mpu9250.obj (.text:mpu9250_get_data)
                  00003b34    000000fc     drivers_cc26xxware.aem3 : UARTCC26XX.oem3 (.text:UARTCC26XX_write)
                  00003c30    000000fc     rtsv7M3_T_le_eabi.lib : fd_mul_t2.obj (.text)
                  00003d2c    000000fa                           : fs_add_t2.obj (.text)
                  00003e26    00000002     drivers_cc26xxware.aem3 : PowerCC26XX.oem3 (.text:emptyClockFunc)
                  00003e28    000000f8                             : I2CCC26XX.oem3 (.text:I2CCC26XX_open)
                  00003f20    000000ec                             : UARTCC26XX.oem3 (.text:UARTCC26XX_hwiIntFxn)
                  0000400c    000000e8                             : I2CCC26XX.oem3 (.text:I2CCC26XX_hwiFxn)
                  000040f4    000000e8     mpu9250.obj (.text:initMPU9250)
                  000041dc    000000e4     driverlib.lib : setup.obj (.text:NOROM_SetupAfterColdResetWakeupFromShutDownCfg2)
                  000042c0    000000d4     drivers_cc26xxware.aem3 : PowerCC26XX.oem3 (.text:Power_releaseDependency)
                  00004394    000000d0                             : PowerCC26XX.oem3 (.text:Power_setDependency)
                  00004464    000000d0     rtsv7M3_T_le_eabi.lib : s_scalbn.obj (.text)
                  00004534    000000cc     driverlib.lib : setup.obj (.text:TrimAfterColdResetWakeupFromShutDown)
                  00004600    000000c8     drivers_cc26xxware.aem3 : UARTCC26XX.oem3 (.text:UARTCC26XX_initHw)
                  000046c8    000000c2                             : I2CCC26XX.oem3 (.text:I2CCC26XX_transfer)
                  0000478a    00000002     rtsv7M3_T_le_eabi.lib : i_div0.obj (.text)
                  0000478c    000000bc     power_cc26xx_tirtos.aem3 : PowerCC26XX_tirtos.oem3 (.text:PowerCC26XX_standbyPolicy)
                  00004848    000000bc     drivers_cc26xxware.aem3 : UARTCC26XX.oem3 (.text:UARTCC26XX_read)
                  00004904    000000b8                             : PINCC26XX.oem3 (.text:PINCC26XX_setIoCfg)
                  000049bc    000000a4     driverlib.lib : setup.obj (.text:NOROM_SetupTrimDevice)
                  00004a60    000000a0     auto_init.aem3 : auto_init.oem3 (.text)
                  00004b00    0000009c     rtsv7M3_T_le_eabi.lib : memcpy_t2.obj (.text)
                  00004b9c    0000009a     rom_sysbios.aem3 : rom_sysbios.obj (.text:xdc_runtime_Text_putSite__E)
                  00004c36    00000002                      : rom_sysbios.obj (.text:ti_sysbios_BIOS_linkedWithIncorrectBootLibrary__E)
                  00004c38    00000098                      : rom_sysbios.obj (.text:ti_sysbios_knl_Clock_workFuncDynamic__E)
                  00004cd0    00000094     drivers_cc26xxware.aem3 : PINCC26XX.oem3 (.text:PIN_open)
                  00004d64    00000094                             : UARTCC26XX.oem3 (.text:writeFinishedDoCallback)
                  00004df8    00000094     rom_sysbios.aem3 : rom_sysbios.obj (.text:xdc_runtime_Text_putMod__E)
                  00004e8c    00000092     rtsv7M3_T_le_eabi.lib : fs_div_t2.obj (.text)
                  00004f1e    00000002     labra_pem3.oem3 (.text:ti_sysbios_BIOS_nullFunc__I)
                  00004f20    00000090     drivers_cc26xxware.aem3 : I2CCC26XX.oem3 (.text:I2CCC26XX_cancel)
                  00004fb0    00000090     mpu9250.obj (.text:mpu9250_setup)
                  00005040    00000090     drivers_cc26xxware.aem3 : PowerCC26XX.oem3 (.text:switchXOSCHFclockFunc)
                  000050d0    0000008c                             : I2CCC26XX.oem3 (.text:I2CCC26XX_primeTransfer)
                  0000515c    0000008c                             : UARTCC26XX.oem3 (.text:UARTCC26XX_initIO)
                  000051e8    0000008c                             : UARTCC26XX.oem3 (.text:UARTCC26XX_writeCancel)
                  00005274    00000086     rtsv7M3_T_le_eabi.lib : fd_cmp_t2.obj (.text:__aeabi_cdcmple)
                  000052fa    00000086                           : fd_cmp_t2.obj (.text:__aeabi_cdrcmple)
                  00005380    00000080     mpu9250.obj (.text:writeByte)
                  00005400    0000007c     drivers_cc26xxware.aem3 : PowerCC26XX.oem3 (.text:disableLFClockQualifiers)
                  0000547c    0000007c     mpu9250.obj (.text:readByte)
                  000054f8    0000007a     rtsv7M3_T_le_eabi.lib : fs_mul_t2.obj (.text)
                  00005572    0000007a                           : memset_t2.obj (.text)
                  000055ec    00000078     driverlib.lib : setup.obj (.text:NOROM_SetupAfterColdResetWakeupFromShutDownCfg1)
                  00005664    00000078     drivers_cc26xxware.aem3 : UARTCC26XX.oem3 (.text:UARTCC26XX_close)
                  000056dc    00000074                             : PowerCC26XX_calibrateRCOSC.oem3 (.text:PowerCC26XX_auxISR)
                  00005750    00000074                             : PowerCC26XX_calibrateRCOSC.oem3 (.text:calibrateRcoscHf2)
                  000057c4    00000074                             : UARTCC26XX.oem3 (.text:writeTxFifoFlush)
                  00005838    00000070     driverlib.lib : chipinfo.obj (.text:NOROM_ChipInfo_GetHwRevision)
                  000058a8    00000070     drivers_cc26xxware.aem3 : UARTCC26XX.oem3 (.text:UARTCC26XX_readCancel)
                  00005918    0000006e     rtsv7M3_T_le_eabi.lib : fd_tos_t2.obj (.text)
                  00005986    00000002     rom_sysbios.aem3 : rom_sysbios.obj (.text:ti_sysbios_knl_Clock_triggerFunc__I)
                  00005988    0000006d                      : rom_sysbios.obj (.text:xdc_runtime_System_formatNum__I)
                  000059f5    00000001     --HOLE-- [fill = 0]
                  000059f6    00000002     labra_pem3.oem3 (.text:ti_sysbios_rom_cortexm_cc26xx_CC26xx_badRomRevision__E)
                  000059f8    0000006c     driverlib.lib : setup.obj (.text:NOROM_SetupGetTrimForAmpcompCtrl)
                  00005a64    0000006c     drivers_cc26xxware.aem3 : PowerCC26XX.oem3 (.text:PowerCC26XX_calibrate)
                  00005ad0    0000006a     rtsv7M3_T_le_eabi.lib : copy_decompress_rle.obj (.text)
                  00005b3a    00000002     rom_sysbios.aem3 : rom_sysbios.obj (.text:xdc_runtime_SysCallback_defaultAbort)
                  00005b3c    00000068     driverlib.lib : setup.obj (.text:NOROM_SetupGetTrimForAnabypassValue1)
                  00005ba4    00000068                   : sys_ctrl.obj (.text:NOROM_SysCtrl_DCDC_VoltageConditionalControl)
                  00005c0c    00000068     rtsv7M3_T_le_eabi.lib : trgmsg.obj (.text)
                  00005c74    00000064     drivers_cc26xxware.aem3 : I2CCC26XX.oem3 (.text:I2CCC26XX_close)
                  00005cd8    00000064                             : I2CCC26XX.oem3 (.text:I2CCC26XX_initIO)
                  00005d3c    00000064     rom_sysbios.aem3 : rom_sysbios.obj (.text:ti_sysbios_family_arm_cc26xx_Timer_start__E)
                  00005da0    00000060     drivers_cc26xxware.aem3 : PowerCC26XX_calibrateRCOSC.oem3 (.text:PowerCC26XX_RCOSC_clockFunc)
                  00005e00    00000060                             : PowerCC26XX_calibrateRCOSC.oem3 (.text:updateSubSecInc)
                  00005e60    0000005c     driverlib.lib : osc.obj (.text:NOROM_OSCHF_AttemptToSwitchToXosc)
                  00005ebc    0000005c                   : sys_ctrl.obj (.text:NOROM_SysCtrlAdjustRechargeAfterPowerDown)
                  00005f18    0000005c     drivers_cc26xxware.aem3 : PINCC26XX.oem3 (.text:PIN_remove)
                  00005f74    0000005c     labra_pem3.oem3 (.text:xdc_runtime_Startup_getState__I)
                  00005fd0    0000005b     rom_sysbios.aem3 : rom_sysbios.obj (.text:xdc_runtime_Text_putLab__E)
                  0000602b    00000001     --HOLE-- [fill = 0]
                  0000602c    00000058     display.aem3 : DisplayUart.oem3 (.text:DisplayUart_put5)
                  00006084    00000058     drivers_cc26xxware.aem3 : I2CCC26XX.oem3 (.text:I2CCC26XX_swiFxn)
                  000060dc    00000058                             : PowerCC26XX_calibrateRCOSC.oem3 (.text:PowerCC26XX_initiateCalibration)
                  00006134    00000058                             : UARTCC26XX.oem3 (.text:UARTCC26XX_control)
                  0000618c    00000054                             : PowerCC26XX.oem3 (.text:configureXOSCHF)
                  000061e0    00000054     mpu9250.obj (.text:getAres)
                  00006234    00000054     mpu9250.obj (.text:getGres)
                  00006288    00000050     driverlib.lib : setup.obj (.text:NOROM_SetupSetCacheModeAccordingToCcfgSetting)
                  000062d8    0000004c     display.aem3 : DisplayUart.oem3 (.text:DisplayUart_open)
                  00006324    0000004c     driverlib.lib : osc.obj (.text:NOROM_OSCClockSourceSet)
                  00006370    0000004c     drivers_cc26xxware.aem3 : UARTCC26XX.oem3 (.text:UARTCC26XX_swiIntFxn)
                  000063bc    0000004c     rtsv7M3_T_le_eabi.lib : cpy_tbl.obj (.text)
                  00006408    0000004c     drivers_cc26xxware.aem3 : UARTCC26XX.oem3 (.text:startTxFifoEmptyClk)
                  00006454    00000048     display.aem3 : Display.oem3 (.text:Display_doOpen)
                  0000649c    00000048     drivers_cc26xxware.aem3 : I2CCC26XX.oem3 (.text:I2CCC26XX_initHw)
                  000064e4    00000048     driverlib.lib : chipinfo.obj (.text:NOROM_ChipInfo_GetChipFamily)
                  0000652c    00000048                   : ddi.obj (.text:NOROM_DDI16BitfieldWrite)
                  00006574    00000048     drivers_cc26xxware.aem3 : PINCC26XX.oem3 (.text:PIN_setOutputEnable)
                  000065bc    00000048                             : PINCC26XX.oem3 (.text:PIN_swi)
                  00006604    00000048                             : PowerCC26XX.oem3 (.text:notify)
                  0000664c    00000048     rtsv7M3_T_le_eabi.lib : fd_toi_t2.obj (.text)
                  00006694    00000044     boot.aem3 : boot.oem3 (.text)
                  000066d8    00000044     rtsv7M3_T_le_eabi.lib : fd_tou_t2.obj (.text)
                  0000671c    00000044     rom_sysbios.aem3 : rom_sysbios.obj (.text:xdc_runtime_SysMin_flush__E)
                  00006760    00000044                      : rom_sysbios.obj (.text:xdc_runtime_Text_xprintf__I)
                  000067a4    00000040     driverlib.lib : ddi.obj (.text:NOROM_DDI16BitfieldRead)
                  000067e4    00000040     rtsv7M3_T_le_eabi.lib : u_divt2.obj (.text)
                  00006824    0000003c     driverlib.lib : osc.obj (.text:NOROM_OSC_HPOSCRelativeFrequencyOffsetGet)
                  00006860    0000003c     drivers_cc26xxware.aem3 : PINCC26XX.oem3 (.text:PIN_setOutputValue)
                  0000689c    00000038                             : I2C.oem3 (.text:I2C_init)
                  000068d4    00000038                             : UART.oem3 (.text:UART_init)
                  0000690c    00000038                             : UARTCC26XX.oem3 (.text:readData)
                  00006944    00000038     rtsv7M3_T_le_eabi.lib : fs_tod_t2.obj (.text)
                  0000697c    00000038                           : i_tofs_t2.obj (.text)
                  000069b4    00000038     rom_sysbios.aem3 : rom_sysbios.obj (.text:ti_sysbios_family_arm_cc26xx_Timer_getCurrentTick__E)
                  000069ec    00000038     drivers_cc26xxware.aem3 : UARTCC26XX.oem3 (.text:writeData)
                  00006a24    00000038     rom_sysbios.aem3 : rom_sysbios.obj (.text:xdc_runtime_SysMin_putch__E)
                  00006a5c    00000034     driverlib.lib : osc.obj (.text:NOROM_OSCHF_SwitchToRcOscTurnOffXosc)
                  00006a90    00000034     drivers_cc26xxware.aem3 : PINCC26XX.oem3 (.text:PIN_setConfig)
                  00006ac4    00000032     rom_sysbios.aem3 : rom_sysbios.obj (.text:ti_sysbios_family_arm_cc26xx_Timer_setNextTick__E)
                  00006af6    00000002                      : rom_sysbios.obj (.text:xdc_runtime_SysCallback_defaultExit)
                  00006af8    00000030     drivers_cc26xxware.aem3 : I2C.oem3 (.text:I2C_open)
                  00006b28    00000030     driverlib.lib : setup.obj (.text:NOROM_SetupSetAonRtcSubSecInc)
                  00006b58    00000030     drivers_cc26xxware.aem3 : PowerCC26XX.oem3 (.text:Power_releaseConstraint)
                  00006b88    00000030                             : PowerCC26XX.oem3 (.text:Power_setConstraint)
                  00006bb8    00000030                             : UART.oem3 (.text:UART_open)
                  00006be8    00000030     labra_pem3.oem3 (.text:ti_sysbios_BIOS_atExitFunc__I)
                  00006c18    00000030     labra_pem3.oem3 (.text:ti_sysbios_BIOS_startFunc__I)
                  00006c48    00000030     rom_sysbios.aem3 : rom_sysbios.obj (.text:ti_sysbios_family_arm_cc26xx_Timer_initDevice__I)
                  00006c78    00000030                      : rom_sysbios.obj (.text:ti_sysbios_family_arm_cc26xx_Timer_setThreshold__I)
                  00006ca8    00000030                      : rom_sysbios.obj (.text:xdc_runtime_SysMin_abort__E)
                  00006cd8    0000002f                      : rom_sysbios.obj (.text:xdc_runtime_Text_printVisFxn__I)
                  00006d07    00000001     --HOLE-- [fill = 0]
                  00006d08    0000002e     rtsv7M3_T_le_eabi.lib : i_tofd_t2.obj (.text)
                  00006d36    00000002     --HOLE-- [fill = 0]
                  00006d38    0000002c     driverlib.lib : ddi.obj (.text:NOROM_DDI32RegWrite)
                  00006d64    0000002c                   : setup.obj (.text:NOROM_SetupGetTrimForRadcExtCfg)
                  00006d90    0000002c     drivers_cc26xxware.aem3 : PINCC26XX.oem3 (.text:PINCC26XX_setMux)
                  00006dbc    0000002c     main.obj (.text:buttonFxn)
                  00006de8    0000002c     rom_sysbios.aem3 : rom_sysbios.obj (.text:ti_sysbios_knl_Clock_getTicksUntilInterrupt__E)
                  00006e14    0000002a                      : rom_sysbios.obj (.text:xdc_runtime_System_putchar__I)
                  00006e3e    00000002     --HOLE-- [fill = 0]
                  00006e40    00000028     driverlib.lib : aon_batmon.obj (.text:NOROM_AONBatMonTemperatureGetDegC)
                  00006e68    00000028     drivers_cc26xxware.aem3 : PowerCC26XX.oem3 (.text:Power_registerNotify)
                  00006e90    00000028     driverlib.lib : adi.obj (.text:SafeHapiVoid)
                  00006eb8    00000028     rom_sysbios.aem3 : rom_sysbios.obj (.text:ti_sysbios_family_arm_cc26xx_Timer_getMaxTicks__E)
                  00006ee0    00000026     display.aem3 : Display.oem3 (.text:Display_doPut5)
                  00006f06    00000026     drivers_cc26xxware.aem3 : List.oem3 (.text:List_put)
                  00006f2c    00000024                             : PINCC26XX.oem3 (.text:PINCC26XX_getPinCount)
                  00006f50    00000024     mpu9250.obj (.text:delay)
                  00006f74    00000024     drivers_cc26xxware.aem3 : PowerCC26XX_calibrateRCOSC.oem3 (.text:getTdcSemaphore)
                  00006f98    00000024     rtsv7M3_T_le_eabi.lib : u_tofs_t2.obj (.text)
                  00006fbc    00000024     labra_pem3.oem3 (.text:ti_sysbios_BIOS_registerRTSLock__I)
                  00006fe0    00000024     labra_pem3.oem3 (.text:ti_sysbios_BIOS_removeRTSLock__I)
                  00007004    00000024     rom_sysbios.aem3 : rom_sysbios.obj (.text:xdc_runtime_System_vprintf__E)
                  00007028    00000022     labra_pem3.oem3 (.text:xdc_runtime_SysMin_output__I)
                  0000704a    00000002     --HOLE-- [fill = 0]
                  0000704c    00000020     driverlib.lib : setup.obj (.text:NOROM_SetupGetTrimForXoscHfCtl)
                  0000706c    00000020     drivers_cc26xxware.aem3 : PowerCC26XX.oem3 (.text:Power_unregisterNotify)
                  0000708c    00000020     labra_pem3.oem3 (.text:ti_sysbios_BIOS_rtsLock__I)
                  000070ac    00000020     rom_sysbios.aem3 : rom_sysbios.obj (.text:ti_sysbios_knl_Clock_stop__E)
                  000070cc    00000020                      : rom_sysbios.obj (.text:xdc_runtime_Registry_findById__E)
                  000070ec    00000020                      : rom_sysbios.obj (.text:xdc_runtime_SysMin_Module_startup__E)
                  0000710c    0000001e     drivers_cc26xxware.aem3 : PINCC26XX.oem3 (.text:PIN_close)
                  0000712a    0000001e                             : PowerCC26XX.oem3 (.text:Power_getTransitionLatency)
                  00007148    0000001c     driverlib.lib : osc.obj (.text:NOROM_OSCClockSourceGet)
                  00007164    0000001c                   : setup.obj (.text:NOROM_SetupGetTrimForAmpcompTh2)
                  00007180    0000001c                   : setup.obj (.text:NOROM_SetupGetTrimForRcOscLfRtuneCtuneTrim)
                  0000719c    0000001c     drivers_cc26xxware.aem3 : PINCC26XX.oem3 (.text:PINCC26XX_setIoCfgMux)
                  000071b8    0000001c                             : PINCC26XX.oem3 (.text:PIN_hwi)
                  000071d4    0000001c     rom_sysbios.aem3 : rom_sysbios.obj (.text:ti_sysbios_family_arm_cc26xx_Timer_dynamicStub__E)
                  000071f0    0000001c                      : rom_sysbios.obj (.text:xdc_runtime_SysMin_exit__E)
                  0000720c    0000001a     drivers_cc26xxware.aem3 : List.oem3 (.text:List_remove)
                  00007226    0000001a     rom_sysbios.aem3 : rom_sysbios_config.obj (.text:xdc_runtime_System_printf__E)
                  00007240    0000001a                      : rom_sysbios_config.obj (.text:xdc_runtime_System_snprintf__E)
                  0000725a    00000018     display.aem3 : DisplayUart.oem3 (.text:DisplayUart_close)
                  00007272    00000002     --HOLE-- [fill = 0]
                  00007274    00000018     driverlib.lib : aon_rtc.obj (.text:NOROM_AONRTCCurrentCompareValueGet)
                  0000728c    00000018                   : chipinfo.obj (.text:NOROM_ChipInfo_GetPackageType)
                  000072a4    00000018                   : osc.obj (.text:NOROM_OSCHF_TurnOnXosc)
                  000072bc    00000018                   : setup.obj (.text:NOROM_SetupGetTrimForAdcShModeEn)
                  000072d4    00000018                   : setup.obj (.text:NOROM_SetupGetTrimForAdcShVbufEn)
                  000072ec    00000018                   : setup.obj (.text:NOROM_SetupGetTrimForAmpcompTh1)
                  00007304    00000018                   : setup.obj (.text:NOROM_SetupGetTrimForDblrLoopFilterResetVoltage)
                  0000731c    00000018                   : setup.obj (.text:NOROM_SetupGetTrimForRcOscLfIBiasTrim)
                  00007334    00000018                   : setup.obj (.text:NOROM_SetupGetTrimForXoscLfRegulatorAndCmirrwrRatio)
                  0000734c    00000018     drivers_cc26xxware.aem3 : PowerCC26XX.oem3 (.text:Power_idleFunc)
                  00007364    00000018                             : UARTCC26XX.oem3 (.text:UARTCC26XX_init)
                  0000737c    00000018                             : UART.oem3 (.text:UART_Params_init)
                  00007394    00000018                             : PowerCC26XX.oem3 (.text:configureRFCoreClocks)
                  000073ac    00000018     rtsv7M3_T_le_eabi.lib : args_main.obj (.text)
                  000073c4    00000018                           : ll_mul_t2.obj (.text)
                  000073dc    00000018     labra_pem3.oem3 (.text:ti_sysbios_BIOS_rtsUnlock__I)
                  000073f4    00000018     rom_sysbios.aem3 : rom_sysbios.obj (.text:ti_sysbios_knl_Swi_or__E)
                  0000740c    00000018     labra_pem3.oem3 (.text:ti_sysbios_rom_cortexm_cc26xx_CC26xx_checkRevision__E)
                  00007424    00000016     rtsv7M3_T_le_eabi.lib : strcpy.obj (.text)
                  0000743a    00000016     labra_pem3.oem3 (.text:ti_sysbios_BIOS_exitFunc__I)
                  00007450    00000016     main.obj (.text:ti_sysbios_knl_Task_Params_init)
                  00007466    00000002     --HOLE-- [fill = 0]
                  00007468    00000014     driverlib.lib : aon_rtc.obj (.text:NOROM_AONRTCCurrent64BitValueGet)
                  0000747c    00000014                   : chipinfo.obj (.text:NOROM_ThisCodeIsBuiltForCC26xxHwRev22AndLater_HaltIfViolated)
                  00007490    00000014     drivers_cc26xxware.aem3 : PINCC26XX.oem3 (.text:PINCC26XX_getOutputValue)
                  000074a4    00000014     rtsv7M3_T_le_eabi.lib : _lock.obj (.text)
                  000074b8    00000014                           : strlen.obj (.text)
                  000074cc    00000014     labra_pem3.oem3 (.text:ti_sysbios_knl_Clock_doTick__I)
                  000074e0    00000012     labra_pem3.oem3 (.text:xdc_runtime_Startup_exec__I)
                  000074f2    00000002     --HOLE-- [fill = 0]
                  000074f4    00000010     drivers_cc26xxware.aem3 : I2C.oem3 (.text:I2C_Params_init)
                  00007504    00000010     driverlib.lib : setup.obj (.text:NOROM_SetupGetTrimForXoscHfFastStart)
                  00007514    00000010                   : setup.obj (.text:NOROM_SetupGetTrimForXoscHfIbiastherm)
                  00007524    00000010     drivers_cc26xxware.aem3 : I2CCC26XX.oem3 (.text:i2cPostNotify)
                  00007534    00000010                             : UARTCC26XX.oem3 (.text:uartPostNotify)
                  00007544    00000010     rom_sysbios.aem3 : rom_sysbios.obj (.text:xdc_runtime_SysMin_ready__E)
                  00007554    00000010                      : rom_sysbios.obj (.text:xdc_runtime_System_vsnprintf__E)
                  00007564    0000000e     driverlib.lib : setup.obj (.text:NOROM_SetupSignExtendVddrTrimValue)
                  00007572    0000000e                   : vims.obj (.text:NOROM_VIMSModeGet)
                  00007580    0000000e     rtsv7M3_T_le_eabi.lib : copy_decompress_none.obj (.text:decompress:none)
                  0000758e    0000000e     rom_sysbios.aem3 : rom_sysbios.obj (.text:ti_sysbios_family_arm_cc26xx_TimestampProvider_get32__E)
                  0000759c    0000000c     display.aem3 : Display.oem3 (.text:Display_doClear)
                  000075a8    0000000c     driverlib.lib : cpu.obj (.text:NOROM_CPUcpsid)
                  000075b4    0000000c                   : cpu.obj (.text:NOROM_CPUcpsie)
                  000075c0    0000000c     drivers_cc26xxware.aem3 : PINCC26XX.oem3 (.text:PIN_registerIntCb)
                  000075cc    0000000c                             : PowerCC26XX.oem3 (.text:Power_getConstraintMask)
                  000075d8    0000000c                             : PowerCC26XX.oem3 (.text:Power_getDependencyCount)
                  000075e4    0000000c     rom_sysbios.aem3 : rom_sysbios.obj (.text:ti_sysbios_knl_Swi_getTrigger__E)
                  000075f0    0000000c     labra_pem3.oem3 (.text:xdc_runtime_Startup_reset__I)
                  000075fc    0000000c     rom_sysbios.aem3 : rom_sysbios.obj (.text:xdc_runtime_Startup_rtsDone__E)
                  00007608    0000000a     drivers_cc26xxware.aem3 : I2CCC26XX.oem3 (.text:I2CCC26XX_init)
                  00007612    0000000a                             : I2C.oem3 (.text:I2C_close)
                  0000761c    0000000a                             : I2C.oem3 (.text:I2C_transfer)
                  00007626    0000000a                             : List.oem3 (.text:List_empty)
                  00007630    0000000a                             : UART.oem3 (.text:UART_close)
                  0000763a    0000000a                             : UART.oem3 (.text:UART_write)
                  00007644    00000008                             : I2CCC26XX.oem3 (.text:I2CCC26XX_blockingCallback)
                  0000764c    00000008                             : UARTCC26XX.oem3 (.text:readSemCallback)
                  00007654    00000008     rtsv7M3_T_le_eabi.lib : s_copysign.obj (.text)
                  0000765c    00000008     drivers_cc26xxware.aem3 : UARTCC26XX.oem3 (.text:writeSemCallback)
                  00007664    00000008     labra_pem3.oem3 (.text:xdc_runtime_Text_visitRope__I)
                  0000766c    00000006     display.aem3 : DisplayUart.oem3 (.text:DisplayUart_control)
                  00007672    00000006                  : DisplayUart.oem3 (.text:DisplayUart_getType)
                  00007678    00000006                  : Display.oem3 (.text:Display_doParamsInit)
                  0000767e    00000006     drivers_cc26xxware.aem3 : I2CCC26XX.oem3 (.text:I2CCC26XX_control)
                  00007684    00000006     driverlib.lib : cpu.obj (.text:NOROM_CPUdelay)
                  0000768a    00000006     drivers_cc26xxware.aem3 : UARTCC26XX.oem3 (.text:UARTCC26XX_readPolling)
                  00007690    00000006                             : UARTCC26XX.oem3 (.text:UARTCC26XX_writePolling)
                  00007696    00000006     rtsv7M3_T_le_eabi.lib : copy_decompress_rle.obj (.text:decompress:rle24)
                  0000769c    00000004     tirtosport.aem3 : HwiP_tirtos.oem3 (.text:HwiP_disable)
                  000076a0    00000004     drivers_cc26xxware.aem3 : List.oem3 (.text:List_head)
                  000076a4    00000004                             : List.oem3 (.text:List_next)
                  000076a8    00000004                             : PowerCC26XX.oem3 (.text:nopResourceHandler)
                  000076ac    00000004     rom_sysbios.aem3 : rom_sysbios.obj (.text:ti_sysbios_family_arm_cc26xx_Timer_getCount64__E)
                  000076b0    00000004                      : rom_sysbios.obj (.text:xdc_runtime_System_printf_va__F)
                  000076b4    00000004                      : rom_sysbios.obj (.text:xdc_runtime_System_snprintf_va__F)
                  000076b8    00000008     (.tramp.xdc_runtime_Startup_startMods__I.1)
                  000076c0    00000008     (.tramp.ti_sysbios_knl_Clock_logTick__E.1)
                  000076c8    00000008     (.tramp.ti_sysbios_knl_Task_Params__init__S.1)
                  000076d0    00000008     (.tramp.ti_sysbios_BIOS_RtsGateProxy_leave__E.1)
                  000076d8    00000008     (.tramp.ti_sysbios_BIOS_RtsGateProxy_enter__E.1)
                  000076e0    00000008     (.tramp.ti_sysbios_knl_Task_startup__E.1)
                  000076e8    00000008     (.tramp.ti_sysbios_knl_Swi_startup__E.1)
                  000076f0    00000008     (.tramp.ti_sysbios_hal_Hwi_startup__E.1)
                  000076f8    00000008     (.tramp.ti_sysbios_family_arm_cc26xx_Timer_startup__E.1)
                  00007700    00000008     (.tramp.xdc_runtime_System_atexit__E.1)
                  00007708    00000008     (.tramp.ti_sysbios_BIOS_setThreadType__E.1)
                  00007710    00000008     (.tramp.xdc_runtime_Gate_leaveSystem__E.1)
                  00007718    00000008     (.tramp.xdc_runtime_Gate_enterSystem__E.1)
                  00007720    00000008     (.tramp.xdc_runtime_System_exit__E.1)
                  00007728    00000008     (.tramp.ti_sysbios_knl_Clock_destruct.1)
                  00007730    00000008     (.tramp.ti_sysbios_knl_Semaphore_destruct.1)
                  00007738    00000008     (.tramp.ti_sysbios_knl_Swi_destruct.1)
                  00007740    00000008     (.tramp.ti_sysbios_family_arm_m3_Hwi_destruct.1)
                  00007748    00000008     (.tramp.ti_sysbios_knl_Clock_scheduleNextTick__E.1)
                  00007750    00000008     (.tramp.ti_sysbios_knl_Clock_walkQueueDynamic__E.1)
                  00007758    00000008     (.tramp.ti_sysbios_knl_Clock_TimerProxy_getCurrentTick__E.1)
                  00007760    00000008     (.tramp.ti_sysbios_knl_Semaphore_post__E.1)
                  00007768    00000008     (.tramp.ti_sysbios_family_arm_m3_Hwi_enableInterrupt__E.1)
                  00007770    00000008     (.tramp.ti_sysbios_family_arm_m3_Hwi_disableInterrupt__E.1)
                  00007778    00000008     (.tramp.ti_sysbios_BIOS_getCpuFreq__E.1)
                  00007780    00000008     (.tramp.ti_sysbios_knl_Swi_post__E.1)
                  00007788    00000008     (.tramp.ti_sysbios_knl_Semaphore_pend__E.1)
                  00007790    00000008     (.tramp.ti_sysbios_knl_Clock_setTimeout__E.1)
                  00007798    00000008     (.tramp.ti_sysbios_knl_Clock_start__E.1)
                  000077a0    00000008     (.tramp.xdc_runtime_System_abortSpin__E.1)
                  000077a8    00000008     (.tramp.ti_sysbios_knl_Clock_construct.1)
                  000077b0    00000008     (.tramp.ti_sysbios_knl_Clock_Params__init__S.1)
                  000077b8    00000008     (.tramp.ti_sysbios_family_arm_m3_Hwi_restoreFxn__E.1)
                  000077c0    00000008     (.tramp.ti_sysbios_family_arm_m3_Hwi_disableFxn__E.1)
                  000077c8    00000008     (.tramp.ti_sysbios_BIOS_start__E.1)
                  000077d0    00000008     (.tramp.ti_sysbios_knl_Task_create.1)
                  000077d8    00000008     (.tramp.ti_sysbios_knl_Swi_construct.1)
                  000077e0    00000008     (.tramp.ti_sysbios_knl_Swi_Params__init__S.1)
                  000077e8    00000008     (.tramp.ti_sysbios_family_arm_m3_Hwi_construct.1)
                  000077f0    00000008     (.tramp.ti_sysbios_family_arm_m3_Hwi_Params__init__S.1)
                  000077f8    00000008     (.tramp.ti_sysbios_knl_Semaphore_construct.1)
                  00007800    00000008     (.tramp.ti_sysbios_knl_Semaphore_Params__init__S.1)
                  00007808    00000008     (.tramp.ti_sysbios_knl_Task_restore__E.1)
                  00007810    00000008     (.tramp.ti_sysbios_knl_Swi_restore__E.1)
                  00007818    00000008     (.tramp.ti_sysbios_knl_Swi_disable__E.1)
                  00007820    00000008     (.tramp.ti_sysbios_knl_Task_disable__E.1)
                  00007828    00000008     (.tramp.ti_sysbios_knl_Task_sleep__E.1)
                  00007830    00000008     (.tramp.xdc_runtime_System_abort__E.1)

.const     0    00007838    00000316     
                  00007838    00000068     CC2650STK.obj (.const:BoardGpioInitTable)
                  000078a0    0000004c     drivers_cc26xxware.aem3 : PowerCC26XX.oem3 (.const:resourceDB)
                  000078ec    00000048     labra_pem3.oem3 (.const:.string)
                  00007934    00000040     drivers_cc26xxware.aem3 : UARTCC26XX.oem3 (.const)
                  00007974    00000004     labra_pem3.oem3 (.const:ti_sysbios_knl_Clock_tickPeriod__C)
                  00007978    00000030     rtsv7M3_T_le_eabi.lib : e_pow.obj (.const:$O1$$)
                  000079a8    00000028     drivers_cc26xxware.aem3 : UARTCC26XX.oem3 (.const:UARTCC26XX_fxnTable)
                  000079d0    00000028     labra_pem3.oem3 (.const:xdc_runtime_Startup_sfxnTab__A)
                  000079f8    00000024     drivers_cc26xxware.aem3 : UART.oem3 (.const:UART_defaultParams)
                  00007a1c    00000020                             : I2CCC26XX.oem3 (.const)
                  00007a3c    0000001c     display.aem3 : DisplayUart.oem3 (.const)
                  00007a58    00000018     CC2650STK.obj (.const:Display_config)
                  00007a70    00000018     CC2650STK.obj (.const:I2C_config)
                  00007a88    00000018     CC2650STK.obj (.const:UART_config)
                  00007aa0    00000018     CC2650STK.obj (.const:i2cCC26xxHWAttrs)
                  00007ab8    00000018     CC2650STK.obj (.const:uartCC26XXHWAttrs)
                  00007ad0    00000014     CC2650STK.obj (.const:displayUartHWAttrs)
                  00007ae4    00000014     labra_pem3.oem3 (.const:xdc_runtime_Startup_sfxnRts__A)
                  00007af8    00000010     CC2650STK.obj (.const:PowerCC26XX_config)
                  00007b08    00000010     drivers_cc26xxware.aem3 : I2C.oem3 (.const)
                  00007b18    0000000c     labra_pem3.oem3 (.const:xdc_runtime_Startup_firstFxns__A)
                  00007b24    00000008     CC2650STK.obj (.const:PINCC26XX_hwAttrs)
                  00007b2c    00000004     labra_pem3.oem3 (.const:ti_sysbios_knl_Clock_triggerClock__C)
                  00007b30    00000004     labra_pem3.oem3 (.const:ti_sysbios_knl_Idle_funcList__A)
                  00007b34    00000004     labra_pem3.oem3 (.const:xdc_runtime_SysMin_bufSize__C)
                  00007b38    00000004     labra_pem3.oem3 (.const:xdc_runtime_SysMin_outputFunc__C)
                  00007b3c    00000004     labra_pem3.oem3 (.const:xdc_runtime_System_extendFxn__C)
                  00007b40    00000004     labra_pem3.oem3 (.const:xdc_runtime_Text_visitRopeFxn__C)
                  00007b44    00000002     main.obj (.const:i2cMPUCfg)
                  00007b46    00000002     labra_pem3.oem3 (.const:xdc_runtime_SysMin_flushAtExit__C)
                  00007b48    00000002     labra_pem3.oem3 (.const:xdc_runtime_Text_registryModsLastId__C)
                  00007b4a    00000002     labra_pem3.oem3 (.const:xdc_runtime_Text_unnamedModsLastId__C)
                  00007b4c    00000001     display.aem3 : Display.oem3 (.const)
                  00007b4d    00000001     labra_pem3.oem3 (.const:xdc_runtime_Text_charTab__A)

.cinit     0    00007b50    00000374     
                  00007b50    000001d2     (.cinit..data.load) [load image, compression = rle]
                  00007d22    00000006     --HOLE-- [fill = 0]
                  00007d28    0000002c     (.cinit..data:ti_sysbios_family_arm_m3_Hwi_Module__state__V.load) [load image, compression = rle]
                  00007d54    00000004     --HOLE-- [fill = 0]
                  00007d58    0000002b     (.cinit..data:ti_sysbios_knl_Task_Module__state__V.load) [load image, compression = rle]
                  00007d83    00000005     --HOLE-- [fill = 0]
                  00007d88    00000021     (.cinit..data:ti_sysbios_knl_Clock_Module__state__V.load) [load image, compression = rle]
                  00007da9    00000007     --HOLE-- [fill = 0]
                  00007db0    0000001f     (.cinit..data:ti_sysbios_BIOS_Module__state__V.load) [load image, compression = rle]
                  00007dcf    00000001     --HOLE-- [fill = 0]
                  00007dd0    00000011     (.cinit..data:ti_sysbios_knl_Swi_Module__state__V.load) [load image, compression = rle]
                  00007de1    00000007     --HOLE-- [fill = 0]
                  00007de8    0000000d     (.cinit..data:ti_sysbios_family_arm_cc26xx_Timer_Module__state__V.load) [load image, compression = rle]
                  00007df5    00000003     --HOLE-- [fill = 0]
                  00007df8    0000000d     (.cinit..data:xdc_runtime_System_Module__state__V.load) [load image, compression = rle]
                  00007e05    00000003     --HOLE-- [fill = 0]
                  00007e08    0000000b     (.cinit..bss.load) [load image, compression = rle]
                  00007e13    00000005     --HOLE-- [fill = 0]
                  00007e18    0000000a     (.cinit..data:xdc_runtime_Memory_Module__state__V.load) [load image, compression = rle]
                  00007e22    00000006     --HOLE-- [fill = 0]
                  00007e28    00000009     (.cinit..data:ti_sysbios_family_arm_cc26xx_TimestampProvider_Module__state__V.load) [load image, compression = rle]
                  00007e31    00000007     --HOLE-- [fill = 0]
                  00007e38    00000009     (.cinit..data:xdc_runtime_Startup_Module__state__V.load) [load image, compression = rle]
                  00007e41    00000007     --HOLE-- [fill = 0]
                  00007e48    00000009     (.cinit..vecs.load) [load image, compression = rle]
                  00007e51    00000003     --HOLE-- [fill = 0]
                  00007e54    00000008     (__TI_handler_table)
                  00007e5c    00000068     (__TI_cinit_table)

.init_array 
*          0    00000000    00000000     UNINITIALIZED

.ccfg      0    0001ffa8    00000058     
                  0001ffa8    00000058     ccfg.obj (.ccfg:retain)

.resetVecs 
*          0    00000000    0000003c     
                  00000000    0000003c     labra_pem3.oem3 (.resetVecs)

.binit     0    00000000    00000000     

.const:ti_sysbios_knl_Task_Object__PARAMS__C 
*          0    00000100    0000003c     
                  00000100    0000003c     labra_pem3.oem3 (.const:ti_sysbios_knl_Task_Object__PARAMS__C)

.const:ti_sysbios_knl_Mailbox_Object__PARAMS__C 
*          0    0000013c    00000034     
                  0000013c    00000034     labra_pem3.oem3 (.const:ti_sysbios_knl_Mailbox_Object__PARAMS__C)

.const:ti_sysbios_family_arm_m3_Hwi_Object__PARAMS__C 
*          0    00000170    00000030     
                  00000170    00000030     labra_pem3.oem3 (.const:ti_sysbios_family_arm_m3_Hwi_Object__PARAMS__C)

.const:ti_sysbios_hal_Hwi_Object__PARAMS__C 
*          0    000001a0    0000002c     
                  000001a0    0000002c     labra_pem3.oem3 (.const:ti_sysbios_hal_Hwi_Object__PARAMS__C)

.const:ti_sysbios_heaps_HeapMem_Module__FXNS__C 
*          0    000001cc    00000028     
                  000001cc    00000028     labra_pem3.oem3 (.const:ti_sysbios_heaps_HeapMem_Module__FXNS__C)

.const:ti_sysbios_knl_Swi_Object__PARAMS__C 
*          0    000001f4    00000028     
                  000001f4    00000028     labra_pem3.oem3 (.const:ti_sysbios_knl_Swi_Object__PARAMS__C)

.const:ti_sysbios_gates_GateHwi_Module__FXNS__C 
*          0    0000021c    00000024     
                  0000021c    00000024     labra_pem3.oem3 (.const:ti_sysbios_gates_GateHwi_Module__FXNS__C)

.const:ti_sysbios_gates_GateMutex_Module__FXNS__C 
*          0    00000240    00000024     
                  00000240    00000024     labra_pem3.oem3 (.const:ti_sysbios_gates_GateMutex_Module__FXNS__C)

.const:ti_sysbios_heaps_HeapMem_Object__PARAMS__C 
*          0    00000264    00000024     
                  00000264    00000024     labra_pem3.oem3 (.const:ti_sysbios_heaps_HeapMem_Object__PARAMS__C)

.const:ti_sysbios_knl_Clock_Object__PARAMS__C 
*          0    00000288    00000024     
                  00000288    00000024     labra_pem3.oem3 (.const:ti_sysbios_knl_Clock_Object__PARAMS__C)

.const:ti_sysbios_knl_Semaphore_Object__PARAMS__C 
*          0    000002ac    00000024     
                  000002ac    00000024     labra_pem3.oem3 (.const:ti_sysbios_knl_Semaphore_Object__PARAMS__C)

.const:ti_sysbios_family_arm_m3_Hwi_Object__DESC__C 
*          0    000002d0    00000020     
                  000002d0    00000020     labra_pem3.oem3 (.const:ti_sysbios_family_arm_m3_Hwi_Object__DESC__C)

.const:ti_sysbios_gates_GateHwi_Object__DESC__C 
*          0    000002f0    00000020     
                  000002f0    00000020     labra_pem3.oem3 (.const:ti_sysbios_gates_GateHwi_Object__DESC__C)

.const:ti_sysbios_gates_GateMutex_Object__DESC__C 
*          0    00000310    00000020     
                  00000310    00000020     labra_pem3.oem3 (.const:ti_sysbios_gates_GateMutex_Object__DESC__C)

.const:ti_sysbios_hal_Hwi_Object__DESC__C 
*          0    00000330    00000020     
                  00000330    00000020     labra_pem3.oem3 (.const:ti_sysbios_hal_Hwi_Object__DESC__C)

.const:ti_sysbios_heaps_HeapMem_Object__DESC__C 
*          0    00000350    00000020     
                  00000350    00000020     labra_pem3.oem3 (.const:ti_sysbios_heaps_HeapMem_Object__DESC__C)

.const:ti_sysbios_knl_Clock_Object__DESC__C 
*          0    00000370    00000020     
                  00000370    00000020     labra_pem3.oem3 (.const:ti_sysbios_knl_Clock_Object__DESC__C)

.const:ti_sysbios_knl_Mailbox_Object__DESC__C 
*          0    00000390    00000020     
                  00000390    00000020     labra_pem3.oem3 (.const:ti_sysbios_knl_Mailbox_Object__DESC__C)

.const:ti_sysbios_knl_Queue_Object__DESC__C 
*          0    000003b0    00000020     
                  000003b0    00000020     labra_pem3.oem3 (.const:ti_sysbios_knl_Queue_Object__DESC__C)

.const:ti_sysbios_knl_Semaphore_Object__DESC__C 
*          0    000003d0    00000020     
                  000003d0    00000020     labra_pem3.oem3 (.const:ti_sysbios_knl_Semaphore_Object__DESC__C)

.const:ti_sysbios_knl_Swi_Object__DESC__C 
*          0    000003f0    00000020     
                  000003f0    00000020     labra_pem3.oem3 (.const:ti_sysbios_knl_Swi_Object__DESC__C)

.const:ti_sysbios_knl_Task_Object__DESC__C 
*          0    00000410    00000020     
                  00000410    00000020     labra_pem3.oem3 (.const:ti_sysbios_knl_Task_Object__DESC__C)

.const:ti_sysbios_gates_GateHwi_Object__PARAMS__C 
*          0    00000430    00000018     
                  00000430    00000018     labra_pem3.oem3 (.const:ti_sysbios_gates_GateHwi_Object__PARAMS__C)

.const:ti_sysbios_gates_GateMutex_Object__PARAMS__C 
*          0    00000448    00000018     
                  00000448    00000018     labra_pem3.oem3 (.const:ti_sysbios_gates_GateMutex_Object__PARAMS__C)

.const:ti_sysbios_knl_Queue_Object__PARAMS__C 
*          0    00000460    00000018     
                  00000460    00000018     labra_pem3.oem3 (.const:ti_sysbios_knl_Queue_Object__PARAMS__C)

.const:ti_sysbios_knl_Idle_funcList__C 
*          0    00000478    00000008     
                  00000478    00000008     labra_pem3.oem3 (.const:ti_sysbios_knl_Idle_funcList__C)

.const:ti_sysbios_family_arm_cc26xx_Timer_startupNeeded__C 
*          0    00000484    00000004     
                  00000484    00000004     labra_pem3.oem3 (.const:ti_sysbios_family_arm_cc26xx_Timer_startupNeeded__C)

.const:ti_sysbios_family_arm_m3_Hwi_E_alreadyDefined__C 
*          0    00000488    00000004     
                  00000488    00000004     labra_pem3.oem3 (.const:ti_sysbios_family_arm_m3_Hwi_E_alreadyDefined__C)

.const:ti_sysbios_family_arm_m3_Hwi_E_hwiLimitExceeded__C 
*          0    0000048c    00000004     
                  0000048c    00000004     labra_pem3.oem3 (.const:ti_sysbios_family_arm_m3_Hwi_E_hwiLimitExceeded__C)

.const:ti_sysbios_family_arm_m3_Hwi_NUM_INTERRUPTS__C 
*          0    00000490    00000004     
                  00000490    00000004     labra_pem3.oem3 (.const:ti_sysbios_family_arm_m3_Hwi_NUM_INTERRUPTS__C)

.const:ti_sysbios_family_arm_m3_Hwi_Object__count__C 
*          0    00000494    00000004     
                  00000494    00000004     labra_pem3.oem3 (.const:ti_sysbios_family_arm_m3_Hwi_Object__count__C)

.const:ti_sysbios_family_arm_m3_Hwi_Object__table__C 
*          0    00000498    00000004     
                  00000498    00000004     labra_pem3.oem3 (.const:ti_sysbios_family_arm_m3_Hwi_Object__table__C)

.const:ti_sysbios_family_arm_m3_Hwi_ccr__C 
*          0    0000049c    00000004     
                  0000049c    00000004     labra_pem3.oem3 (.const:ti_sysbios_family_arm_m3_Hwi_ccr__C)

.const:ti_sysbios_family_arm_m3_Hwi_excHandlerFunc__C 
*          0    000004a0    00000004     
                  000004a0    00000004     labra_pem3.oem3 (.const:ti_sysbios_family_arm_m3_Hwi_excHandlerFunc__C)

.const:ti_sysbios_family_arm_m3_Hwi_nullIsrFunc__C 
*          0    000004a4    00000004     
                  000004a4    00000004     labra_pem3.oem3 (.const:ti_sysbios_family_arm_m3_Hwi_nullIsrFunc__C)

.const:ti_sysbios_family_arm_m3_Hwi_numSparseInterrupts__C 
*          0    000004a8    00000004     
                  000004a8    00000004     labra_pem3.oem3 (.const:ti_sysbios_family_arm_m3_Hwi_numSparseInterrupts__C)

.const:ti_sysbios_family_arm_m3_Hwi_priGroup__C 
*          0    000004ac    00000004     
                  000004ac    00000004     labra_pem3.oem3 (.const:ti_sysbios_family_arm_m3_Hwi_priGroup__C)

.const:ti_sysbios_family_arm_m3_TaskSupport_stackAlignment__C 
*          0    000004b0    00000004     
                  000004b0    00000004     labra_pem3.oem3 (.const:ti_sysbios_family_arm_m3_TaskSupport_stackAlignment__C)

.const:ti_sysbios_heaps_HeapMem_E_memory__C 
*          0    000004b4    00000004     
                  000004b4    00000004     labra_pem3.oem3 (.const:ti_sysbios_heaps_HeapMem_E_memory__C)

.const:ti_sysbios_heaps_HeapMem_Module__gateObj__C 
*          0    000004b8    00000004     
                  000004b8    00000004     labra_pem3.oem3 (.const:ti_sysbios_heaps_HeapMem_Module__gateObj__C)

.const:ti_sysbios_heaps_HeapMem_Object__count__C 
*          0    000004bc    00000004     
                  000004bc    00000004     labra_pem3.oem3 (.const:ti_sysbios_heaps_HeapMem_Object__count__C)

.const:ti_sysbios_heaps_HeapMem_Object__table__C 
*          0    000004c0    00000004     
                  000004c0    00000004     labra_pem3.oem3 (.const:ti_sysbios_heaps_HeapMem_Object__table__C)

.const:ti_sysbios_heaps_HeapMem_reqAlign__C 
*          0    000004c4    00000004     
                  000004c4    00000004     labra_pem3.oem3 (.const:ti_sysbios_heaps_HeapMem_reqAlign__C)

.const:ti_sysbios_knl_Clock_serviceMargin__C 
*          0    000004c8    00000004     
                  000004c8    00000004     labra_pem3.oem3 (.const:ti_sysbios_knl_Clock_serviceMargin__C)

.const:ti_sysbios_knl_Mailbox_Object__count__C 
*          0    000004cc    00000004     
                  000004cc    00000004     labra_pem3.oem3 (.const:ti_sysbios_knl_Mailbox_Object__count__C)

.const:ti_sysbios_knl_Mailbox_Object__table__C 
*          0    000004d0    00000004     
                  000004d0    00000004     labra_pem3.oem3 (.const:ti_sysbios_knl_Mailbox_Object__table__C)

.const:ti_sysbios_knl_Queue_Object__count__C 
*          0    000004d4    00000004     
                  000004d4    00000004     labra_pem3.oem3 (.const:ti_sysbios_knl_Queue_Object__count__C)

.const:ti_sysbios_knl_Queue_Object__table__C 
*          0    000004d8    00000004     
                  000004d8    00000004     labra_pem3.oem3 (.const:ti_sysbios_knl_Queue_Object__table__C)

.const:ti_sysbios_knl_Swi_Object__count__C 
*          0    000004dc    00000004     
                  000004dc    00000004     labra_pem3.oem3 (.const:ti_sysbios_knl_Swi_Object__count__C)

.const:ti_sysbios_knl_Swi_Object__table__C 
*          0    000004e0    00000004     
                  000004e0    00000004     labra_pem3.oem3 (.const:ti_sysbios_knl_Swi_Object__table__C)

.const:ti_sysbios_knl_Swi_numPriorities__C 
*          0    000004e4    00000004     
                  000004e4    00000004     labra_pem3.oem3 (.const:ti_sysbios_knl_Swi_numPriorities__C)

.const:ti_sysbios_knl_Task_Object__count__C 
*          0    000004e8    00000004     
                  000004e8    00000004     labra_pem3.oem3 (.const:ti_sysbios_knl_Task_Object__count__C)

.const:ti_sysbios_knl_Task_Object__table__C 
*          0    000004ec    00000004     
                  000004ec    00000004     labra_pem3.oem3 (.const:ti_sysbios_knl_Task_Object__table__C)

.const:ti_sysbios_knl_Task_allBlockedFunc__C 
*          0    000004f0    00000004     
                  000004f0    00000004     labra_pem3.oem3 (.const:ti_sysbios_knl_Task_allBlockedFunc__C)

.const:ti_sysbios_knl_Task_defaultStackHeap__C 
*          0    000004f4    00000004     
                  000004f4    00000004     labra_pem3.oem3 (.const:ti_sysbios_knl_Task_defaultStackHeap__C)

.const:ti_sysbios_knl_Task_defaultStackSize__C 
*          0    000004f8    00000004     
                  000004f8    00000004     labra_pem3.oem3 (.const:ti_sysbios_knl_Task_defaultStackSize__C)

.const:ti_sysbios_knl_Task_numConstructedTasks__C 
*          0    000004fc    00000004     
                  000004fc    00000004     labra_pem3.oem3 (.const:ti_sysbios_knl_Task_numConstructedTasks__C)

.const:ti_sysbios_family_arm_cc26xx_Timer_Module__id__C 
*          0    00000502    00000002     
                  00000502    00000002     labra_pem3.oem3 (.const:ti_sysbios_family_arm_cc26xx_Timer_Module__id__C)

.const:ti_sysbios_family_arm_cc26xx_TimestampProvider_useClockTimer__C 
*          0    00000504    00000002     
                  00000504    00000002     labra_pem3.oem3 (.const:ti_sysbios_family_arm_cc26xx_TimestampProvider_useClockTimer__C)

.const:ti_sysbios_family_arm_m3_Hwi_Module__id__C 
*          0    00000506    00000002     
                  00000506    00000002     labra_pem3.oem3 (.const:ti_sysbios_family_arm_m3_Hwi_Module__id__C)

.const:ti_sysbios_gates_GateHwi_Module__id__C 
*          0    00000508    00000002     
                  00000508    00000002     labra_pem3.oem3 (.const:ti_sysbios_gates_GateHwi_Module__id__C)

.const:ti_sysbios_gates_GateMutex_Module__id__C 
*          0    0000050a    00000002     
                  0000050a    00000002     labra_pem3.oem3 (.const:ti_sysbios_gates_GateMutex_Module__id__C)

.const:ti_sysbios_heaps_HeapMem_Module__id__C 
*          0    0000050c    00000002     
                  0000050c    00000002     labra_pem3.oem3 (.const:ti_sysbios_heaps_HeapMem_Module__id__C)

.const:ti_sysbios_knl_Task_initStackFlag__C 
*          0    0000050e    00000002     
                  0000050e    00000002     labra_pem3.oem3 (.const:ti_sysbios_knl_Task_initStackFlag__C)

.const:ti_sysbios_knl_Clock_tickMode__C 
*          0    00000510    00000001     
                  00000510    00000001     labra_pem3.oem3 (.const:ti_sysbios_knl_Clock_tickMode__C)

.const:xdc_runtime_Startup_firstFxns__C 
*          0    00000514    00000008     
                  00000514    00000008     labra_pem3.oem3 (.const:xdc_runtime_Startup_firstFxns__C)

.const:xdc_runtime_Startup_lastFxns__C 
*          0    0000051c    00000008     
                  0000051c    00000008     labra_pem3.oem3 (.const:xdc_runtime_Startup_lastFxns__C)

.const:xdc_runtime_Assert_E_assertFailed__C 
*          0    00000524    00000004     
                  00000524    00000004     labra_pem3.oem3 (.const:xdc_runtime_Assert_E_assertFailed__C)

.const:xdc_runtime_Error_E_memory__C 
*          0    00000528    00000004     
                  00000528    00000004     labra_pem3.oem3 (.const:xdc_runtime_Error_E_memory__C)

.const:xdc_runtime_Error_policyFxn__C 
*          0    0000052c    00000004     
                  0000052c    00000004     labra_pem3.oem3 (.const:xdc_runtime_Error_policyFxn__C)

.const:xdc_runtime_IGateProvider_Interface__BASE__C 
*          0    00000530    00000004     
                  00000530    00000004     labra_pem3.oem3 (.const:xdc_runtime_IGateProvider_Interface__BASE__C)

.const:xdc_runtime_IHeap_Interface__BASE__C 
*          0    00000534    00000004     
                  00000534    00000004     labra_pem3.oem3 (.const:xdc_runtime_IHeap_Interface__BASE__C)

.const:xdc_runtime_IModule_Interface__BASE__C 
*          0    00000538    00000004     
                  00000538    00000004     labra_pem3.oem3 (.const:xdc_runtime_IModule_Interface__BASE__C)

.const:xdc_runtime_Main_Module__diagsEnabled__C 
*          0    0000053c    00000004     
                  0000053c    00000004     labra_pem3.oem3 (.const:xdc_runtime_Main_Module__diagsEnabled__C)

.const:xdc_runtime_Main_Module__diagsIncluded__C 
*          0    00000540    00000004     
                  00000540    00000004     labra_pem3.oem3 (.const:xdc_runtime_Main_Module__diagsIncluded__C)

.const:xdc_runtime_Main_Module__diagsMask__C 
*          0    00000544    00000004     
                  00000544    00000004     labra_pem3.oem3 (.const:xdc_runtime_Main_Module__diagsMask__C)

.const:xdc_runtime_Memory_defaultHeapInstance__C 
*          0    00000548    00000004     
                  00000548    00000004     labra_pem3.oem3 (.const:xdc_runtime_Memory_defaultHeapInstance__C)

.const:xdc_runtime_Startup_execImpl__C 
*          0    0000054c    00000004     
                  0000054c    00000004     labra_pem3.oem3 (.const:xdc_runtime_Startup_execImpl__C)

.const:xdc_runtime_Startup_maxPasses__C 
*          0    00000550    00000004     
                  00000550    00000004     labra_pem3.oem3 (.const:xdc_runtime_Startup_maxPasses__C)

.const:xdc_runtime_Startup_sfxnRts__C 
*          0    00000554    00000004     
                  00000554    00000004     labra_pem3.oem3 (.const:xdc_runtime_Startup_sfxnRts__C)

.const:xdc_runtime_Startup_sfxnTab__C 
*          0    00000558    00000004     
                  00000558    00000004     labra_pem3.oem3 (.const:xdc_runtime_Startup_sfxnTab__C)

.const:xdc_runtime_Startup_startModsFxn__C 
*          0    0000055c    00000004     
                  0000055c    00000004     labra_pem3.oem3 (.const:xdc_runtime_Startup_startModsFxn__C)

.const:xdc_runtime_SysCallback_abortFxn__C 
*          0    00000560    00000004     
                  00000560    00000004     labra_pem3.oem3 (.const:xdc_runtime_SysCallback_abortFxn__C)

.const:xdc_runtime_SysCallback_exitFxn__C 
*          0    00000564    00000004     
                  00000564    00000004     labra_pem3.oem3 (.const:xdc_runtime_SysCallback_exitFxn__C)

.const:xdc_runtime_System_abortFxn__C 
*          0    00000568    00000004     
                  00000568    00000004     labra_pem3.oem3 (.const:xdc_runtime_System_abortFxn__C)

.const:xdc_runtime_System_exitFxn__C 
*          0    0000056c    00000004     
                  0000056c    00000004     labra_pem3.oem3 (.const:xdc_runtime_System_exitFxn__C)

.const:xdc_runtime_System_maxAtexitHandlers__C 
*          0    00000570    00000004     
                  00000570    00000004     labra_pem3.oem3 (.const:xdc_runtime_System_maxAtexitHandlers__C)

.const:xdc_runtime_Text_charTab__C 
*          0    00000574    00000004     
                  00000574    00000004     labra_pem3.oem3 (.const:xdc_runtime_Text_charTab__C)

.const:xdc_runtime_Text_nameEmpty__C 
*          0    00000578    00000004     
                  00000578    00000004     labra_pem3.oem3 (.const:xdc_runtime_Text_nameEmpty__C)

.const:xdc_runtime_Text_nameStatic__C 
*          0    0000057c    00000004     
                  0000057c    00000004     labra_pem3.oem3 (.const:xdc_runtime_Text_nameStatic__C)

.const:xdc_runtime_Text_nameUnknown__C 
*          0    00000580    00000004     
                  00000580    00000004     labra_pem3.oem3 (.const:xdc_runtime_Text_nameUnknown__C)

.const:xdc_runtime_Main_Module__id__C 
*          0    00000584    00000002     
                  00000584    00000002     labra_pem3.oem3 (.const:xdc_runtime_Main_Module__id__C)

.const:xdc_runtime_Memory_Module__id__C 
*          0    00000586    00000002     
                  00000586    00000002     labra_pem3.oem3 (.const:xdc_runtime_Memory_Module__id__C)

.const:xdc_runtime_Text_charCnt__C 
*          0    00000588    00000002     
                  00000588    00000002     labra_pem3.oem3 (.const:xdc_runtime_Text_charCnt__C)

.const:xdc_runtime_Text_isLoaded__C 
*          0    0000058a    00000002     
                  0000058a    00000002     labra_pem3.oem3 (.const:xdc_runtime_Text_isLoaded__C)

.const:xdc_runtime_Error_policy__C 
*          0    0000058c    00000001     
                  0000058c    00000001     labra_pem3.oem3 (.const:xdc_runtime_Error_policy__C)

.const:ti_sysbios_rom_ROM_AONRTCChannelEnable 
*          0    00000590    00000004     
                  00000590    00000004     labra_pem3.oem3 (.const:ti_sysbios_rom_ROM_AONRTCChannelEnable)

.const:ti_sysbios_rom_ROM_AONRTCCompareValueSet 
*          0    00000594    00000004     
                  00000594    00000004     labra_pem3.oem3 (.const:ti_sysbios_rom_ROM_AONRTCCompareValueSet)

.const:ti_sysbios_rom_ROM_AONRTCCurrentCompareValueGet 
*          0    00000598    00000004     
                  00000598    00000004     labra_pem3.oem3 (.const:ti_sysbios_rom_ROM_AONRTCCurrentCompareValueGet)

.const:ti_sysbios_rom_ROM_AONRTCEventClear 
*          0    0000059c    00000004     
                  0000059c    00000004     labra_pem3.oem3 (.const:ti_sysbios_rom_ROM_AONRTCEventClear)

.const:ti_sysbios_rom_ROM_ti_sysbios_family_arm_cc26xx_Timer_getCount64__E 
*          0    000005a0    00000004     
                  000005a0    00000004     labra_pem3.oem3 (.const:ti_sysbios_rom_ROM_ti_sysbios_family_arm_cc26xx_Timer_getCount64__E)

.const:ti_sysbios_rom_ROM_ti_sysbios_family_arm_cc26xx_Timer_getCurrentTick__E 
*          0    000005a4    00000004     
                  000005a4    00000004     labra_pem3.oem3 (.const:ti_sysbios_rom_ROM_ti_sysbios_family_arm_cc26xx_Timer_getCurrentTick__E)

.const:ti_sysbios_rom_ROM_ti_sysbios_family_arm_cc26xx_Timer_getMaxTicks__E 
*          0    000005a8    00000004     
                  000005a8    00000004     labra_pem3.oem3 (.const:ti_sysbios_rom_ROM_ti_sysbios_family_arm_cc26xx_Timer_getMaxTicks__E)

.const:ti_sysbios_rom_ROM_ti_sysbios_family_arm_cc26xx_Timer_initDevice__I 
*          0    000005ac    00000004     
                  000005ac    00000004     labra_pem3.oem3 (.const:ti_sysbios_rom_ROM_ti_sysbios_family_arm_cc26xx_Timer_initDevice__I)

.const:ti_sysbios_rom_ROM_ti_sysbios_family_arm_cc26xx_Timer_setNextTick__E 
*          0    000005b0    00000004     
                  000005b0    00000004     labra_pem3.oem3 (.const:ti_sysbios_rom_ROM_ti_sysbios_family_arm_cc26xx_Timer_setNextTick__E)

.const:ti_sysbios_rom_ROM_ti_sysbios_family_arm_cc26xx_Timer_setThreshold__I 
*          0    000005b4    00000004     
                  000005b4    00000004     labra_pem3.oem3 (.const:ti_sysbios_rom_ROM_ti_sysbios_family_arm_cc26xx_Timer_setThreshold__I)

.const:ti_sysbios_rom_ROM_ti_sysbios_family_arm_cc26xx_Timer_start__E 
*          0    000005b8    00000004     
                  000005b8    00000004     labra_pem3.oem3 (.const:ti_sysbios_rom_ROM_ti_sysbios_family_arm_cc26xx_Timer_start__E)

.const:ti_sysbios_rom_ROM_ti_sysbios_family_arm_cc26xx_TimestampProvider_get32__E 
*          0    000005bc    00000004     
                  000005bc    00000004     labra_pem3.oem3 (.const:ti_sysbios_rom_ROM_ti_sysbios_family_arm_cc26xx_TimestampProvider_get32__E)

.const:ti_sysbios_rom_ROM_xdc_runtime_Startup_getState__I 
*          0    000005c0    00000004     
                  000005c0    00000004     labra_pem3.oem3 (.const:ti_sysbios_rom_ROM_xdc_runtime_Startup_getState__I)

.const:ti_sysbios_rom_ROM_xdc_runtime_System_SupportProxy_abort__E 
*          0    000005c4    00000004     
                  000005c4    00000004     labra_pem3.oem3 (.const:ti_sysbios_rom_ROM_xdc_runtime_System_SupportProxy_abort__E)

.const:ti_sysbios_rom_ROM_xdc_runtime_System_SupportProxy_exit__E 
*          0    000005c8    00000004     
                  000005c8    00000004     labra_pem3.oem3 (.const:ti_sysbios_rom_ROM_xdc_runtime_System_SupportProxy_exit__E)

.const:ti_sysbios_gates_GateMutex_Instance_State_sem__O 
*          0    000005cc    00000004     
                  000005cc    00000004     labra_pem3.oem3 (.const:ti_sysbios_gates_GateMutex_Instance_State_sem__O)

.const:ti_sysbios_knl_Clock_Module_State_clockQ__O 
*          0    000005d0    00000004     
                  000005d0    00000004     labra_pem3.oem3 (.const:ti_sysbios_knl_Clock_Module_State_clockQ__O)

.const:ti_sysbios_knl_Mailbox_Instance_State_dataQue__O 
*          0    000005d4    00000004     
                  000005d4    00000004     labra_pem3.oem3 (.const:ti_sysbios_knl_Mailbox_Instance_State_dataQue__O)

.const:ti_sysbios_knl_Mailbox_Instance_State_dataSem__O 
*          0    000005d8    00000004     
                  000005d8    00000004     labra_pem3.oem3 (.const:ti_sysbios_knl_Mailbox_Instance_State_dataSem__O)

.const:ti_sysbios_knl_Mailbox_Instance_State_freeQue__O 
*          0    000005dc    00000004     
                  000005dc    00000004     labra_pem3.oem3 (.const:ti_sysbios_knl_Mailbox_Instance_State_freeQue__O)

.const:ti_sysbios_knl_Mailbox_Instance_State_freeSem__O 
*          0    000005e0    00000004     
                  000005e0    00000004     labra_pem3.oem3 (.const:ti_sysbios_knl_Mailbox_Instance_State_freeSem__O)

.const:ti_sysbios_knl_Semaphore_Instance_State_pendQ__O 
*          0    000005e4    00000004     
                  000005e4    00000004     labra_pem3.oem3 (.const:ti_sysbios_knl_Semaphore_Instance_State_pendQ__O)

.const:ti_sysbios_knl_Task_Module_State_inactiveQ__O 
*          0    000005e8    00000004     
                  000005e8    00000004     labra_pem3.oem3 (.const:ti_sysbios_knl_Task_Module_State_inactiveQ__O)

.vecs      0    20000000    000000c8     UNINITIALIZED
                  20000000    000000c8     labra_pem3.oem3 (.vecs)

.data:ti_sysbios_knl_Task_Module__state__V 
*          0    20000100    00000044     UNINITIALIZED
                  20000100    00000044     labra_pem3.oem3 (.data:ti_sysbios_knl_Task_Module__state__V)

.data:ti_sysbios_family_arm_m3_Hwi_Module__state__V 
*          0    20000144    00000034     UNINITIALIZED
                  20000144    00000034     labra_pem3.oem3 (.data:ti_sysbios_family_arm_m3_Hwi_Module__state__V)

.data:ti_sysbios_knl_Clock_Module__state__V 
*          0    20000178    0000002c     UNINITIALIZED
                  20000178    0000002c     labra_pem3.oem3 (.data:ti_sysbios_knl_Clock_Module__state__V)

.data:ti_sysbios_BIOS_Module__state__V 
*          0    200001a4    00000024     UNINITIALIZED
                  200001a4    00000024     labra_pem3.oem3 (.data:ti_sysbios_BIOS_Module__state__V)

.data:ti_sysbios_knl_Swi_Module__state__V 
*          0    200001c8    0000001c     UNINITIALIZED
                  200001c8    0000001c     labra_pem3.oem3 (.data:ti_sysbios_knl_Swi_Module__state__V)

.data:ti_sysbios_family_arm_cc26xx_Timer_Module__state__V 
*          0    200001e4    00000008     UNINITIALIZED
                  200001e4    00000008     labra_pem3.oem3 (.data:ti_sysbios_family_arm_cc26xx_Timer_Module__state__V)

.data:ti_sysbios_family_arm_cc26xx_TimestampProvider_Module__state__V 
*          0    200001ec    00000004     UNINITIALIZED
                  200001ec    00000004     labra_pem3.oem3 (.data:ti_sysbios_family_arm_cc26xx_TimestampProvider_Module__state__V)

.data:xdc_runtime_Startup_Module__state__V 
*          0    200001f0    00000008     UNINITIALIZED
                  200001f0    00000008     labra_pem3.oem3 (.data:xdc_runtime_Startup_Module__state__V)

.data:xdc_runtime_System_Module__state__V 
*          0    200001f8    00000008     UNINITIALIZED
                  200001f8    00000008     labra_pem3.oem3 (.data:xdc_runtime_System_Module__state__V)

[...]
1001c1d9  ti_sysbios_knl_Task_Params__init__S                                       
1001c1e5  ti_sysbios_knl_Task_self__E                                               
1001c1f1  ti_sysbios_hal_Hwi_Instance_finalize__E                                   
1001c1fb  ti_sysbios_family_arm_m3_Hwi_doSwiRestore__I                              
1001c203  ti_sysbios_family_arm_m3_Hwi_startup__E                                   
1001c20b  ti_sysbios_knl_Idle_loop__E                                               
1001c213  ti_sysbios_family_arm_m3_Hwi_doTaskRestore__I                             
1001c219  ti_sysbios_family_arm_m3_Hwi_restoreFxn__E                                
1001c21f  ti_sysbios_gates_GateHwi_leave__E                                         
1001c22b  ti_sysbios_knl_Queue_Instance_init__E                                     
1001c231  ti_sysbios_knl_Queue_elemClear__E                                         
1001c237  ti_sysbios_knl_Swi_Module_startup__E                                      
1001c23d  ti_sysbios_knl_Swi_startup__E                                             
1001c243  ti_sysbios_knl_Task_enable__E                                             
1001c249  ti_sysbios_BIOS_RtsGateProxy_enter__E                                     
1001c24d  ti_sysbios_BIOS_RtsGateProxy_leave__E                                     
1001c251  ti_sysbios_family_arm_cc26xx_Timer_getExpiredTicks__E                     
1001c255  ti_sysbios_family_arm_cc26xx_Timer_getPeriod__E                           
1001c259  ti_sysbios_family_arm_cc26xx_Timer_setPeriod__E                           
1001c25d  ti_sysbios_family_arm_m3_Hwi_delete                                       
1001c261  ti_sysbios_family_arm_m3_Hwi_destruct                                     
1001c265  ti_sysbios_family_arm_m3_TaskSupport_Module__startupDone__S               
1001c269  ti_sysbios_gates_GateHwi_query__E                                         
1001c269  xdc_runtime_System_Module_GateProxy_query__E                              
1001c26d  ti_sysbios_gates_GateMutex_delete                                         
1001c271  ti_sysbios_gates_GateMutex_destruct                                       
1001c275  ti_sysbios_BIOS_RtsGateProxy_query__E                                     
1001c275  ti_sysbios_gates_GateMutex_query__E                                       
1001c275  ti_sysbios_heaps_HeapMem_Module_GateProxy_query__E                        
1001c279  ti_sysbios_hal_Hwi_HwiProxy_Module__startupDone__S                        
1001c27d  ti_sysbios_hal_Hwi_HwiProxy_delete                                        
1001c281  ti_sysbios_hal_Hwi_HwiProxy_disableInterrupt__E                           
1001c281  ti_sysbios_hal_Hwi_disableInterrupt__E                                    
1001c285  ti_sysbios_hal_Hwi_HwiProxy_enableInterrupt__E                            
1001c285  ti_sysbios_hal_Hwi_enableInterrupt__E                                     
1001c289  ti_sysbios_hal_Hwi_HwiProxy_getStackInfo__E                               
1001c289  ti_sysbios_hal_Hwi_getStackInfo__E                                        
1001c28d  ti_sysbios_hal_Hwi_HwiProxy_startup__E                                    
1001c28d  ti_sysbios_hal_Hwi_startup__E                                             
1001c291  ti_sysbios_hal_Hwi_HwiProxy_switchFromBootStack__E                        
1001c295  ti_sysbios_hal_Hwi_delete                                                 
1001c299  ti_sysbios_hal_Hwi_switchFromBootStack__E                                 
1001c29d  ti_sysbios_heaps_HeapMem_Module_GateProxy_enter__E                        
1001c2a1  ti_sysbios_heaps_HeapMem_Module_GateProxy_leave__E                        
1001c2a5  ti_sysbios_heaps_HeapMem_isBlocking__E                                    
1001c2a9  ti_sysbios_knl_Clock_TimerProxy_Module__startupDone__S                    
1001c2ad  ti_sysbios_knl_Clock_TimerProxy_getExpiredTicks__E                        
1001c2b1  ti_sysbios_knl_Clock_TimerProxy_getPeriod__E                              
1001c2b5  ti_sysbios_knl_Clock_delete                                               
1001c2b9  ti_sysbios_knl_Clock_destruct                                             
1001c2bd  ti_sysbios_knl_Clock_removeI__E                                           
1001c2c1  ti_sysbios_knl_Clock_setTimeout__E                                        
1001c2c5  ti_sysbios_knl_Mailbox_delete                                             
1001c2c9  ti_sysbios_knl_Mailbox_destruct                                           
1001c2cd  ti_sysbios_knl_Queue_delete                                               
1001c2d1  ti_sysbios_knl_Queue_destruct                                             
1001c2d5  ti_sysbios_knl_Queue_head__E                                              
1001c2d9  ti_sysbios_knl_Queue_next__E                                              
1001c2dd  ti_sysbios_knl_Semaphore_delete                                           
1001c2e1  ti_sysbios_knl_Semaphore_destruct                                         
1001c2e5  ti_sysbios_knl_Swi_delete                                                 
1001c2e9  ti_sysbios_knl_Swi_destruct                                               
1001c2ed  ti_sysbios_knl_Swi_postInit__I                                            
1001c2f1  ti_sysbios_knl_Task_SupportProxy_Module__startupDone__S                   
1001c2f5  ti_sysbios_knl_Task_SupportProxy_getStackAlignment__E                     
1001c2f9  ti_sysbios_knl_Task_SupportProxy_start__E                                 
1001c2fd  ti_sysbios_knl_Task_SupportProxy_swap__E                                  
1001c301  ti_sysbios_knl_Task_delete                                                
1001c305  ti_sysbios_knl_Task_destruct                                              
1001c309  ti_sysbios_knl_Task_startup__E                                            
1001c30d  xdc_runtime_Startup_startMods__I                                          
1001c405  xdc_runtime_Core_createObject__I                                          
1001c487  xdc_runtime_Error_policySpin__E                                           
1001c489  xdc_runtime_Memory_alloc__E                                               
1001c4f9  xdc_runtime_Core_deleteObject__I                                          
1001c559  xdc_runtime_Startup_exec__E                                               
1001c5a9  xdc_runtime_Assert_raise__I                                               
1001c5f1  xdc_runtime_Core_assignParams__I                                          
1001c639  xdc_runtime_Core_constructObject__I                                       
1001c681  xdc_runtime_System_atexit__E                                              
1001c6b9  xdc_runtime_System_processAtExit__E                                       
1001c6ed  xdc_runtime_Core_assignLabel__I                                           
1001c71d  xdc_runtime_Text_cordText__E                                              
1001c749  xdc_runtime_System_abort__E                                               
1001c769  xdc_runtime_Error_raiseX__E                                               
1001c785  xdc_runtime_Memory_valloc__E                                              
1001c7a1  xdc_runtime_Core_destructObject__I                                        
1001c7b9  xdc_runtime_Error_check__E                                                
1001c7d1  xdc_runtime_System_exit__E                                                
1001c7e9  xdc_runtime_Text_ropeText__E                                              
1001c801  xdc_runtime_Memory_free__E                                                
1001c811  xdc_runtime_SysCallback_abort__E                                          
1001c821  xdc_runtime_SysCallback_exit__E                                           
1001c831  xdc_runtime_Timestamp_SupportProxy_get32__E                               
1001c831  xdc_runtime_Timestamp_get32__E                                            
1001c841  xdc_runtime_Error_init__E                                                 
1001c84d  xdc_runtime_Memory_calloc__E                                              
1001c859  xdc_runtime_Memory_getMaxDefaultTypeAlign__E                              
1001c879  xdc_runtime_Gate_leaveSystem__E                                           
1001c87f  xdc_runtime_System_Module_startup__E                                      
1001c885  xdc_runtime_Gate_enterSystem__E                                           
1001c889  xdc_runtime_Memory_HeapProxy_alloc__E                                     
1001c88d  xdc_runtime_Memory_HeapProxy_free__E                                      
1001c891  xdc_runtime_System_Module_GateProxy_enter__E                              
1001c895  xdc_runtime_System_Module_GateProxy_leave__E                              
1001c899  xdc_runtime_System_abortSpin__E                                           
1001c89b  xdc_runtime_System_exitSpin__E                                            
1001c89d  ti_sysbios_family_arm_m3_Hwi_dispatch__I                                  
1001c96d  ti_sysbios_family_arm_m3_TaskSupport_buildTaskStack                       
1001c9b9  ti_sysbios_family_arm_m3_Hwi_initStacks__E                                
1001ca01  ti_sysbios_family_arm_m3_Hwi_excHandlerAsm__I                             
1001ca21  ti_sysbios_family_xxx_Hwi_switchAndRunFunc                                
1001ca3f  ti_sysbios_family_arm_m3_Hwi_pendSV__I                                    
1001ca57  ti_sysbios_family_arm_m3_Hwi_return                                       
1001ca59  ti_sysbios_family_arm_m3_TaskSupport_glue                                 
1001ca69  ti_sysbios_family_arm_m3_TaskSupport_swap__E                              
1001ca71  ti_sysbios_knl_Task_swapReturn                                            
1001ca9b  ti_sysbios_rom_cortexm_cc26xx_CC26xx_getRevision__E                       
20000000  ti_sysbios_family_arm_m3_Hwi_ramVectors                                   
20000100  ti_sysbios_knl_Task_Module__state__V                                      
20000144  ti_sysbios_family_arm_m3_Hwi_Module__state__V                             
20000178  ti_sysbios_knl_Clock_Module__state__V                                     
200001a4  ti_sysbios_BIOS_Module__state__V                                          
200001c8  ti_sysbios_knl_Swi_Module__state__V                                       
200001e4  ti_sysbios_family_arm_cc26xx_Timer_Module__state__V                       
200001ec  ti_sysbios_family_arm_cc26xx_TimestampProvider_Module__state__V           
200001f0  xdc_runtime_Startup_Module__state__V                                      
200001f8  xdc_runtime_System_Module__state__V                                       
20000200  xdc_runtime_Memory_Module__state__V                                       
20000208  labTaskStack                                                              
20000a08  ti_sysbios_heaps_HeapMem_Instance_State_0_buf__A                          
20000e08  ti_sysbios_knl_Task_Instance_State_0_stack__A                             
20001008  __CIOBUF_                                                                 
20001128  uartCC26XXObjects                                                         
2000123c  i2cCC26xxObjects                                                          
2000131c  ti_sysbios_family_arm_m3_Hwi_dispatchTable                                
20001464  xdc_runtime_SysMin_Module_State_0_outbuf__A                               
200014e4  PIN_HandleTable                                                           
200015b4  displayUartObject                                                         
2000160c  SelfTest                                                                  
20001678  PIN_NumPins                                                               
2000167c  aRes                                                                      
20001680  gRes                                                                      
20001684  i2c                                                                       
2000168c  driverlib_release_0_46593                                                 
20001690  PowerCC26XX_module                                                        
200017a0  ti_sysbios_knl_Task_Object__table__V                                      
200017f0  ti_sysbios_family_arm_cc26xx_Timer_Object__table__V                       
20001838  ti_sysbios_gates_GateMutex_Object__table__V                               
20001870  ti_sysbios_knl_Swi_Module_State_0_readyQ__A                               
200018a0  ti_sysbios_knl_Swi_Object__table__V                                       
200018d0  ti_sysbios_knl_Clock_Object__table__V                                     
200018f0  ti_sysbios_knl_Task_Module_State_0_readyQ__A                              
20001910  ti_sysbios_family_arm_m3_Hwi_Object__table__V                             
20001928  ti_sysbios_heaps_HeapMem_Object__table__V                                 
20001940  accelBias                                                                 
2000194c  gyroBias                                                                  
20001958  xdc_runtime_SysMin_Module__state__V                                       
20001964  _lock                                                                     
20001968  _unlock                                                                   
20001974  buttonConfig                                                              
2000197c  ledConfig                                                                 
20001984  ti_sysbios_family_arm_m3_Hwi_Module__root__V                              
2000198c  ti_sysbios_gates_GateHwi_Module__root__V                                  
20001994  ti_sysbios_gates_GateMutex_Module__root__V                                
2000199c  ti_sysbios_hal_Hwi_Module__root__V                                        
200019a4  ti_sysbios_heaps_HeapMem_Module__root__V                                  
200019ac  ti_sysbios_knl_Clock_Module__root__V                                      
200019b4  ti_sysbios_knl_Mailbox_Module__root__V                                    
200019bc  ti_sysbios_knl_Queue_Module__root__V                                      
200019c4  ti_sysbios_knl_Semaphore_Module__root__V                                  
200019cc  ti_sysbios_knl_Swi_Module__root__V                                        
200019d4  ti_sysbios_knl_Task_Module__root__V                                       
200019dc  xdc_runtime_Registry_Module__state__V                                     
200019e4  xdc_runtime_System_Module_State_0_atexitHandlers__A                       
200019f0  errno                                                                     
200019f4  main_func_sp                                                              
200019f8  ti_sysbios_family_arm_m3_Hwi_Module_State_0_excContext__A                 
200019fc  ti_sysbios_family_arm_m3_Hwi_Module_State_0_excStack__A                   
20001a00  ti_sysbios_knl_Task_Module_State_0_idleTask__A                            
20001a04  Gscale                                                                    
20001a05  Ascale                                                                    
20001a06  ti_sysbios_family_arm_m3_Hwi_Module_State_0_excActive__A                  
20004d00  __stack                                                                   
20005000  __STACK_END                                                               
e000e000  ti_sysbios_family_arm_m3_Hwi_nvic                                         
ffffffff  __TI_pprof_out_hndl                                                       
ffffffff  __TI_prof_data_size                                                       
ffffffff  __TI_prof_data_start                                                      
ffffffff  __binit__                                                                 
ffffffff  __c_args__                                                                
ffffffff  binit                                                                     
UNDEFED   HwiP_restore                                                              
UNDEFED   SHT$$INIT_ARRAY$$Base                                                     
UNDEFED   SHT$$INIT_ARRAY$$Limit                                                    
UNDEFED   ti_sysbios_BIOS_RtsGateProxy_Handle__label__S__mangled__                  
UNDEFED   ti_sysbios_BIOS_RtsGateProxy_Object__delete__S__mangled__                 
UNDEFED   ti_sysbios_BIOS_RtsGateProxy_Params__init__S__mangled__                   
UNDEFED   ti_sysbios_BIOS_RtsGateProxy_query__E__mangled__                          
UNDEFED   ti_sysbios_hal_Hwi_HwiProxy_Module__startupDone__S__mangled__             
UNDEFED   ti_sysbios_hal_Hwi_HwiProxy_Object__delete__S__mangled__                  
UNDEFED   ti_sysbios_hal_Hwi_HwiProxy_Params__init__S__mangled__                    
UNDEFED   ti_sysbios_hal_Hwi_HwiProxy_disableInterrupt__E__mangled__                
UNDEFED   ti_sysbios_hal_Hwi_HwiProxy_enableInterrupt__E__mangled__                 
UNDEFED   ti_sysbios_hal_Hwi_HwiProxy_getStackInfo__E__mangled__                    
UNDEFED   ti_sysbios_hal_Hwi_HwiProxy_startup__E__mangled__                         
UNDEFED   ti_sysbios_hal_Hwi_HwiProxy_switchFromBootStack__E__mangled__             
UNDEFED   ti_sysbios_hal_Hwi_disableInterrupt__E                                    
UNDEFED   ti_sysbios_hal_Hwi_enableInterrupt__E                                     
UNDEFED   ti_sysbios_hal_Hwi_getStackInfo__E                                        
UNDEFED   ti_sysbios_hal_Hwi_startup__E                                             
UNDEFED   ti_sysbios_hal_Hwi_switchFromBootStack__E                                 
UNDEFED   ti_sysbios_heaps_HeapMem_Module_GateProxy_Handle__label__S__mangled__     
UNDEFED   ti_sysbios_heaps_HeapMem_Module_GateProxy_Object__delete__S__mangled__    
UNDEFED   ti_sysbios_heaps_HeapMem_Module_GateProxy_Params__init__S__mangled__      
UNDEFED   ti_sysbios_heaps_HeapMem_Module_GateProxy_query__E__mangled__             
UNDEFED   ti_sysbios_knl_Clock_TimerProxy_Module__startupDone__S__mangled__         
UNDEFED   ti_sysbios_knl_Clock_TimerProxy_startup__E__mangled__                     
UNDEFED   ti_sysbios_knl_Task_SupportProxy_Module__startupDone__S__mangled__        
UNDEFED   ti_sysbios_knl_Task_SupportProxy_getStackAlignment__E__mangled__          
UNDEFED   ti_sysbios_knl_Task_SupportProxy_start__E__mangled__                      
UNDEFED   ti_sysbios_knl_Task_SupportProxy_swap__E__mangled__                       
UNDEFED   xdc_runtime_Main_Module_GateProxy_Handle__label__S                        
UNDEFED   xdc_runtime_Main_Module_GateProxy_Object__delete__S                       
UNDEFED   xdc_runtime_Main_Module_GateProxy_query__E                                
UNDEFED   xdc_runtime_Memory_HeapProxy_Handle__label__S__mangled__                  
UNDEFED   xdc_runtime_Memory_HeapProxy_Object__delete__S__mangled__                 
UNDEFED   xdc_runtime_System_Module_GateProxy_Handle__label__S__mangled__           
UNDEFED   xdc_runtime_System_Module_GateProxy_Object__delete__S__mangled__          
UNDEFED   xdc_runtime_System_Module_GateProxy_query__E__mangled__                   
UNDEFED   xdc_runtime_Timestamp_SupportProxy_get64__E__mangled__                    
UNDEFED   xdc_runtime_Timestamp_SupportProxy_getFreq__E__mangled__                  
UNDEFED   xdc_runtime_Timestamp_get32__E                                            
UNDEFED   xdc_runtime_Timestamp_get64__E                                            
UNDEFED   xdc_runtime_Timestamp_getFreq__E                                          

[846 symbols]
